Archive member included to satisfy reference by file (symbol)

/usr/local/mcuxpressoide-11.4.1_6260/ide/plugins/com.nxp.mcuxpresso.tools.linux_11.4.0.202103011116/tools/bin/../lib/gcc/arm-none-eabi/10.2.1/../../../../arm-none-eabi/lib/thumb/v6-m/nofp/libcr_nohost_nf.a(_cr__main.o)
                              ./src/cr_startup_lpc84x.o (__main)
/usr/local/mcuxpressoide-11.4.1_6260/ide/plugins/com.nxp.mcuxpresso.tools.linux_11.4.0.202103011116/tools/bin/../lib/gcc/arm-none-eabi/10.2.1/../../../../arm-none-eabi/lib/thumb/v6-m/nofp/libcr_nohost_nf.a(_cr_assert.o)
                              ./src/DR_SYSCON.o (__assertion_failed)
/usr/local/mcuxpressoide-11.4.1_6260/ide/plugins/com.nxp.mcuxpresso.tools.linux_11.4.0.202103011116/tools/bin/../lib/gcc/arm-none-eabi/10.2.1/../../../../arm-none-eabi/lib/thumb/v6-m/nofp/libcr_nohost_nf.a(__ciob.o)
                              /usr/local/mcuxpressoide-11.4.1_6260/ide/plugins/com.nxp.mcuxpresso.tools.linux_11.4.0.202103011116/tools/bin/../lib/gcc/arm-none-eabi/10.2.1/../../../../arm-none-eabi/lib/thumb/v6-m/nofp/libcr_nohost_nf.a(_cr_assert.o) (__Ciob)
/usr/local/mcuxpressoide-11.4.1_6260/ide/plugins/com.nxp.mcuxpresso.tools.linux_11.4.0.202103011116/tools/bin/../lib/gcc/arm-none-eabi/10.2.1/../../../../arm-none-eabi/lib/thumb/v6-m/nofp/libcr_nohost_nf.a(__sys_appexit.o)
                              /usr/local/mcuxpressoide-11.4.1_6260/ide/plugins/com.nxp.mcuxpresso.tools.linux_11.4.0.202103011116/tools/bin/../lib/gcc/arm-none-eabi/10.2.1/../../../../arm-none-eabi/lib/thumb/v6-m/nofp/libcr_nohost_nf.a(_cr_assert.o) (__sys_appexit)
/usr/local/mcuxpressoide-11.4.1_6260/ide/plugins/com.nxp.mcuxpresso.tools.linux_11.4.0.202103011116/tools/bin/../lib/gcc/arm-none-eabi/10.2.1/../../../../arm-none-eabi/lib/thumb/v6-m/nofp/libcr_c.a(memcpy.o)
                              ./src/AP_Serial.o (memcpy)
/usr/local/mcuxpressoide-11.4.1_6260/ide/plugins/com.nxp.mcuxpresso.tools.linux_11.4.0.202103011116/tools/bin/../lib/gcc/arm-none-eabi/10.2.1/../../../../arm-none-eabi/lib/thumb/v6-m/nofp/libcr_c.a(memset.o)
                              ./FatFs/ff.o (memset)
/usr/local/mcuxpressoide-11.4.1_6260/ide/plugins/com.nxp.mcuxpresso.tools.linux_11.4.0.202103011116/tools/bin/../lib/gcc/arm-none-eabi/10.2.1/../../../../arm-none-eabi/lib/thumb/v6-m/nofp/libcr_c.a(_deferredlazyseek.o)
                              /usr/local/mcuxpressoide-11.4.1_6260/ide/plugins/com.nxp.mcuxpresso.tools.linux_11.4.0.202103011116/tools/bin/../lib/gcc/arm-none-eabi/10.2.1/../../../../arm-none-eabi/lib/thumb/v6-m/nofp/libcr_nohost_nf.a(_cr_assert.o) (__flsbuf)
/usr/local/mcuxpressoide-11.4.1_6260/ide/plugins/com.nxp.mcuxpresso.tools.linux_11.4.0.202103011116/tools/bin/../lib/gcc/arm-none-eabi/10.2.1/../../../../arm-none-eabi/lib/thumb/v6-m/nofp/libcr_c.a(_fflush.o)
                              /usr/local/mcuxpressoide-11.4.1_6260/ide/plugins/com.nxp.mcuxpresso.tools.linux_11.4.0.202103011116/tools/bin/../lib/gcc/arm-none-eabi/10.2.1/../../../../arm-none-eabi/lib/thumb/v6-m/nofp/libcr_c.a(_deferredlazyseek.o) (_fflush)
/usr/local/mcuxpressoide-11.4.1_6260/ide/plugins/com.nxp.mcuxpresso.tools.linux_11.4.0.202103011116/tools/bin/../lib/gcc/arm-none-eabi/10.2.1/../../../../arm-none-eabi/lib/thumb/v6-m/nofp/libcr_c.a(_writebuf.o)
                              /usr/local/mcuxpressoide-11.4.1_6260/ide/plugins/com.nxp.mcuxpresso.tools.linux_11.4.0.202103011116/tools/bin/../lib/gcc/arm-none-eabi/10.2.1/../../../../arm-none-eabi/lib/thumb/v6-m/nofp/libcr_c.a(_deferredlazyseek.o) (_Cwritebuf)
/usr/local/mcuxpressoide-11.4.1_6260/ide/plugins/com.nxp.mcuxpresso.tools.linux_11.4.0.202103011116/tools/bin/../lib/gcc/arm-none-eabi/10.2.1/../../../../arm-none-eabi/lib/thumb/v6-m/nofp/libcr_c.a(alloc.o)
                              /usr/local/mcuxpressoide-11.4.1_6260/ide/plugins/com.nxp.mcuxpresso.tools.linux_11.4.0.202103011116/tools/bin/../lib/gcc/arm-none-eabi/10.2.1/../../../../arm-none-eabi/lib/thumb/v6-m/nofp/libcr_c.a(_deferredlazyseek.o) (_Csys_alloc)
/usr/local/mcuxpressoide-11.4.1_6260/ide/plugins/com.nxp.mcuxpresso.tools.linux_11.4.0.202103011116/tools/bin/../lib/gcc/arm-none-eabi/10.2.1/../../../../arm-none-eabi/lib/thumb/v6-m/nofp/libcr_c.a(fputs.o)
                              /usr/local/mcuxpressoide-11.4.1_6260/ide/plugins/com.nxp.mcuxpresso.tools.linux_11.4.0.202103011116/tools/bin/../lib/gcc/arm-none-eabi/10.2.1/../../../../arm-none-eabi/lib/thumb/v6-m/nofp/libcr_nohost_nf.a(_cr_assert.o) (fputs)
/usr/local/mcuxpressoide-11.4.1_6260/ide/plugins/com.nxp.mcuxpresso.tools.linux_11.4.0.202103011116/tools/bin/../lib/gcc/arm-none-eabi/10.2.1/../../../../arm-none-eabi/lib/thumb/v6-m/nofp/libcr_c.a(fseek.o)
                              /usr/local/mcuxpressoide-11.4.1_6260/ide/plugins/com.nxp.mcuxpresso.tools.linux_11.4.0.202103011116/tools/bin/../lib/gcc/arm-none-eabi/10.2.1/../../../../arm-none-eabi/lib/thumb/v6-m/nofp/libcr_c.a(_deferredlazyseek.o) (fseek)
[...]
Memory Configuration

Name             Origin             Length             Attributes
MFlash64         0x0000000000000000 0x0000000000010000 xr
RamLoc16         0x0000000010000000 0x0000000000004000 xrw
*default*        0x0000000000000000 0xffffffffffffffff

Linker script and memory map

LOAD ./src/AP_Serial.o
LOAD ./src/DR_DAC.o
LOAD ./src/DR_GPIO.o
LOAD ./src/DR_IOCON.o
LOAD ./src/DR_MRT.o
LOAD ./src/DR_NVIC.o
LOAD ./src/DR_SPI.o
LOAD ./src/DR_SWM.o
LOAD ./src/DR_SYSCON.o
LOAD ./src/DR_SYSTICK.o
LOAD ./src/DR_Timer.o
LOAD ./src/DR_USART.o
LOAD ./src/LPC845_Reproductor_WAV.o
LOAD ./src/PR_DAC.o
LOAD ./src/PR_GPIO.o
LOAD ./src/PR_IOCON.o
LOAD ./src/PR_Leds.o
LOAD ./src/PR_MMC_SD.o
LOAD ./src/PR_SPI.o
LOAD ./src/PR_SYSCON.o
LOAD ./src/PR_SYSTICK.o
LOAD ./src/PR_Timer.o
LOAD ./src/PR_USART.o
LOAD ./src/aeabi_romdiv_patch.o
LOAD ./src/cr_startup_lpc84x.o
LOAD ./src/crp.o
LOAD ./src/mtb.o
LOAD ./FatFs/diskio.o
LOAD ./FatFs/ff.o
LOAD ./FatFs/ffsystem.o
START GROUP
LOAD /usr/local/mcuxpressoide-11.4.1_6260/ide/plugins/com.nxp.mcuxpresso.tools.linux_11.4.0.202103011116/tools/bin/../lib/gcc/arm-none-eabi/10.2.1/../../../../arm-none-eabi/lib/thumb/v6-m/nofp/libcr_nohost_nf.a
LOAD /usr/local/mcuxpressoide-11.4.1_6260/ide/plugins/com.nxp.mcuxpresso.tools.linux_11.4.0.202103011116/tools/bin/../lib/gcc/arm-none-eabi/10.2.1/../../../../arm-none-eabi/lib/thumb/v6-m/nofp/libcr_c.a
LOAD /usr/local/mcuxpressoide-11.4.1_6260/ide/plugins/com.nxp.mcuxpresso.tools.linux_11.4.0.202103011116/tools/bin/../lib/gcc/arm-none-eabi/10.2.1/thumb/v6-m/nofp/libcr_eabihelpers.a
LOAD /usr/local/mcuxpressoide-11.4.1_6260/ide/plugins/com.nxp.mcuxpresso.tools.linux_11.4.0.202103011116/tools/bin/../lib/gcc/arm-none-eabi/10.2.1/thumb/v6-m/nofp/libgcc.a
END GROUP
                0x0000000000000000                __base_MFlash64 = 0x0
                0x0000000000000000                __base_Flash = 0x0
                0x0000000000010000                __top_MFlash64 = 0x10000
                0x0000000000010000                __top_Flash = 0x10000
                0x0000000010000000                __base_RamLoc16 = 0x10000000
                0x0000000010000000                __base_RAM = 0x10000000
                0x0000000010004000                __top_RamLoc16 = 0x10004000
                0x0000000010004000                __top_RAM = 0x10004000

.text           0x0000000000000000     0x5e78
 FILL mask 0xff
                0x0000000000000000                __vectors_start__ = ABSOLUTE (.)
 *(.isr_vector)
 .isr_vector    0x0000000000000000       0xc0 ./src/cr_startup_lpc84x.o
                0x0000000000000000                g_pfnVectors
                0x00000000000000c0                . = ALIGN (0x4)
                0x00000000000000c0                __section_table_start = .
                0x00000000000000c0                __data_section_table = .
                0x00000000000000c0        0x4 LONG 0x5e78 LOADADDR (.data)
                0x00000000000000c4        0x4 LONG 0x10000100 ADDR (.data)
                0x00000000000000c8        0x4 LONG 0x138 SIZEOF (.data)
                0x00000000000000cc                __data_section_table_end = .
                0x00000000000000cc                __bss_section_table = .
                0x00000000000000cc        0x4 LONG 0x10000238 ADDR (.bss)
                0x00000000000000d0        0x4 LONG 0x31b4 SIZEOF (.bss)
                0x00000000000000d4                __bss_section_table_end = .
                0x00000000000000d4                __section_table_end = .
 *(.after_vectors*)
 .after_vectors
                0x00000000000000d4      0x144 ./src/cr_startup_lpc84x.o
                0x00000000000000d4                data_init
                0x0000000000000116                bss_init
                0x000000000000014c                ResetISR
                0x00000000000001f4                NMI_Handler
                0x00000000000001fa                HardFault_Handler
                0x0000000000000200                SVC_Handler
                0x0000000000000206                PendSV_Handler
                0x0000000000000212                CMP_IRQHandler
                0x0000000000000212                PININT7_IRQHandler
                0x0000000000000212                I2C0_IRQHandler
                0x0000000000000212                WKT_IRQHandler
                0x0000000000000212                PININT2_IRQHandler
                0x0000000000000212                PININT1_IRQHandler
                0x0000000000000212                MRT_IRQHandler
                0x0000000000000212                I2C1_IRQHandler
                0x0000000000000212                ADC_SEQB_IRQHandler
                0x0000000000000212                IntDefaultHandler
                0x0000000000000212                ADC_OVR_IRQHandler
                0x0000000000000212                I2C2_IRQHandler
                0x0000000000000212                PININT3_IRQHandler
                0x0000000000000212                PININT5_IRQHandler
                0x0000000000000212                PININT4_IRQHandler
                0x0000000000000212                ADC_THCMP_IRQHandler
                0x0000000000000212                PININT0_IRQHandler
                0x0000000000000212                BOD_IRQHandler
                0x0000000000000212                I2C3_IRQHandler
                0x0000000000000212                SCT_IRQHandler
                0x0000000000000212                WDT_IRQHandler
                0x0000000000000212                ADC_SEQA_IRQHandler
                0x0000000000000212                FAIM_IRQHandler
                0x0000000000000212                DAC0_IRQHandler
                0x0000000000000212                PININT6_IRQHandler
                0x0000000000000212                DMA_IRQHandler
                0x0000000000000212                FLASH_IRQHandler
                0x0000000000000212                CTIMER0_IRQHandler
                0x00000000000002fc                . = 0x2fc
 *fill*         0x0000000000000218       0xe4 ff
                0x00000000000002fc                PROVIDE (__CRP_WORD_START__ = .)
 *(.crp)
 .crp           0x00000000000002fc        0x4 ./src/crp.o
                0x00000000000002fc                CRP_WORD
                0x0000000000000300                PROVIDE (__CRP_WORD_END__ = .)
                0x0000000000000001                ASSERT (! ((__CRP_WORD_START__ == __CRP_WORD_END__)), Linker CRP Enabled, but no CRP_WORD provided within application)
 *(.text*)
 .text.GPIO_write_set
                0x0000000000000300       0x2c ./src/DR_GPIO.o
                0x0000000000000300                GPIO_write_set
 .text.GPIO_write_toggle
                0x000000000000032c       0x2c ./src/DR_GPIO.o
                0x000000000000032c                GPIO_write_toggle
 .text.GPIO_write_dir_set
                0x0000000000000358       0x2c ./src/DR_GPIO.o
                0x0000000000000358                GPIO_write_dir_set
 .text.GPIO_write_dir_clear
                0x0000000000000384       0x2c ./src/DR_GPIO.o
                0x0000000000000384                GPIO_write_dir_clear
 .text.IOCON_init
                0x00000000000003b0       0x10 ./src/DR_IOCON.o
                0x00000000000003b0                IOCON_init
 .text.IOCON_deinit
                0x00000000000003c0       0x10 ./src/DR_IOCON.o
                0x00000000000003c0                IOCON_deinit
 .text.NVIC_enable_interrupt
                0x00000000000003d0       0x38 ./src/DR_NVIC.o
                0x00000000000003d0                NVIC_enable_interrupt
 .text.SPI_enable
                0x0000000000000408       0x2c ./src/DR_SPI.o
                0x0000000000000408                SPI_enable
 .text.SPI_set_master_mode
                0x0000000000000434       0x2c ./src/DR_SPI.o
                0x0000000000000434                SPI_set_master_mode
 .text.SPI_set_data_order_msb_first
                0x0000000000000460       0x2c ./src/DR_SPI.o
                0x0000000000000460                SPI_set_data_order_msb_first
 .text.SPI_set_cpha_change
                0x000000000000048c       0x2c ./src/DR_SPI.o
                0x000000000000048c                SPI_set_cpha_change
 .text.SPI_set_cpha_capture
                0x00000000000004b8       0x2c ./src/DR_SPI.o
                0x00000000000004b8                SPI_set_cpha_capture
 .text.SPI_set_cpol_low
                0x00000000000004e4       0x2c ./src/DR_SPI.o
                0x00000000000004e4                SPI_set_cpol_low
 .text.SPI_set_cpol_high
                0x0000000000000510       0x2c ./src/DR_SPI.o
                0x0000000000000510                SPI_set_cpol_high
 .text.SPI_set_opMode_0
                0x000000000000053c       0x28 ./src/DR_SPI.o
                0x000000000000053c                SPI_set_opMode_0
 .text.SPI_set_ssel_active_low
                0x0000000000000564       0x98 ./src/DR_SPI.o
                0x0000000000000564                SPI_set_ssel_active_low
 .text.SPI_set_ssel_active_high
                0x00000000000005fc       0x90 ./src/DR_SPI.o
                0x00000000000005fc                SPI_set_ssel_active_high
 .text.SPI_set_pre_delay
                0x000000000000068c       0x40 ./src/DR_SPI.o
                0x000000000000068c                SPI_set_pre_delay
 .text.SPI_set_post_delay
                0x00000000000006cc       0x44 ./src/DR_SPI.o
                0x00000000000006cc                SPI_set_post_delay
 .text.SPI_set_frame_delay
                0x0000000000000710       0x48 ./src/DR_SPI.o
                0x0000000000000710                SPI_set_frame_delay
 .text.SPI_set_transfer_delay
                0x0000000000000758       0x48 ./src/DR_SPI.o
                0x0000000000000758                SPI_set_transfer_delay
 .text.SPI_get_status_flag
                0x00000000000007a0       0xec ./src/DR_SPI.o
                0x00000000000007a0                SPI_get_status_flag
 .text.SPI_enable_irq_RXRDY
                0x000000000000088c       0x2c ./src/DR_SPI.o
                0x000000000000088c                SPI_enable_irq_RXRDY
 .text.SPI_enable_irq_TXRDY
                0x00000000000008b8       0x2c ./src/DR_SPI.o
                0x00000000000008b8                SPI_enable_irq_TXRDY
 .text.SPI_enable_irq_RXOV
                0x00000000000008e4       0x2c ./src/DR_SPI.o
                0x00000000000008e4                SPI_enable_irq_RXOV
 .text.SPI_enable_irq_TXUR
                0x0000000000000910       0x2c ./src/DR_SPI.o
                0x0000000000000910                SPI_enable_irq_TXUR
 .text.SPI_enable_irq_SSA
                0x000000000000093c       0x2c ./src/DR_SPI.o
                0x000000000000093c                SPI_enable_irq_SSA
 .text.SPI_enable_irq_SSD
                0x0000000000000968       0x2c ./src/DR_SPI.o
                0x0000000000000968                SPI_enable_irq_SSD
 .text.SPI_disable_irq_RXRDY
                0x0000000000000994       0x2c ./src/DR_SPI.o
                0x0000000000000994                SPI_disable_irq_RXRDY
 .text.SPI_disable_irq_TXRDY
                0x00000000000009c0       0x2c ./src/DR_SPI.o
                0x00000000000009c0                SPI_disable_irq_TXRDY
 .text.SPI_disable_irq_RXOV
                0x00000000000009ec       0x2c ./src/DR_SPI.o
                0x00000000000009ec                SPI_disable_irq_RXOV
 .text.SPI_disable_irq_TXUR
                0x0000000000000a18       0x2c ./src/DR_SPI.o
                0x0000000000000a18                SPI_disable_irq_TXUR
 .text.SPI_disable_irq_SSA
                0x0000000000000a44       0x2c ./src/DR_SPI.o
                0x0000000000000a44                SPI_disable_irq_SSA
 .text.SPI_disable_irq_SSD
                0x0000000000000a70       0x2c ./src/DR_SPI.o
                0x0000000000000a70                SPI_disable_irq_SSD
 .text.SPI_read_rx_data
                0x0000000000000a9c       0x28 ./src/DR_SPI.o
                0x0000000000000a9c                SPI_read_rx_data
 .text.SPI_select_slave
                0x0000000000000ac4      0x1e0 ./src/DR_SPI.o
                0x0000000000000ac4                SPI_select_slave
 .text.SPI_set_data_and_control
                0x0000000000000ca4       0x2c ./src/DR_SPI.o
                0x0000000000000ca4                SPI_set_data_and_control
 .text.SPI_set_clock_div
                0x0000000000000cd0       0x3c ./src/DR_SPI.o
                0x0000000000000cd0                SPI_set_clock_div
 .text.SPI_get_irq_flag_status
                0x0000000000000d0c       0xb0 ./src/DR_SPI.o
                0x0000000000000d0c                SPI_get_irq_flag_status
 .text.SWM_init
                0x0000000000000dbc       0x1c ./src/DR_SWM.o
                0x0000000000000dbc                SWM_init
 .text.SWM_deinit
                0x0000000000000dd8       0x1c ./src/DR_SWM.o
                0x0000000000000dd8                SWM_deinit
 .text.SWM_assign_uart_TXD
                0x0000000000000df4       0xf8 ./src/DR_SWM.o
                0x0000000000000df4                SWM_assign_uart_TXD
 .text.SWM_assign_uart_RXD
                0x0000000000000eec       0xf4 ./src/DR_SWM.o
                0x0000000000000eec                SWM_assign_uart_RXD
 .text.SWM_assign_spi_SCK
                0x0000000000000fe0       0x80 ./src/DR_SWM.o
                0x0000000000000fe0                SWM_assign_spi_SCK
 .text.SWM_assign_spi_MOSI
                0x0000000000001060       0x7c ./src/DR_SWM.o
                0x0000000000001060                SWM_assign_spi_MOSI
 .text.SWM_assign_spi_MISO
                0x00000000000010dc       0x84 ./src/DR_SWM.o
                0x00000000000010dc                SWM_assign_spi_MISO
 .text.SWM_assign_spi_SSEL0
                0x0000000000001160       0x88 ./src/DR_SWM.o
                0x0000000000001160                SWM_assign_spi_SSEL0
 .text.SWM_assign_spi_SSEL1
                0x00000000000011e8       0x80 ./src/DR_SWM.o
                0x00000000000011e8                SWM_assign_spi_SSEL1
 .text.SWM_assign_spi_SSEL2
                0x0000000000001268       0x54 ./src/DR_SWM.o
                0x0000000000001268                SWM_assign_spi_SSEL2
 .text.SWM_assign_spi_SSEL3
                0x00000000000012bc       0x5c ./src/DR_SWM.o
                0x00000000000012bc                SWM_assign_spi_SSEL3
 .text.SYSCON_set_fro_direct
                0x0000000000001318       0x30 ./src/DR_SYSCON.o
                0x0000000000001318                SYSCON_set_fro_direct
 .text.SYSCON_clear_fro_direct
                0x0000000000001348       0x30 ./src/DR_SYSCON.o
                0x0000000000001348                SYSCON_clear_fro_direct
 .text.SYSCON_set_system_clock_source
                0x0000000000001378       0x90 ./src/DR_SYSCON.o
                0x0000000000001378                SYSCON_set_system_clock_source
 .text.SYSCON_ext_clock_source_get
                0x0000000000001408       0x18 ./src/DR_SYSCON.o
                0x0000000000001408                SYSCON_ext_clock_source_get
 .text.SYSCON_enable_clock
                0x0000000000001420       0x60 ./src/DR_SYSCON.o
                0x0000000000001420                SYSCON_enable_clock
 .text.SYSCON_disable_clock
                0x0000000000001480       0x60 ./src/DR_SYSCON.o
                0x0000000000001480                SYSCON_disable_clock
 .text.SYSCON_clear_reset
                0x00000000000014e0       0x60 ./src/DR_SYSCON.o
                0x00000000000014e0                SYSCON_clear_reset
 .text.SYSCON_set_peripheral_clock_source
                0x0000000000001540       0x40 ./src/DR_SYSCON.o
                0x0000000000001540                SYSCON_set_peripheral_clock_source
 .text.SYSCON_set_frg_config
                0x0000000000001580       0xd4 ./src/DR_SYSCON.o
                0x0000000000001580                SYSCON_set_frg_config
 .text.SYSCON_power_up_peripheral
                0x0000000000001654       0x40 ./src/DR_SYSCON.o
                0x0000000000001654                SYSCON_power_up_peripheral
 .text.SYSCON_set_fro_osc_freq
                0x0000000000001694       0x24 ./src/DR_SYSCON.o
                0x0000000000001694                SYSCON_set_fro_osc_freq
 .text.SYSTICK_enable_count
                0x00000000000016b8       0x18 ./src/DR_SYSTICK.o
                0x00000000000016b8                SYSTICK_enable_count
 .text.SYSTICK_enable_interrupt
                0x00000000000016d0       0x18 ./src/DR_SYSTICK.o
                0x00000000000016d0                SYSTICK_enable_interrupt
 .text.SYSTICK_disable_interrupt
                0x00000000000016e8       0x18 ./src/DR_SYSTICK.o
                0x00000000000016e8                SYSTICK_disable_interrupt
 .text.SYSTICK_select_clock_source
                0x0000000000001700       0x34 ./src/DR_SYSTICK.o
                0x0000000000001700                SYSTICK_select_clock_source
 .text.SYSTICK_set_reload
                0x0000000000001734       0x4c ./src/DR_SYSTICK.o
                0x0000000000001734                SYSTICK_set_reload
 .text.SYSTICK_set_clear_current_value
                0x0000000000001780       0x1c ./src/DR_SYSTICK.o
                0x0000000000001780                SYSTICK_set_clear_current_value
 .text.SYSTICK_get_current_value
                0x000000000000179c       0x18 ./src/DR_SYSTICK.o
                0x000000000000179c                SYSTICK_get_current_value
 .text.Timer_Discount
                0x00000000000017b4       0xb0 ./src/DR_Timer.o
                0x00000000000017b4                Timer_Discount
 .text.USART_enable
                0x0000000000001864       0x2c ./src/DR_USART.o
                0x0000000000001864                USART_enable
 .text.USART_config_data_length
                0x0000000000001890       0x44 ./src/DR_USART.o
                0x0000000000001890                USART_config_data_length
 .text.USART_config_parity
                0x00000000000018d4       0x44 ./src/DR_USART.o
                0x00000000000018d4                USART_config_parity
 .text.USART_config_stop_bits
                0x0000000000001918       0x44 ./src/DR_USART.o
                0x0000000000001918                USART_config_stop_bits
 .text.USART_get_flag_RXRDY
                0x000000000000195c       0x2c ./src/DR_USART.o
                0x000000000000195c                USART_get_flag_RXRDY
 .text.USART_get_flag_TXRDY
                0x0000000000001988       0x2c ./src/DR_USART.o
                0x0000000000001988                USART_get_flag_TXRDY
 .text.USART_enable_irq_RXRDY
                0x00000000000019b4       0x2c ./src/DR_USART.o
                0x00000000000019b4                USART_enable_irq_RXRDY
 .text.USART_enable_irq_TXRDY
                0x00000000000019e0       0x2c ./src/DR_USART.o
                0x00000000000019e0                USART_enable_irq_TXRDY
 .text.USART_disable_irq_RXRDY
                0x0000000000001a0c       0x2c ./src/DR_USART.o
                0x0000000000001a0c                USART_disable_irq_RXRDY
 .text.USART_disable_irq_TXRDY
                0x0000000000001a38       0x2c ./src/DR_USART.o
                0x0000000000001a38                USART_disable_irq_TXRDY
 .text.USART_disable_irq_TXIDLE
                0x0000000000001a64       0x2c ./src/DR_USART.o
                0x0000000000001a64                USART_disable_irq_TXIDLE
 .text.USART_disable_irq_DELTACTS
                0x0000000000001a90       0x2c ./src/DR_USART.o
                0x0000000000001a90                USART_disable_irq_DELTACTS
 .text.USART_disable_irq_TXDISEN
                0x0000000000001abc       0x2c ./src/DR_USART.o
                0x0000000000001abc                USART_disable_irq_TXDISEN
 .text.USART_disable_irq_OVERRUN
                0x0000000000001ae8       0x2c ./src/DR_USART.o
                0x0000000000001ae8                USART_disable_irq_OVERRUN
 .text.USART_disable_irq_DELTARXBRK
                0x0000000000001b14       0x2c ./src/DR_USART.o
                0x0000000000001b14                USART_disable_irq_DELTARXBRK
 .text.USART_disable_irq_START
                0x0000000000001b40       0x2c ./src/DR_USART.o
                0x0000000000001b40                USART_disable_irq_START
 .text.USART_disable_irq_FRAMERR
                0x0000000000001b6c       0x2c ./src/DR_USART.o
                0x0000000000001b6c                USART_disable_irq_FRAMERR
 .text.USART_disable_irq_PARITYERR
                0x0000000000001b98       0x2c ./src/DR_USART.o
                0x0000000000001b98                USART_disable_irq_PARITYERR
 .text.USART_disable_irq_RXNOISE
                0x0000000000001bc4       0x2c ./src/DR_USART.o
                0x0000000000001bc4                USART_disable_irq_RXNOISE
 .text.USART_disable_irq_ABERR
                0x0000000000001bf0       0x2c ./src/DR_USART.o
                0x0000000000001bf0                USART_disable_irq_ABERR
 .text.USART_get_data
                0x0000000000001c1c       0x2c ./src/DR_USART.o
                0x0000000000001c1c                USART_get_data
 .text.USART_write_data
                0x0000000000001c48       0x3c ./src/DR_USART.o
                0x0000000000001c48                USART_write_data
 .text.USART_set_BRGVAL
                0x0000000000001c84       0x38 ./src/DR_USART.o
                0x0000000000001c84                USART_set_BRGVAL
 .text.USART_get_irq_status_RXRDY
                0x0000000000001cbc       0x2c ./src/DR_USART.o
                0x0000000000001cbc                USART_get_irq_status_RXRDY
 .text.USART_get_irq_status_TXRDY
                0x0000000000001ce8       0x2c ./src/DR_USART.o
                0x0000000000001ce8                USART_get_irq_status_TXRDY
 .text.USART_set_OSRVAL
                0x0000000000001d14       0x3c ./src/DR_USART.o
                0x0000000000001d14                USART_set_OSRVAL
 .text.generate_test_data
                0x0000000000001d50       0x80 ./src/LPC845_Reproductor_WAV.o
                0x0000000000001d50                generate_test_data
 .text.main     0x0000000000001dd0       0xe8 ./src/LPC845_Reproductor_WAV.o
                0x0000000000001dd0                main
 .text.tick_callback
                0x0000000000001eb8        0xe ./src/LPC845_Reproductor_WAV.o
 *fill*         0x0000000000001ec6        0x2 ff
 .text.usart0_rx_callback
                0x0000000000001ec8       0x2c ./src/LPC845_Reproductor_WAV.o
 .text.usart0_tx_callback
                0x0000000000001ef4       0x44 ./src/LPC845_Reproductor_WAV.o
 .text.usart1_rx_callback
                0x0000000000001f38       0x2c ./src/LPC845_Reproductor_WAV.o
 .text.usart1_tx_callback
                0x0000000000001f64       0x48 ./src/LPC845_Reproductor_WAV.o
 .text.spi_tx_callback
                0x0000000000001fac       0x4c ./src/LPC845_Reproductor_WAV.o
 .text.spi_rx_callback
                0x0000000000001ff8       0x30 ./src/LPC845_Reproductor_WAV.o
 .text.timer_led_handler
                0x0000000000002028       0x28 ./src/LPC845_Reproductor_WAV.o
                0x0000000000002028                timer_led_handler
 .text.gpio_init
                0x0000000000002050       0x2a ./src/PR_GPIO.o
                0x0000000000002050                gpio_init
 .text.gpio_set_dir
                0x000000000000207a       0x92 ./src/PR_GPIO.o
                0x000000000000207a                gpio_set_dir
 .text.gpio_toggle_pin
                0x000000000000210c       0x32 ./src/PR_GPIO.o
                0x000000000000210c                gpio_toggle_pin
 *fill*         0x000000000000213e        0x2 ff
 .text.iocon_config_io
                0x0000000000002140      0x1c0 ./src/PR_IOCON.o
                0x0000000000002140                iocon_config_io
 .text.leds_init
                0x0000000000002300       0x32 ./src/PR_Leds.o
                0x0000000000002300                leds_init
 .text.led_verde_toggle
                0x0000000000002332       0x10 ./src/PR_Leds.o
                0x0000000000002332                led_verde_toggle
 *fill*         0x0000000000002342        0x2 ff
 .text.sd_write_tx_buffer
                0x0000000000002344      0x1e0 ./src/PR_MMC_SD.o
                0x0000000000002344                sd_write_tx_buffer
 .text.sd_send_dummy_bytes
                0x0000000000002524      0x100 ./src/PR_MMC_SD.o
                0x0000000000002524                sd_send_dummy_bytes
 .text.sd_send_command
                0x0000000000002624      0x12a ./src/PR_MMC_SD.o
                0x0000000000002624                sd_send_command
 *fill*         0x000000000000274e        0x2 ff
 .text.sd_receive_r1
                0x0000000000002750       0x50 ./src/PR_MMC_SD.o
                0x0000000000002750                sd_receive_r1
 .text.sd_receive_r3
                0x00000000000027a0      0x138 ./src/PR_MMC_SD.o
                0x00000000000027a0                sd_receive_r3
 .text.sd_receive_r7
                0x00000000000028d8      0x128 ./src/PR_MMC_SD.o
                0x00000000000028d8                sd_receive_r7
 .text.sd_receive_data_resp_token
                0x0000000000002a00       0x4c ./src/PR_MMC_SD.o
                0x0000000000002a00                sd_receive_data_resp_token
 .text.sd_check_busy_state
                0x0000000000002a4c       0x2c ./src/PR_MMC_SD.o
                0x0000000000002a4c                sd_check_busy_state
 .text.sd_power_cycle
                0x0000000000002a78       0x30 ./src/PR_MMC_SD.o
                0x0000000000002a78                sd_power_cycle
 .text.sd_go_idle_state
                0x0000000000002aa8       0x68 ./src/PR_MMC_SD.o
                0x0000000000002aa8                sd_go_idle_state
 .text.sd_send_interface_condition
                0x0000000000002b10       0x68 ./src/PR_MMC_SD.o
                0x0000000000002b10                sd_send_interface_condition
 .text.sd_read_ocr
                0x0000000000002b78       0x48 ./src/PR_MMC_SD.o
                0x0000000000002b78                sd_read_ocr
 .text.sd_send_app_cmd
                0x0000000000002bc0       0x60 ./src/PR_MMC_SD.o
                0x0000000000002bc0                sd_send_app_cmd
 .text.sd_send_op_cond
                0x0000000000002c20       0xc0 ./src/PR_MMC_SD.o
                0x0000000000002c20                sd_send_op_cond
 .text.sd_set_blocklen
                0x0000000000002ce0       0x64 ./src/PR_MMC_SD.o
                0x0000000000002ce0                sd_set_blocklen
 .text.sd_send_op_cond_mmc
                0x0000000000002d44       0x60 ./src/PR_MMC_SD.o
                0x0000000000002d44                sd_send_op_cond_mmc
 .text.sd_write_block
                0x0000000000002da4       0x68 ./src/PR_MMC_SD.o
                0x0000000000002da4                sd_write_block
 .text.sd_init_v2
                0x0000000000002e0c      0x474 ./src/PR_MMC_SD.o
                0x0000000000002e0c                sd_init_v2
 .text.sd_send_data_packet
                0x0000000000003280      0x168 ./src/PR_MMC_SD.o
                0x0000000000003280                sd_send_data_packet
 .text.sd_write_single_block
                0x00000000000033e8       0xfc ./src/PR_MMC_SD.o
                0x00000000000033e8                sd_write_single_block
 .text.sd_swap_uint32
                0x00000000000034e4       0x36 ./src/PR_MMC_SD.o
                0x00000000000034e4                sd_swap_uint32
 .text.sd_crc7  0x000000000000351a       0xaa ./src/PR_MMC_SD.o
                0x000000000000351a                sd_crc7
 .text.timer_sd_init_handler
                0x00000000000035c4       0x24 ./src/PR_MMC_SD.o
                0x00000000000035c4                timer_sd_init_handler
 .text.timer_sd_cmd41_handler
                0x00000000000035e8       0x2c ./src/PR_MMC_SD.o
                0x00000000000035e8                timer_sd_cmd41_handler
 .text.spi_set_configured_instance
                0x0000000000003614       0x20 ./src/PR_SPI.o
 .text.dummy_irq
                0x0000000000003634        0xa ./src/PR_SPI.o
 *fill*         0x000000000000363e        0x2 ff
 .text.spi_irq_handler
                0x0000000000003640       0x8c ./src/PR_SPI.o
 .text.spi_init_ctx
                0x00000000000036cc       0xd8 ./src/PR_SPI.o
                0x00000000000036cc                spi_init_ctx
 .text.spi_master_mode_init
                0x00000000000037a4      0x314 ./src/PR_SPI.o
                0x00000000000037a4                spi_master_mode_init
 .text.spi_set_baud_rate
                0x0000000000003ab8       0x4a ./src/PR_SPI.o
                0x0000000000003ab8                spi_set_baud_rate
 .text.spi_master_mode_rx_data
                0x0000000000003b02       0x20 ./src/PR_SPI.o
                0x0000000000003b02                spi_master_mode_rx_data
 .text.spi_master_mode_tx_config
                0x0000000000003b22       0xa0 ./src/PR_SPI.o
                0x0000000000003b22                spi_master_mode_tx_config
 .text.spi_master_mode_tx_data
                0x0000000000003bc2       0x32 ./src/PR_SPI.o
                0x0000000000003bc2                spi_master_mode_tx_data
 .text.spi_pop_RX
                0x0000000000003bf4       0x7c ./src/PR_SPI.o
                0x0000000000003bf4                spi_pop_RX
 .text.spi_push_TX
                0x0000000000003c70       0x6c ./src/PR_SPI.o
                0x0000000000003c70                spi_push_TX
 .text.SPI_pop_TX
                0x0000000000003cdc       0x60 ./src/PR_SPI.o
                0x0000000000003cdc                SPI_pop_TX
 .text.SPI_push_RX
                0x0000000000003d3c       0x54 ./src/PR_SPI.o
                0x0000000000003d3c                SPI_push_RX
 .text.spi_master_mode_send_data
                0x0000000000003d90       0x3c ./src/PR_SPI.o
                0x0000000000003d90                spi_master_mode_send_data
 .text.SPI0_IRQHandler
                0x0000000000003dcc       0x10 ./src/PR_SPI.o
                0x0000000000003dcc                SPI0_IRQHandler
 .text.SPI1_IRQHandler
                0x0000000000003ddc       0x10 ./src/PR_SPI.o
                0x0000000000003ddc                SPI1_IRQHandler
 .text.spi_enable_irq
                0x0000000000003dec       0x7c ./src/PR_SPI.o
                0x0000000000003dec                spi_enable_irq
 .text.spi_disable_irq
                0x0000000000003e68       0x7c ./src/PR_SPI.o
                0x0000000000003e68                spi_disable_irq
 .text.syscon_system_clock_get
                0x0000000000003ee4       0x28 ./src/PR_SYSCON.o
                0x0000000000003ee4                syscon_system_clock_get
 .text.syscon_system_clock_set_source
                0x0000000000003f0c       0x90 ./src/PR_SYSCON.o
                0x0000000000003f0c                syscon_system_clock_set_source
 .text.syscon_fro_clock_config
                0x0000000000003f9c       0x78 ./src/PR_SYSCON.o
                0x0000000000003f9c                syscon_fro_clock_config
 .text.syscon_frg_config
                0x0000000000004014       0xc0 ./src/PR_SYSCON.o
                0x0000000000004014                syscon_frg_config
 .text.syscon_peripheral_clock_get
                0x00000000000040d4       0x7c ./src/PR_SYSCON.o
                0x00000000000040d4                syscon_peripheral_clock_get
 .text.syscon_get_fro_freq
                0x0000000000004150       0x80 ./src/PR_SYSCON.o
                0x0000000000004150                syscon_get_fro_freq
 .text.syscon_get_main_clk_freq
                0x00000000000041d0       0x84 ./src/PR_SYSCON.o
                0x00000000000041d0                syscon_get_main_clk_freq
 .text.syscon_get_system_PLL_freq
                0x0000000000004254       0x24 ./src/PR_SYSCON.o
                0x0000000000004254                syscon_get_system_PLL_freq
 .text.syscon_get_system_PLL_input_clock_rate
                0x0000000000004278       0x6c ./src/PR_SYSCON.o
                0x0000000000004278                syscon_get_system_PLL_input_clock_rate
 .text.syscon_get_FRG0_clk_freq
                0x00000000000042e4       0x48 ./src/PR_SYSCON.o
                0x00000000000042e4                syscon_get_FRG0_clk_freq
 .text.syscon_get_FRG1_clk_freq
                0x000000000000432c       0x48 ./src/PR_SYSCON.o
                0x000000000000432c                syscon_get_FRG1_clk_freq
 .text.syscon_get_FRG_input_clk_freq
                0x0000000000004374       0x70 ./src/PR_SYSCON.o
                0x0000000000004374                syscon_get_FRG_input_clk_freq
 .text.syscon_get_wdt_osc_freq
                0x00000000000043e4       0x14 ./src/PR_SYSCON.o
                0x00000000000043e4                syscon_get_wdt_osc_freq
 .text.syscon_get_ext_clk_rreq
                0x00000000000043f8       0x14 ./src/PR_SYSCON.o
                0x00000000000043f8                syscon_get_ext_clk_rreq
 .text.systick_init
                0x000000000000440c       0x9c ./src/PR_SYSTICK.o
                0x000000000000440c                systick_init
 .text.systick_update_callback
                0x00000000000044a8       0x34 ./src/PR_SYSTICK.o
                0x00000000000044a8                systick_update_callback
 .text.SysTick_Handler
                0x00000000000044dc       0x14 ./src/PR_SYSTICK.o
                0x00000000000044dc                SysTick_Handler
 .text.dummy_irq
                0x00000000000044f0        0xa ./src/PR_SYSTICK.o
 *fill*         0x00000000000044fa        0x2 ff
 .text.systick_set_period_ms
                0x00000000000044fc       0x28 ./src/PR_SYSTICK.o
                0x00000000000044fc                systick_set_period_ms
 .text.systick_get_period_ms
                0x0000000000004524       0x14 ./src/PR_SYSTICK.o
                0x0000000000004524                systick_get_period_ms
 .text.systick_get_current_value
                0x0000000000004538       0x10 ./src/PR_SYSTICK.o
                0x0000000000004538                systick_get_current_value
 .text.Timer_Event
                0x0000000000004548       0x68 ./src/PR_Timer.o
                0x0000000000004548                Timer_Event
 .text.Timer_Start
                0x00000000000045b0      0x130 ./src/PR_Timer.o
                0x00000000000045b0                Timer_Start
 .text.Timer_Activity_Get
                0x00000000000046e0       0x34 ./src/PR_Timer.o
                0x00000000000046e0                Timer_Activity_Get
 .text.Timer_Stop
                0x0000000000004714       0x84 ./src/PR_Timer.o
                0x0000000000004714                Timer_Stop
 .text.usart_calculate_brgval
                0x0000000000004798       0x32 ./src/PR_USART.o
 *fill*         0x00000000000047ca        0x2 ff
 .text.usart_handle_irq
                0x00000000000047cc       0x90 ./src/PR_USART.o
 .text.usart_init_ctx
                0x000000000000485c       0xd0 ./src/PR_USART.o
                0x000000000000485c                usart_init_ctx
 .text.usart_init
                0x000000000000492c      0x238 ./src/PR_USART.o
                0x000000000000492c                usart_init
 .text.usart_tx_data
                0x0000000000004b64       0x5c ./src/PR_USART.o
                0x0000000000004b64                usart_tx_data
 .text.usart_rx_data
                0x0000000000004bc0       0x3a ./src/PR_USART.o
                0x0000000000004bc0                usart_rx_data
 .text.USART_pop_TX
                0x0000000000004bfa       0x68 ./src/PR_USART.o
                0x0000000000004bfa                USART_pop_TX
 .text.USART_push_RX
                0x0000000000004c62       0x56 ./src/PR_USART.o
                0x0000000000004c62                USART_push_RX
 .text.usart_rx_register_callback
                0x0000000000004cb8       0x54 ./src/PR_USART.o
                0x0000000000004cb8                usart_rx_register_callback
 .text.usart_tx_register_callback
                0x0000000000004d0c       0x40 ./src/PR_USART.o
                0x0000000000004d0c                usart_tx_register_callback
 .text.dummy_callback
                0x0000000000004d4c       0x14 ./src/PR_USART.o
 .text.UART0_IRQHandler
                0x0000000000004d60       0x10 ./src/PR_USART.o
                0x0000000000004d60                UART0_IRQHandler
 .text.UART1_IRQHandler
                0x0000000000004d70       0x10 ./src/PR_USART.o
                0x0000000000004d70                UART1_IRQHandler
 .text.UART2_IRQHandler
                0x0000000000004d80       0x10 ./src/PR_USART.o
                0x0000000000004d80                UART2_IRQHandler
 .text.usart_disable_irq
                0x0000000000004d90       0xc4 ./src/PR_USART.o
                0x0000000000004d90                usart_disable_irq
 .text.__aeabi_idiv
                0x0000000000004e54       0x10 ./src/aeabi_romdiv_patch.o
                0x0000000000004e54                __aeabi_idiv
                0x0000000000004e54                __aeabi_idivmod
 .text.__aeabi_uidiv
                0x0000000000004e64       0x10 ./src/aeabi_romdiv_patch.o
                0x0000000000004e64                __aeabi_uidiv
                0x0000000000004e64                __aeabi_uidivmod
 .text.__main   0x0000000000004e74        0xc /usr/local/mcuxpressoide-11.4.1_6260/ide/plugins/com.nxp.mcuxpresso.tools.linux_11.4.0.202103011116/tools/bin/../lib/gcc/arm-none-eabi/10.2.1/../../../../arm-none-eabi/lib/thumb/v6-m/nofp/libcr_nohost_nf.a(_cr__main.o)
                0x0000000000004e74                __main
 .text.memset   0x0000000000004e80        0x8 /usr/local/mcuxpressoide-11.4.1_6260/ide/plugins/com.nxp.mcuxpresso.tools.linux_11.4.0.202103011116/tools/bin/../lib/gcc/arm-none-eabi/10.2.1/../../../../arm-none-eabi/lib/thumb/v6-m/nofp/libcr_c.a(memset.o)
                0x0000000000004e80                memset
 .text._deferredlazyseek
                0x0000000000004e88       0x40 /usr/local/mcuxpressoide-11.4.1_6260/ide/plugins/com.nxp.mcuxpresso.tools.linux_11.4.0.202103011116/tools/bin/../lib/gcc/arm-none-eabi/10.2.1/../../../../arm-none-eabi/lib/thumb/v6-m/nofp/libcr_c.a(_deferredlazyseek.o)
                0x0000000000004e88                _deferredlazyseek
 .text._fflush  0x0000000000004ec8       0x60 /usr/local/mcuxpressoide-11.4.1_6260/ide/plugins/com.nxp.mcuxpresso.tools.linux_11.4.0.202103011116/tools/bin/../lib/gcc/arm-none-eabi/10.2.1/../../../../arm-none-eabi/lib/thumb/v6-m/nofp/libcr_c.a(_fflush.o)
                0x0000000000004ec8                _fflush
 .text._Cwritebuf
                0x0000000000004f28       0x68 /usr/local/mcuxpressoide-11.4.1_6260/ide/plugins/com.nxp.mcuxpresso.tools.linux_11.4.0.202103011116/tools/bin/../lib/gcc/arm-none-eabi/10.2.1/../../../../arm-none-eabi/lib/thumb/v6-m/nofp/libcr_c.a(_writebuf.o)
                0x0000000000004f28                _Cwritebuf
 .text.free     0x0000000000004f90       0x2c /usr/local/mcuxpressoide-11.4.1_6260/ide/plugins/com.nxp.mcuxpresso.tools.linux_11.4.0.202103011116/tools/bin/../lib/gcc/arm-none-eabi/10.2.1/../../../../arm-none-eabi/lib/thumb/v6-m/nofp/libcr_c.a(alloc.o)
                0x0000000000004f90                free
 .text.fseek    0x0000000000004fbc       0xf0 /usr/local/mcuxpressoide-11.4.1_6260/ide/plugins/com.nxp.mcuxpresso.tools.linux_11.4.0.202103011116/tools/bin/../lib/gcc/arm-none-eabi/10.2.1/../../../../arm-none-eabi/lib/thumb/v6-m/nofp/libcr_c.a(fseek.o)
                0x0000000000004fbc                fseek
 .text.ftell    0x00000000000050ac       0x48 /usr/local/mcuxpressoide-11.4.1_6260/ide/plugins/com.nxp.mcuxpresso.tools.linux_11.4.0.202103011116/tools/bin/../lib/gcc/arm-none-eabi/10.2.1/../../../../arm-none-eabi/lib/thumb/v6-m/nofp/libcr_c.a(ftell.o)
                0x00000000000050ac                ftell
 .text._initio  0x00000000000050f4       0x7c /usr/local/mcuxpressoide-11.4.1_6260/ide/plugins/com.nxp.mcuxpresso.tools.linux_11.4.0.202103011116/tools/bin/../lib/gcc/arm-none-eabi/10.2.1/../../../../arm-none-eabi/lib/thumb/v6-m/nofp/libcr_c.a(initio.o)
                0x00000000000050f4                _initio
 .text.setvbuf  0x0000000000005170       0x4c /usr/local/mcuxpressoide-11.4.1_6260/ide/plugins/com.nxp.mcuxpresso.tools.linux_11.4.0.202103011116/tools/bin/../lib/gcc/arm-none-eabi/10.2.1/../../../../arm-none-eabi/lib/thumb/v6-m/nofp/libcr_c.a(setvbuf.o)
                0x0000000000005170                setvbuf
 .text.rand     0x00000000000051bc       0x44 /usr/local/mcuxpressoide-11.4.1_6260/ide/plugins/com.nxp.mcuxpresso.tools.linux_11.4.0.202103011116/tools/bin/../lib/gcc/arm-none-eabi/10.2.1/../../../../arm-none-eabi/lib/thumb/v6-m/nofp/libcr_c.a(stdlib.o)
                0x00000000000051bc                rand
 .text.srand    0x0000000000005200       0x40 /usr/local/mcuxpressoide-11.4.1_6260/ide/plugins/com.nxp.mcuxpresso.tools.linux_11.4.0.202103011116/tools/bin/../lib/gcc/arm-none-eabi/10.2.1/../../../../arm-none-eabi/lib/thumb/v6-m/nofp/libcr_c.a(stdlib.o)
                0x0000000000005200                srand
 .text.strlen   0x0000000000005240       0x58 /usr/local/mcuxpressoide-11.4.1_6260/ide/plugins/com.nxp.mcuxpresso.tools.linux_11.4.0.202103011116/tools/bin/../lib/gcc/arm-none-eabi/10.2.1/../../../../arm-none-eabi/lib/thumb/v6-m/nofp/libcr_c.a(strlen.o)
                0x0000000000005240                strlen
 .text._fdopen  0x0000000000005298       0x74 /usr/local/mcuxpressoide-11.4.1_6260/ide/plugins/com.nxp.mcuxpresso.tools.linux_11.4.0.202103011116/tools/bin/../lib/gcc/arm-none-eabi/10.2.1/../../../../arm-none-eabi/lib/thumb/v6-m/nofp/libcr_c.a(_fdopen.o)
                0x0000000000005298                _fdopen
 .text.fclose   0x000000000000530c       0x5c /usr/local/mcuxpressoide-11.4.1_6260/ide/plugins/com.nxp.mcuxpresso.tools.linux_11.4.0.202103011116/tools/bin/../lib/gcc/arm-none-eabi/10.2.1/../../../../arm-none-eabi/lib/thumb/v6-m/nofp/libcr_c.a(fclose.o)
                0x000000000000530c                fclose
 .text.fflush   0x0000000000005368       0x44 /usr/local/mcuxpressoide-11.4.1_6260/ide/plugins/com.nxp.mcuxpresso.tools.linux_11.4.0.202103011116/tools/bin/../lib/gcc/arm-none-eabi/10.2.1/../../../../arm-none-eabi/lib/thumb/v6-m/nofp/libcr_c.a(fflush.o)
                0x0000000000005368                fflush
 .text.remove   0x00000000000053ac       0x12 /usr/local/mcuxpressoide-11.4.1_6260/ide/plugins/com.nxp.mcuxpresso.tools.linux_11.4.0.202103011116/tools/bin/../lib/gcc/arm-none-eabi/10.2.1/../../../../arm-none-eabi/lib/thumb/v6-m/nofp/libcr_c.a(remove.o)
                0x00000000000053ac                remove
 *fill*         0x00000000000053be        0x2 ff
 .text._do_fflush
                0x00000000000053c0       0x48 /usr/local/mcuxpressoide-11.4.1_6260/ide/plugins/com.nxp.mcuxpresso.tools.linux_11.4.0.202103011116/tools/bin/../lib/gcc/arm-none-eabi/10.2.1/../../../../arm-none-eabi/lib/thumb/v6-m/nofp/libcr_c.a(_do_fflush.o)
                0x00000000000053c0                _do_fflush
 .text.__aeabi_division_uldivmod
                0x0000000000005408       0x5a /usr/local/mcuxpressoide-11.4.1_6260/ide/plugins/com.nxp.mcuxpresso.tools.linux_11.4.0.202103011116/tools/bin/../lib/gcc/arm-none-eabi/10.2.1/thumb/v6-m/nofp/libcr_eabihelpers.a(division_64.o)
                0x0000000000005408                __aeabi_uldivmod
 .text.__aeabi_division_idiv0
                0x0000000000005462        0x2 /usr/local/mcuxpressoide-11.4.1_6260/ide/plugins/com.nxp.mcuxpresso.tools.linux_11.4.0.202103011116/tools/bin/../lib/gcc/arm-none-eabi/10.2.1/thumb/v6-m/nofp/libcr_eabihelpers.a(division_idiv0.o)
                0x0000000000005462                __aeabi_idiv0
 .text.__aeabi_dmul
                0x0000000000005464      0x184 /usr/local/mcuxpressoide-11.4.1_6260/ide/plugins/com.nxp.mcuxpresso.tools.linux_11.4.0.202103011116/tools/bin/../lib/gcc/arm-none-eabi/10.2.1/thumb/v6-m/nofp/libcr_eabihelpers.a(double.o)
                0x0000000000005464                __aeabi_dmul
 .text.__aeabi_ddiv
                0x00000000000055e8      0x14c /usr/local/mcuxpressoide-11.4.1_6260/ide/plugins/com.nxp.mcuxpresso.tools.linux_11.4.0.202103011116/tools/bin/../lib/gcc/arm-none-eabi/10.2.1/thumb/v6-m/nofp/libcr_eabihelpers.a(double.o)
                0x00000000000055e8                __aeabi_ddiv
 .text.__aeabi_d2uiz
                0x0000000000005734       0x38 /usr/local/mcuxpressoide-11.4.1_6260/ide/plugins/com.nxp.mcuxpresso.tools.linux_11.4.0.202103011116/tools/bin/../lib/gcc/arm-none-eabi/10.2.1/thumb/v6-m/nofp/libcr_eabihelpers.a(double.o)
                0x0000000000005734                __aeabi_d2uiz
 .text.__bhs_ui2d
                0x000000000000576c       0x5e /usr/local/mcuxpressoide-11.4.1_6260/ide/plugins/com.nxp.mcuxpresso.tools.linux_11.4.0.202103011116/tools/bin/../lib/gcc/arm-none-eabi/10.2.1/thumb/v6-m/nofp/libcr_eabihelpers.a(double.o)
                0x000000000000576c                __bhs_ui2d
 .text.__aeabi_ui2d
                0x00000000000057ca        0xc /usr/local/mcuxpressoide-11.4.1_6260/ide/plugins/com.nxp.mcuxpresso.tools.linux_11.4.0.202103011116/tools/bin/../lib/gcc/arm-none-eabi/10.2.1/thumb/v6-m/nofp/libcr_eabihelpers.a(double.o)
                0x00000000000057ca                __aeabi_ui2d
 *fill*         0x00000000000057d6        0x2 ff
 .text.__aeabi_fdiv
                0x00000000000057d8       0xe8 /usr/local/mcuxpressoide-11.4.1_6260/ide/plugins/com.nxp.mcuxpresso.tools.linux_11.4.0.202103011116/tools/bin/../lib/gcc/arm-none-eabi/10.2.1/thumb/v6-m/nofp/libcr_eabihelpers.a(float.o)
                0x00000000000057d8                __aeabi_fdiv
 .text.__aeabi_fsub
                0x00000000000058c0      0x128 /usr/local/mcuxpressoide-11.4.1_6260/ide/plugins/com.nxp.mcuxpresso.tools.linux_11.4.0.202103011116/tools/bin/../lib/gcc/arm-none-eabi/10.2.1/thumb/v6-m/nofp/libcr_eabihelpers.a(float.o)
                0x00000000000058c0                __aeabi_fsub
 .text.__aeabi_fadd
                0x00000000000059e8       0xac /usr/local/mcuxpressoide-11.4.1_6260/ide/plugins/com.nxp.mcuxpresso.tools.linux_11.4.0.202103011116/tools/bin/../lib/gcc/arm-none-eabi/10.2.1/thumb/v6-m/nofp/libcr_eabihelpers.a(float.o)
                0x00000000000059e8                __aeabi_fadd
 .text.__aeabi_f2uiz
                0x0000000000005a94       0x2a /usr/local/mcuxpressoide-11.4.1_6260/ide/plugins/com.nxp.mcuxpresso.tools.linux_11.4.0.202103011116/tools/bin/../lib/gcc/arm-none-eabi/10.2.1/thumb/v6-m/nofp/libcr_eabihelpers.a(float.o)
                0x0000000000005a94                __aeabi_f2uiz
 .text.__bhs_ui2f
                0x0000000000005abe       0x60 /usr/local/mcuxpressoide-11.4.1_6260/ide/plugins/com.nxp.mcuxpresso.tools.linux_11.4.0.202103011116/tools/bin/../lib/gcc/arm-none-eabi/10.2.1/thumb/v6-m/nofp/libcr_eabihelpers.a(float.o)
                0x0000000000005abe                __bhs_ui2f
 .text.__aeabi_ui2f
                0x0000000000005b1e        0xc /usr/local/mcuxpressoide-11.4.1_6260/ide/plugins/com.nxp.mcuxpresso.tools.linux_11.4.0.202103011116/tools/bin/../lib/gcc/arm-none-eabi/10.2.1/thumb/v6-m/nofp/libcr_eabihelpers.a(float.o)
                0x0000000000005b1e                __aeabi_ui2f
 .text.__aeabi_llong_lmul
                0x0000000000005b2a       0x2e /usr/local/mcuxpressoide-11.4.1_6260/ide/plugins/com.nxp.mcuxpresso.tools.linux_11.4.0.202103011116/tools/bin/../lib/gcc/arm-none-eabi/10.2.1/thumb/v6-m/nofp/libcr_eabihelpers.a(llong.o)
                0x0000000000005b2a                __aeabi_lmul
 .text.__aeabi_memset_lowlevel
                0x0000000000005b58       0x2a /usr/local/mcuxpressoide-11.4.1_6260/ide/plugins/com.nxp.mcuxpresso.tools.linux_11.4.0.202103011116/tools/bin/../lib/gcc/arm-none-eabi/10.2.1/thumb/v6-m/nofp/libcr_eabihelpers.a(memcpy.o)
                0x0000000000005b58                __aeabi_lowlevel_memset
 .text.__sys_close
                0x0000000000005b82        0x6 /usr/local/mcuxpressoide-11.4.1_6260/ide/plugins/com.nxp.mcuxpresso.tools.linux_11.4.0.202103011116/tools/bin/../lib/gcc/arm-none-eabi/10.2.1/../../../../arm-none-eabi/lib/thumb/v6-m/nofp/libcr_nohost_nf.a(__sys_close.o)
                0x0000000000005b82                __sys_close
 .text.__sys_flen
                0x0000000000005b88        0x6 /usr/local/mcuxpressoide-11.4.1_6260/ide/plugins/com.nxp.mcuxpresso.tools.linux_11.4.0.202103011116/tools/bin/../lib/gcc/arm-none-eabi/10.2.1/../../../../arm-none-eabi/lib/thumb/v6-m/nofp/libcr_nohost_nf.a(__sys_flen.o)
                0x0000000000005b88                __sys_flen
 .text.__sys_istty
                0x0000000000005b8e        0x6 /usr/local/mcuxpressoide-11.4.1_6260/ide/plugins/com.nxp.mcuxpresso.tools.linux_11.4.0.202103011116/tools/bin/../lib/gcc/arm-none-eabi/10.2.1/../../../../arm-none-eabi/lib/thumb/v6-m/nofp/libcr_nohost_nf.a(__sys_istty.o)
                0x0000000000005b8e                __sys_istty
 .text.__sys_remove
                0x0000000000005b94        0x6 /usr/local/mcuxpressoide-11.4.1_6260/ide/plugins/com.nxp.mcuxpresso.tools.linux_11.4.0.202103011116/tools/bin/../lib/gcc/arm-none-eabi/10.2.1/../../../../arm-none-eabi/lib/thumb/v6-m/nofp/libcr_nohost_nf.a(__sys_remove.o)
                0x0000000000005b94                __sys_remove
 .text.__sys_seek
                0x0000000000005b9a        0x6 /usr/local/mcuxpressoide-11.4.1_6260/ide/plugins/com.nxp.mcuxpresso.tools.linux_11.4.0.202103011116/tools/bin/../lib/gcc/arm-none-eabi/10.2.1/../../../../arm-none-eabi/lib/thumb/v6-m/nofp/libcr_nohost_nf.a(__sys_seek.o)
                0x0000000000005b9a                __sys_seek
 .text.__sys_tmpnam
                0x0000000000005ba0        0x6 /usr/local/mcuxpressoide-11.4.1_6260/ide/plugins/com.nxp.mcuxpresso.tools.linux_11.4.0.202103011116/tools/bin/../lib/gcc/arm-none-eabi/10.2.1/../../../../arm-none-eabi/lib/thumb/v6-m/nofp/libcr_nohost_nf.a(__sys_tmpnam.o)
                0x0000000000005ba0                __sys_tmpnam
 .text.__sys_write
                0x0000000000005ba6        0x4 /usr/local/mcuxpressoide-11.4.1_6260/ide/plugins/com.nxp.mcuxpresso.tools.linux_11.4.0.202103011116/tools/bin/../lib/gcc/arm-none-eabi/10.2.1/../../../../arm-none-eabi/lib/thumb/v6-m/nofp/libcr_nohost_nf.a(__sys_write.o)
                0x0000000000005ba6                __sys_write
 *(.rodata .rodata.* .constdata .constdata.*)
 *fill*         0x0000000000005baa        0x2 ff
 .rodata.IOCON  0x0000000000005bac        0x4 ./src/DR_IOCON.o
                0x0000000000005bac                IOCON
 .rodata.IOCON_PIN_TABLE
                0x0000000000005bb0      0x100 ./src/DR_IOCON.o
                0x0000000000005bb0                IOCON_PIN_TABLE
 .rodata.SPI    0x0000000000005cb0        0x8 ./src/DR_SPI.o
                0x0000000000005cb0                SPI
 .rodata.SPI_get_status_flag
                0x0000000000005cb8       0x24 ./src/DR_SPI.o
 .rodata.SPI_get_irq_flag_status
                0x0000000000005cdc       0x18 ./src/DR_SPI.o
 .rodata.SWM_assign_uart_TXD
                0x0000000000005cf4       0x14 ./src/DR_SWM.o
 .rodata.SWM_assign_uart_RXD
                0x0000000000005d08       0x14 ./src/DR_SWM.o
 .rodata.SYSCON
                0x0000000000005d1c        0x4 ./src/DR_SYSCON.o
                0x0000000000005d1c                SYSCON
 .rodata.USART  0x0000000000005d20       0x14 ./src/DR_USART.o
                0x0000000000005d20                USART
 .rodata.usart0_config
                0x0000000000005d34       0x18 ./src/LPC845_Reproductor_WAV.o
 .rodata.usart1_config
                0x0000000000005d4c       0x18 ./src/LPC845_Reproductor_WAV.o
 .rodata.spi_master_config
                0x0000000000005d64       0x18 ./src/LPC845_Reproductor_WAV.o
 .rodata.spi_tx_config
                0x0000000000005d7c        0x8 ./src/LPC845_Reproductor_WAV.o
 .rodata.sd_write_tx_buffer
                0x0000000000005d84       0x14 ./src/PR_MMC_SD.o
 .rodata.sd_init_v2
                0x0000000000005d98       0x28 ./src/PR_MMC_SD.o
 .rodata        0x0000000000005dc0        0x7 ./src/PR_SPI.o
 *fill*         0x0000000000005dc7        0x1 ff
 .rodata.spi_enable_irq
                0x0000000000005dc8       0x18 ./src/PR_SPI.o
 .rodata.spi_disable_irq
                0x0000000000005de0       0x18 ./src/PR_SPI.o
 .rodata.syscon_system_clock_set_source
                0x0000000000005df8       0x14 ./src/PR_SYSCON.o
 .rodata.syscon_peripheral_clock_get
                0x0000000000005e0c       0x20 ./src/PR_SYSCON.o
 .rodata.usart_init
                0x0000000000005e2c       0x14 ./src/PR_USART.o
 .rodata.usart_disable_irq
                0x0000000000005e40       0x30 ./src/PR_USART.o
 .rodata.__num_Ciob_streams
                0x0000000000005e70        0x4 /usr/local/mcuxpressoide-11.4.1_6260/ide/plugins/com.nxp.mcuxpresso.tools.linux_11.4.0.202103011116/tools/bin/../lib/gcc/arm-none-eabi/10.2.1/../../../../arm-none-eabi/lib/thumb/v6-m/nofp/libcr_nohost_nf.a(__ciob.o)
                0x0000000000005e70                __num_Ciob_streams
 .rodata._initio.str1.1
                0x0000000000005e74        0x4 /usr/local/mcuxpressoide-11.4.1_6260/ide/plugins/com.nxp.mcuxpresso.tools.linux_11.4.0.202103011116/tools/bin/../lib/gcc/arm-none-eabi/10.2.1/../../../../arm-none-eabi/lib/thumb/v6-m/nofp/libcr_c.a(initio.o)
                0x0000000000005e78                . = ALIGN (0x4)

.glue_7         0x0000000000005e78        0x0
 .glue_7        0x0000000000005e78        0x0 linker stubs

.glue_7t        0x0000000000005e78        0x0
 .glue_7t       0x0000000000005e78        0x0 linker stubs

.vfp11_veneer   0x0000000000005e78        0x0
 .vfp11_veneer  0x0000000000005e78        0x0 linker stubs

.v4_bx          0x0000000000005e78        0x0
 .v4_bx         0x0000000000005e78        0x0 linker stubs

.iplt           0x0000000000005e78        0x0
 .iplt          0x0000000000005e78        0x0 ./src/DR_IOCON.o

.rel.dyn        0x0000000000005e78        0x0
 .rel.iplt      0x0000000000005e78        0x0 ./src/DR_IOCON.o

.ARM.extab
 *(.ARM.extab* .gnu.linkonce.armextab.*)

.ARM.exidx      0x0000000000005e78        0x0
                0x0000000000005e78                __exidx_start = .
 *(.ARM.exidx* .gnu.linkonce.armexidx.*)
                0x0000000000005e78                __exidx_end = .
                0x0000000000005e78                _etext = .

.mtb_buffer_default
                0x0000000010000000      0x100
 *(.mtb*)
 .mtb.$RAM1     0x0000000010000000      0x100 ./src/mtb.o
                0x0000000010000000                __mtb_buffer__

.uninit_RESERVED
                0x0000000010000100        0x0
                0x0000000010000100                _start_uninit_RESERVED = .
 *(.bss.$RESERVED*)
                0x0000000010000100                . = ALIGN (0x4)
                0x0000000010000100                _end_uninit_RESERVED = .

.data           0x0000000010000100      0x138 load address 0x0000000000005e78
 FILL mask 0xff
                0x0000000010000100                _data = .
                [!provide]                        PROVIDE (__start_data_RAM = .)
                [!provide]                        PROVIDE (__start_data_RamLoc16 = .)
 *(vtable)
 *(.ramfunc*)
 *(CodeQuickAccess)
 *(DataQuickAccess)
 *(RamFunction)
 *(.data*)
 .data.sd_not_init
                0x0000000010000100        0x1 ./src/PR_MMC_SD.o
                0x0000000010000100                sd_not_init
 .data.sd_write_flag
                0x0000000010000101        0x1 ./src/PR_MMC_SD.o
                0x0000000010000101                sd_write_flag
 *fill*         0x0000000010000102        0x2 ff
 .data.r1.5     0x0000000010000104        0x1 ./src/PR_MMC_SD.o
 .data.spi_configured_instance
                0x0000000010000105        0x1 ./src/PR_SPI.o
                0x0000000010000105                spi_configured_instance
 *fill*         0x0000000010000106        0x2 ff
 .data.p_spi_rx_callback
                0x0000000010000108        0x8 ./src/PR_SPI.o
 .data.p_spi_tx_callback
                0x0000000010000110        0x8 ./src/PR_SPI.o
 .data.current_main_div
                0x0000000010000118        0x1 ./src/PR_SYSCON.o
 *fill*         0x0000000010000119        0x3 ff
 .data.current_fro_freq
                0x000000001000011c        0x4 ./src/PR_SYSCON.o
 .data.current_fro_div_freq
                0x0000000010000120        0x4 ./src/PR_SYSCON.o
 .data.current_main_freq
                0x0000000010000124        0x4 ./src/PR_SYSCON.o
 .data.systick_callback
                0x0000000010000128        0x4 ./src/PR_SYSTICK.o
 .data.p_usart_rx_callback
                0x000000001000012c       0x14 ./src/PR_USART.o
 .data.p_usart_tx_callback
                0x0000000010000140       0x14 ./src/PR_USART.o
 .data._random_j
                0x0000000010000154        0x4 /usr/local/mcuxpressoide-11.4.1_6260/ide/plugins/com.nxp.mcuxpresso.tools.linux_11.4.0.202103011116/tools/bin/../lib/gcc/arm-none-eabi/10.2.1/../../../../arm-none-eabi/lib/thumb/v6-m/nofp/libcr_c.a(stdlib.o)
 .data._random_k
                0x0000000010000158        0x4 /usr/local/mcuxpressoide-11.4.1_6260/ide/plugins/com.nxp.mcuxpresso.tools.linux_11.4.0.202103011116/tools/bin/../lib/gcc/arm-none-eabi/10.2.1/../../../../arm-none-eabi/lib/thumb/v6-m/nofp/libcr_c.a(stdlib.o)
 .data._random_number_seed
                0x000000001000015c       0xdc /usr/local/mcuxpressoide-11.4.1_6260/ide/plugins/com.nxp.mcuxpresso.tools.linux_11.4.0.202103011116/tools/bin/../lib/gcc/arm-none-eabi/10.2.1/../../../../arm-none-eabi/lib/thumb/v6-m/nofp/libcr_c.a(stdlib.o)
                0x0000000010000238                . = ALIGN (0x4)
                0x0000000010000238                _edata = .
                [!provide]                        PROVIDE (__end_data_RAM = .)
                [!provide]                        PROVIDE (__end_data_RamLoc16 = .)

.igot.plt       0x0000000010000238        0x0 load address 0x0000000000005fb0
 .igot.plt      0x0000000010000238        0x0 ./src/DR_IOCON.o

.bss            0x0000000010000238     0x31b4
                0x0000000010000238                _bss = .
                [!provide]                        PROVIDE (__start_bss_RAM = .)
                [!provide]                        PROVIDE (__start_bss_RamLoc16 = .)
 *(.bss*)
 .bss.dummy_reg
                0x0000000010000238        0x4 ./src/DR_IOCON.o
                0x0000000010000238                dummy_reg
 .bss.timers    0x000000001000023c      0xbf4 ./src/DR_Timer.o
                0x000000001000023c                timers
 .bss.sd_type   0x0000000010000e30        0x1 ./src/LPC845_Reproductor_WAV.o
                0x0000000010000e30                sd_type
 *fill*         0x0000000010000e31        0x3 
 .bss.test_data
                0x0000000010000e34      0x200 ./src/LPC845_Reproductor_WAV.o
                0x0000000010000e34                test_data
 .bss.estado_sd
                0x0000000010001034        0x1 ./src/PR_MMC_SD.o
 .bss.sd_cmd55_flag
                0x0000000010001035        0x1 ./src/PR_MMC_SD.o
 .bss.sd_cmd58_flag
                0x0000000010001036        0x1 ./src/PR_MMC_SD.o
 .bss.sd_acmd41_flag
                0x0000000010001037        0x1 ./src/PR_MMC_SD.o
 .bss.sd_acmd41_retry
                0x0000000010001038        0x1 ./src/PR_MMC_SD.o
 .bss.sd_acmd41_timeout
                0x0000000010001039        0x1 ./src/PR_MMC_SD.o
 .bss.sd_cmd1_flag
                0x000000001000103a        0x1 ./src/PR_MMC_SD.o
 .bss.sd_cmd58_pass1
                0x000000001000103b        0x1 ./src/PR_MMC_SD.o
 .bss.sd_cmd58_pass2
                0x000000001000103c        0x1 ./src/PR_MMC_SD.o
 *fill*         0x000000001000103d        0x3 
 .bss.r1        0x0000000010001040        0x1 ./src/PR_MMC_SD.o
 *fill*         0x0000000010001041        0x3 
 .bss.r3        0x0000000010001044        0x5 ./src/PR_MMC_SD.o
 *fill*         0x0000000010001049        0x3 
 .bss.r7        0x000000001000104c        0x5 ./src/PR_MMC_SD.o
 .bss.card_type
                0x0000000010001051        0x1 ./src/PR_MMC_SD.o
 .bss.i.19      0x0000000010001052        0x1 ./src/PR_MMC_SD.o
 .bss.i.18      0x0000000010001053        0x1 ./src/PR_MMC_SD.o
 .bss.sd_power_cycle_flag.17
                0x0000000010001054        0x1 ./src/PR_MMC_SD.o
 .bss.sd_idle_state_flag.16
                0x0000000010001055        0x1 ./src/PR_MMC_SD.o
 .bss.sd_send_if_cond_flag.15
                0x0000000010001056        0x1 ./src/PR_MMC_SD.o
 .bss.sd_set_blocklen_flag.14
                0x0000000010001057        0x1 ./src/PR_MMC_SD.o
 .bss.sd_cmd24_flag.10
                0x0000000010001058        0x1 ./src/PR_MMC_SD.o
 .bss.wr_states.6
                0x0000000010001059        0x1 ./src/PR_MMC_SD.o
 *fill*         0x000000001000105a        0x2 
 .bss.data_resp_token.4
                0x000000001000105c        0x1 ./src/PR_MMC_SD.o
 *fill*         0x000000001000105d        0x3 
 .bss.spi_ctx   0x0000000010001060     0x1830 ./src/PR_SPI.o
                0x0000000010001060                spi_ctx
 .bss.current_crystal_freq
                0x0000000010002890        0x4 ./src/PR_SYSCON.o
 .bss.current_frg_freq
                0x0000000010002894        0x8 ./src/PR_SYSCON.o
 .bss.current_pll_freq
                0x000000001000289c        0x4 ./src/PR_SYSCON.o
 .bss.current_ext_freq
                0x00000000100028a0        0x4 ./src/PR_SYSCON.o
 .bss.current_watchdog_freq
                0x00000000100028a4        0x4 ./src/PR_SYSCON.o
 .bss.g_Ext_Clk_Freq
                0x00000000100028a8        0x4 ./src/PR_SYSCON.o
                0x00000000100028a8                g_Ext_Clk_Freq
 .bss.g_Wdt_Osc_Freq
                0x00000000100028ac        0x4 ./src/PR_SYSCON.o
                0x00000000100028ac                g_Wdt_Osc_Freq
 .bss.systick_period_ms
                0x00000000100028b0        0x4 ./src/PR_SYSTICK.o
                0x00000000100028b0                systick_period_ms
 .bss.usart_ctx
                0x00000000100028b4      0xa78 ./src/PR_USART.o
                0x00000000100028b4                usart_ctx
 .bss.pDivRom_idiv
                0x000000001000332c        0x4 ./src/cr_startup_lpc84x.o
                0x000000001000332c                pDivRom_idiv
 .bss.pDivRom_uidiv
                0x0000000010003330        0x4 ./src/cr_startup_lpc84x.o
                0x0000000010003330                pDivRom_uidiv
 .bss.__Ciob    0x0000000010003334       0xb4 /usr/local/mcuxpressoide-11.4.1_6260/ide/plugins/com.nxp.mcuxpresso.tools.linux_11.4.0.202103011116/tools/bin/../lib/gcc/arm-none-eabi/10.2.1/../../../../arm-none-eabi/lib/thumb/v6-m/nofp/libcr_nohost_nf.a(__ciob.o)
                0x0000000010003334                __Ciob
 .bss.errno     0x00000000100033e8        0x4 /usr/local/mcuxpressoide-11.4.1_6260/ide/plugins/com.nxp.mcuxpresso.tools.linux_11.4.0.202103011116/tools/bin/../lib/gcc/arm-none-eabi/10.2.1/../../../../arm-none-eabi/lib/thumb/v6-m/nofp/libcr_c.a(errno.o)
                0x00000000100033e8                errno
 *(COMMON)
                0x00000000100033ec                . = ALIGN (0x4)
                0x00000000100033ec                _ebss = .
                [!provide]                        PROVIDE (__end_bss_RAM = .)
                [!provide]                        PROVIDE (__end_bss_RamLoc16 = .)
                [!provide]                        PROVIDE (end = .)

.noinit         0x00000000100033ec        0x0
                0x00000000100033ec                _noinit = .
                [!provide]                        PROVIDE (__start_noinit_RAM = .)
                [!provide]                        PROVIDE (__start_noinit_RamLoc16 = .)
 *(.noinit*)
                0x00000000100033ec                . = ALIGN (0x4)
                0x00000000100033ec                _end_noinit = .
                [!provide]                        PROVIDE (__end_noinit_RAM = .)
                [!provide]                        PROVIDE (__end_noinit_RamLoc16 = .)
                0x00000000100033ec                PROVIDE (_pvHeapStart = DEFINED (__user_heap_base)?__user_heap_base:.)
                0x0000000010004000                PROVIDE (_vStackTop = DEFINED (__user_stack_top)?__user_stack_top:(__top_RamLoc16 - 0x0))
                0xffffffffefffbac3                PROVIDE (__valid_user_code_checksum = (0x0 - (((_vStackTop + (ResetISR + 0x1)) + (DEFINED (NMI_Handler)?NMI_Handler:M0_NMI_Handler + 0x1)) + (DEFINED (HardFault_Handler)?HardFault_Handler:M0_HardFault_Handler + 0x1))))
                0x0000000000000000                _image_start = LOADADDR (.text)
                0x0000000000005fb0                _image_end = (LOADADDR (.data) + SIZEOF (.data))
                0x0000000000005fb0                _image_size = (_image_end - _image_start)
OUTPUT(LPC845_Reproductor_WAV.axf elf32-littlearm)
LOAD linker stubs

.debug_info     0x0000000000000000    0x12967
 .debug_info    0x0000000000000000      0xa15 ./src/DR_GPIO.o
 .debug_info    0x0000000000000a15      0x951 ./src/DR_IOCON.o
 .debug_info    0x0000000000001366     0x130e ./src/DR_NVIC.o
 .debug_info    0x0000000000002674     0x10de ./src/DR_SPI.o
 .debug_info    0x0000000000003752     0x2a5e ./src/DR_SWM.o
 .debug_info    0x00000000000061b0     0x25a5 ./src/DR_SYSCON.o
 .debug_info    0x0000000000008755      0x32a ./src/DR_SYSTICK.o
 .debug_info    0x0000000000008a7f      0x152 ./src/DR_Timer.o
 .debug_info    0x0000000000008bd1     0x18de ./src/DR_USART.o
 .debug_info    0x000000000000a4af      0xec3 ./src/LPC845_Reproductor_WAV.o
 .debug_info    0x000000000000b372      0x64e ./src/PR_GPIO.o
 .debug_info    0x000000000000b9c0      0x7c3 ./src/PR_IOCON.o
 .debug_info    0x000000000000c183      0x26a ./src/PR_Leds.o
 .debug_info    0x000000000000c3ed     0x1cc1 ./src/PR_MMC_SD.o
 .debug_info    0x000000000000e0ae     0x123f ./src/PR_SPI.o
 .debug_info    0x000000000000f2ed     0x20bd ./src/PR_SYSCON.o
 .debug_info    0x00000000000113aa      0x1de ./src/PR_SYSTICK.o
 .debug_info    0x0000000000011588      0x313 ./src/PR_Timer.o
 .debug_info    0x000000000001189b      0xdb4 ./src/PR_USART.o
 .debug_info    0x000000000001264f       0x22 ./src/aeabi_romdiv_patch.o
 .debug_info    0x0000000000012671      0x262 ./src/cr_startup_lpc84x.o
 .debug_info    0x00000000000128d3       0x40 ./src/crp.o
 .debug_info    0x0000000000012913       0x54 ./src/mtb.o

.debug_abbrev   0x0000000000000000     0x2465
 .debug_abbrev  0x0000000000000000      0x17d ./src/DR_GPIO.o
 .debug_abbrev  0x000000000000017d      0x181 ./src/DR_IOCON.o
 .debug_abbrev  0x00000000000002fe      0x196 ./src/DR_NVIC.o
 .debug_abbrev  0x0000000000000494      0x1c3 ./src/DR_SPI.o
 .debug_abbrev  0x0000000000000657      0x211 ./src/DR_SWM.o
 .debug_abbrev  0x0000000000000868      0x275 ./src/DR_SYSCON.o
 .debug_abbrev  0x0000000000000add      0x16e ./src/DR_SYSTICK.o
 .debug_abbrev  0x0000000000000c4b       0xeb ./src/DR_Timer.o
 .debug_abbrev  0x0000000000000d36      0x1f8 ./src/DR_USART.o
 .debug_abbrev  0x0000000000000f2e      0x259 ./src/LPC845_Reproductor_WAV.o
 .debug_abbrev  0x0000000000001187      0x119 ./src/PR_GPIO.o
 .debug_abbrev  0x00000000000012a0      0x131 ./src/PR_IOCON.o
 .debug_abbrev  0x00000000000013d1       0x63 ./src/PR_Leds.o
 .debug_abbrev  0x0000000000001434      0x2dc ./src/PR_MMC_SD.o
 .debug_abbrev  0x0000000000001710      0x307 ./src/PR_SPI.o
 .debug_abbrev  0x0000000000001a17      0x2e2 ./src/PR_SYSCON.o
 .debug_abbrev  0x0000000000001cf9      0x164 ./src/PR_SYSTICK.o
 .debug_abbrev  0x0000000000001e5d      0x19d ./src/PR_Timer.o
 .debug_abbrev  0x0000000000001ffa      0x2a6 ./src/PR_USART.o
 .debug_abbrev  0x00000000000022a0       0x12 ./src/aeabi_romdiv_patch.o
 .debug_abbrev  0x00000000000022b2      0x135 ./src/cr_startup_lpc84x.o
 .debug_abbrev  0x00000000000023e7       0x38 ./src/crp.o
 .debug_abbrev  0x000000000000241f       0x46 ./src/mtb.o

.debug_aranges  0x0000000000000000     0x10c8
 .debug_aranges
                0x0000000000000000       0xa8 ./src/DR_GPIO.o
 .debug_aranges
                0x00000000000000a8       0xb8 ./src/DR_IOCON.o
 .debug_aranges
                0x0000000000000160       0x48 ./src/DR_NVIC.o
 .debug_aranges
                0x00000000000001a8      0x1b8 ./src/DR_SPI.o
 .debug_aranges
                0x0000000000000360      0x180 ./src/DR_SWM.o
 .debug_aranges
                0x00000000000004e0      0x168 ./src/DR_SYSCON.o
 .debug_aranges
                0x0000000000000648       0x60 ./src/DR_SYSTICK.o
 .debug_aranges
                0x00000000000006a8       0x20 ./src/DR_Timer.o
 .debug_aranges
                0x00000000000006c8      0x300 ./src/DR_USART.o
 .debug_aranges
                0x00000000000009c8       0x78 ./src/LPC845_Reproductor_WAV.o
 .debug_aranges
                0x0000000000000a40       0xb0 ./src/PR_GPIO.o
 .debug_aranges
                0x0000000000000af0       0x20 ./src/PR_IOCON.o
 .debug_aranges
                0x0000000000000b10       0x68 ./src/PR_Leds.o
 .debug_aranges
                0x0000000000000b78      0x158 ./src/PR_MMC_SD.o
 .debug_aranges
                0x0000000000000cd0       0xd0 ./src/PR_SPI.o
 .debug_aranges
                0x0000000000000da0       0xf0 ./src/PR_SYSCON.o
 .debug_aranges
                0x0000000000000e90       0x60 ./src/PR_SYSTICK.o
 .debug_aranges
                0x0000000000000ef0       0x58 ./src/PR_Timer.o
 .debug_aranges
                0x0000000000000f48       0xc8 ./src/PR_USART.o
 .debug_aranges
                0x0000000000001010       0x28 ./src/aeabi_romdiv_patch.o
 .debug_aranges
                0x0000000000001038       0x60 ./src/cr_startup_lpc84x.o
 .debug_aranges
                0x0000000000001098       0x18 ./src/crp.o
 .debug_aranges
                0x00000000000010b0       0x18 ./src/mtb.o

.debug_ranges   0x0000000000000000      0xf50
 .debug_ranges  0x0000000000000000       0x98 ./src/DR_GPIO.o
 .debug_ranges  0x0000000000000098       0xa8 ./src/DR_IOCON.o
 .debug_ranges  0x0000000000000140       0x38 ./src/DR_NVIC.o
 .debug_ranges  0x0000000000000178      0x1a8 ./src/DR_SPI.o
 .debug_ranges  0x0000000000000320      0x170 ./src/DR_SWM.o
 .debug_ranges  0x0000000000000490      0x158 ./src/DR_SYSCON.o
 .debug_ranges  0x00000000000005e8       0x50 ./src/DR_SYSTICK.o
 .debug_ranges  0x0000000000000638       0x10 ./src/DR_Timer.o
 .debug_ranges  0x0000000000000648      0x2f0 ./src/DR_USART.o
 .debug_ranges  0x0000000000000938       0x68 ./src/LPC845_Reproductor_WAV.o
 .debug_ranges  0x00000000000009a0       0xa0 ./src/PR_GPIO.o
 .debug_ranges  0x0000000000000a40       0x10 ./src/PR_IOCON.o
 .debug_ranges  0x0000000000000a50       0x58 ./src/PR_Leds.o
 .debug_ranges  0x0000000000000aa8      0x148 ./src/PR_MMC_SD.o
 .debug_ranges  0x0000000000000bf0       0xc0 ./src/PR_SPI.o
 .debug_ranges  0x0000000000000cb0       0xe0 ./src/PR_SYSCON.o
 .debug_ranges  0x0000000000000d90       0x50 ./src/PR_SYSTICK.o
 .debug_ranges  0x0000000000000de0       0x48 ./src/PR_Timer.o
 .debug_ranges  0x0000000000000e28       0xb8 ./src/PR_USART.o
 .debug_ranges  0x0000000000000ee0       0x20 ./src/aeabi_romdiv_patch.o
 .debug_ranges  0x0000000000000f00       0x50 ./src/cr_startup_lpc84x.o

.debug_macro    0x0000000000000000      0xf24
 .debug_macro   0x0000000000000000       0x2a ./src/DR_GPIO.o
 .debug_macro   0x000000000000002a       0x80 ./src/DR_IOCON.o
 .debug_macro   0x00000000000000aa       0x2a ./src/DR_NVIC.o
 .debug_macro   0x00000000000000d4       0x54 ./src/DR_SPI.o
 .debug_macro   0x0000000000000128       0x10 ./src/DR_SPI.o
 .debug_macro   0x0000000000000138       0x7f ./src/DR_SWM.o
 .debug_macro   0x00000000000001b7       0x22 ./src/DR_SWM.o
 .debug_macro   0x00000000000001d9       0x7a ./src/DR_SYSCON.o
 .debug_macro   0x0000000000000253       0x1c ./src/DR_SYSCON.o
 .debug_macro   0x000000000000026f       0x16 ./src/DR_SYSCON.o
 .debug_macro   0x0000000000000285       0x29 ./src/DR_SYSTICK.o
 .debug_macro   0x00000000000002ae       0x16 ./src/DR_SYSTICK.o
 .debug_macro   0x00000000000002c4       0x29 ./src/DR_Timer.o
 .debug_macro   0x00000000000002ed       0x22 ./src/DR_Timer.o
 .debug_macro   0x000000000000030f       0x54 ./src/DR_USART.o
 .debug_macro   0x0000000000000363       0x22 ./src/DR_USART.o
 .debug_macro   0x0000000000000385      0x15c ./src/LPC845_Reproductor_WAV.o
 .debug_macro   0x00000000000004e1       0x82 ./src/LPC845_Reproductor_WAV.o
 .debug_macro   0x0000000000000563       0x28 ./src/LPC845_Reproductor_WAV.o
 .debug_macro   0x000000000000058b       0x10 ./src/LPC845_Reproductor_WAV.o
 .debug_macro   0x000000000000059b       0x9a ./src/LPC845_Reproductor_WAV.o
 .debug_macro   0x0000000000000635       0x28 ./src/LPC845_Reproductor_WAV.o
 .debug_macro   0x000000000000065d       0x16 ./src/LPC845_Reproductor_WAV.o
 .debug_macro   0x0000000000000673       0x83 ./src/PR_GPIO.o
 .debug_macro   0x00000000000006f6       0x10 ./src/PR_GPIO.o
 .debug_macro   0x0000000000000706       0x9b ./src/PR_IOCON.o
 .debug_macro   0x00000000000007a1       0x5a ./src/PR_Leds.o
 .debug_macro   0x00000000000007fb       0x94 ./src/PR_Leds.o
 .debug_macro   0x000000000000088f      0x21a ./src/PR_MMC_SD.o
 .debug_macro   0x0000000000000aa9       0x16 ./src/PR_MMC_SD.o
 .debug_macro   0x0000000000000abf       0x16 ./src/PR_MMC_SD.o
 .debug_macro   0x0000000000000ad5       0xdd ./src/PR_SPI.o
 .debug_macro   0x0000000000000bb2       0x28 ./src/PR_SPI.o
 .debug_macro   0x0000000000000bda       0x10 ./src/PR_SPI.o
 .debug_macro   0x0000000000000bea       0xbe ./src/PR_SYSCON.o
 .debug_macro   0x0000000000000ca8       0x96 ./src/PR_SYSTICK.o
 .debug_macro   0x0000000000000d3e       0x1c ./src/PR_SYSTICK.o
 .debug_macro   0x0000000000000d5a       0x3c ./src/PR_Timer.o
 .debug_macro   0x0000000000000d96       0xbc ./src/PR_USART.o
 .debug_macro   0x0000000000000e52       0x28 ./src/PR_USART.o
 .debug_macro   0x0000000000000e7a       0x23 ./src/cr_startup_lpc84x.o
 .debug_macro   0x0000000000000e9d       0x1a ./src/crp.o
 .debug_macro   0x0000000000000eb7       0x34 ./src/crp.o
 .debug_macro   0x0000000000000eeb       0x29 ./src/mtb.o
 .debug_macro   0x0000000000000f14       0x10 ./src/mtb.o

.debug_line     0x0000000000000000     0x75f9
 .debug_line    0x0000000000000000      0x2ab ./src/DR_GPIO.o
 .debug_line    0x00000000000002ab      0x4b7 ./src/DR_IOCON.o
 .debug_line    0x0000000000000762      0x2a0 ./src/DR_NVIC.o
 .debug_line    0x0000000000000a02      0x95d ./src/DR_SPI.o
 .debug_line    0x000000000000135f      0xab4 ./src/DR_SWM.o
 .debug_line    0x0000000000001e13      0x972 ./src/DR_SYSCON.o
 .debug_line    0x0000000000002785      0x1b8 ./src/DR_SYSTICK.o
 .debug_line    0x000000000000293d       0xf4 ./src/DR_Timer.o
 .debug_line    0x0000000000002a31      0xbbe ./src/DR_USART.o
 .debug_line    0x00000000000035ef      0x599 ./src/LPC845_Reproductor_WAV.o
 .debug_line    0x0000000000003b88      0x42d ./src/PR_GPIO.o
 .debug_line    0x0000000000003fb5      0x2a3 ./src/PR_IOCON.o
 .debug_line    0x0000000000004258      0x1c9 ./src/PR_Leds.o
 .debug_line    0x0000000000004421     0x1348 ./src/PR_MMC_SD.o
 .debug_line    0x0000000000005769      0x70a ./src/PR_SPI.o
 .debug_line    0x0000000000005e73      0x704 ./src/PR_SYSCON.o
 .debug_line    0x0000000000006577      0x33d ./src/PR_SYSTICK.o
 .debug_line    0x00000000000068b4      0x2b4 ./src/PR_Timer.o
 .debug_line    0x0000000000006b68      0x758 ./src/PR_USART.o
 .debug_line    0x00000000000072c0       0x65 ./src/aeabi_romdiv_patch.o
 .debug_line    0x0000000000007325      0x14d ./src/cr_startup_lpc84x.o
 .debug_line    0x0000000000007472       0xb5 ./src/crp.o
 .debug_line    0x0000000000007527       0xd2 ./src/mtb.o

.debug_str      0x0000000000000000     0xeb29
 .debug_str     0x0000000000000000     0x30d3 ./src/DR_GPIO.o
                                       0x344c (size before relaxing)
 .debug_str     0x00000000000030d3     0x26bc ./src/DR_IOCON.o
                                       0x55c3 (size before relaxing)
 .debug_str     0x000000000000578f      0xc3f ./src/DR_NVIC.o
                                       0x399b (size before relaxing)
 .debug_str     0x00000000000063ce      0x754 ./src/DR_SPI.o
                                       0x4d17 (size before relaxing)
 .debug_str     0x0000000000006b22     0x137f ./src/DR_SWM.o
                                       0x64fa (size before relaxing)
 .debug_str     0x0000000000007ea1     0x1484 ./src/DR_SYSCON.o
                                       0x784f (size before relaxing)
 .debug_str     0x0000000000009325      0x28c ./src/DR_SYSTICK.o
                                       0x2fc1 (size before relaxing)
 .debug_str     0x00000000000095b1       0xa1 ./src/DR_Timer.o
                                       0x2dbf (size before relaxing)
 .debug_str     0x0000000000009652      0xd23 ./src/DR_USART.o
                                       0x52a1 (size before relaxing)
 .debug_str     0x000000000000a375     0x19e8 ./src/LPC845_Reproductor_WAV.o
                                       0x6c02 (size before relaxing)
 .debug_str     0x000000000000bd5d      0x1db ./src/PR_GPIO.o
                                       0x554e (size before relaxing)
 .debug_str     0x000000000000bf38      0x2dd ./src/PR_IOCON.o
                                       0x5516 (size before relaxing)
 .debug_str     0x000000000000c215       0xcf ./src/PR_Leds.o
                                       0x362f (size before relaxing)
 .debug_str     0x000000000000c2e4     0x124a ./src/PR_MMC_SD.o
                                       0x63b7 (size before relaxing)
 .debug_str     0x000000000000d52e      0x54e ./src/PR_SPI.o
                                       0x6843 (size before relaxing)
 .debug_str     0x000000000000da7c      0x8ff ./src/PR_SYSCON.o
                                       0x6d0d (size before relaxing)
 .debug_str     0x000000000000e37b       0xea ./src/PR_SYSTICK.o
                                       0x4e4c (size before relaxing)
 .debug_str     0x000000000000e465       0x9c ./src/PR_Timer.o
                                       0x2ec1 (size before relaxing)
 .debug_str     0x000000000000e501      0x287 ./src/PR_USART.o
                                       0x6483 (size before relaxing)
 .debug_str     0x000000000000e788       0x2a ./src/aeabi_romdiv_patch.o
                                         0x81 (size before relaxing)
 .debug_str     0x000000000000e7b2      0x1be ./src/cr_startup_lpc84x.o
                                       0x2e51 (size before relaxing)
 .debug_str     0x000000000000e970       0xe9 ./src/crp.o
                                       0x2d66 (size before relaxing)
 .debug_str     0x000000000000ea59       0xd0 ./src/mtb.o
                                       0x319b (size before relaxing)

.comment        0x0000000000000000       0x4d
 .comment       0x0000000000000000       0x4d ./src/DR_GPIO.o
                                         0x4e (size before relaxing)
 .comment       0x000000000000004d       0x4e ./src/DR_IOCON.o
 .comment       0x000000000000004d       0x4e ./src/DR_NVIC.o
 .comment       0x000000000000004d       0x4e ./src/DR_SPI.o
 .comment       0x000000000000004d       0x4e ./src/DR_SWM.o
 .comment       0x000000000000004d       0x4e ./src/DR_SYSCON.o
 .comment       0x000000000000004d       0x4e ./src/DR_SYSTICK.o
 .comment       0x000000000000004d       0x4e ./src/DR_Timer.o
 .comment       0x000000000000004d       0x4e ./src/DR_USART.o
 .comment       0x000000000000004d       0x4e ./src/LPC845_Reproductor_WAV.o
 .comment       0x000000000000004d       0x4e ./src/PR_GPIO.o
 .comment       0x000000000000004d       0x4e ./src/PR_IOCON.o
 .comment       0x000000000000004d       0x4e ./src/PR_Leds.o
 .comment       0x000000000000004d       0x4e ./src/PR_MMC_SD.o
 .comment       0x000000000000004d       0x4e ./src/PR_SPI.o
 .comment       0x000000000000004d       0x4e ./src/PR_SYSCON.o
 .comment       0x000000000000004d       0x4e ./src/PR_SYSTICK.o
 .comment       0x000000000000004d       0x4e ./src/PR_Timer.o
 .comment       0x000000000000004d       0x4e ./src/PR_USART.o
 .comment       0x000000000000004d       0x4e ./src/cr_startup_lpc84x.o
 .comment       0x000000000000004d       0x4e ./src/crp.o
 .comment       0x000000000000004d       0x4e ./src/mtb.o
 .comment       0x000000000000004d       0x4e /usr/local/mcuxpressoide-11.4.1_6260/ide/plugins/com.nxp.mcuxpresso.tools.linux_11.4.0.202103011116/tools/bin/../lib/gcc/arm-none-eabi/10.2.1/../../../../arm-none-eabi/lib/thumb/v6-m/nofp/libcr_nohost_nf.a(_cr__main.o)
 .comment       0x000000000000004d       0x4e /usr/local/mcuxpressoide-11.4.1_6260/ide/plugins/com.nxp.mcuxpresso.tools.linux_11.4.0.202103011116/tools/bin/../lib/gcc/arm-none-eabi/10.2.1/../../../../arm-none-eabi/lib/thumb/v6-m/nofp/libcr_nohost_nf.a(__ciob.o)
 .comment       0x000000000000004d       0x4e /usr/local/mcuxpressoide-11.4.1_6260/ide/plugins/com.nxp.mcuxpresso.tools.linux_11.4.0.202103011116/tools/bin/../lib/gcc/arm-none-eabi/10.2.1/../../../../arm-none-eabi/lib/thumb/v6-m/nofp/libcr_c.a(memset.o)
 .comment       0x000000000000004d       0x4e /usr/local/mcuxpressoide-11.4.1_6260/ide/plugins/com.nxp.mcuxpresso.tools.linux_11.4.0.202103011116/tools/bin/../lib/gcc/arm-none-eabi/10.2.1/../../../../arm-none-eabi/lib/thumb/v6-m/nofp/libcr_c.a(_deferredlazyseek.o)
 .comment       0x000000000000004d       0x4e /usr/local/mcuxpressoide-11.4.1_6260/ide/plugins/com.nxp.mcuxpresso.tools.linux_11.4.0.202103011116/tools/bin/../lib/gcc/arm-none-eabi/10.2.1/../../../../arm-none-eabi/lib/thumb/v6-m/nofp/libcr_c.a(_fflush.o)
 .comment       0x000000000000004d       0x4e /usr/local/mcuxpressoide-11.4.1_6260/ide/plugins/com.nxp.mcuxpresso.tools.linux_11.4.0.202103011116/tools/bin/../lib/gcc/arm-none-eabi/10.2.1/../../../../arm-none-eabi/lib/thumb/v6-m/nofp/libcr_c.a(_writebuf.o)
 .comment       0x000000000000004d       0x4e /usr/local/mcuxpressoide-11.4.1_6260/ide/plugins/com.nxp.mcuxpresso.tools.linux_11.4.0.202103011116/tools/bin/../lib/gcc/arm-none-eabi/10.2.1/../../../../arm-none-eabi/lib/thumb/v6-m/nofp/libcr_c.a(alloc.o)
 .comment       0x000000000000004d       0x4e /usr/local/mcuxpressoide-11.4.1_6260/ide/plugins/com.nxp.mcuxpresso.tools.linux_11.4.0.202103011116/tools/bin/../lib/gcc/arm-none-eabi/10.2.1/../../../../arm-none-eabi/lib/thumb/v6-m/nofp/libcr_c.a(fseek.o)
 .comment       0x000000000000004d       0x4e /usr/local/mcuxpressoide-11.4.1_6260/ide/plugins/com.nxp.mcuxpresso.tools.linux_11.4.0.202103011116/tools/bin/../lib/gcc/arm-none-eabi/10.2.1/../../../../arm-none-eabi/lib/thumb/v6-m/nofp/libcr_c.a(ftell.o)
 .comment       0x000000000000004d       0x4e /usr/local/mcuxpressoide-11.4.1_6260/ide/plugins/com.nxp.mcuxpresso.tools.linux_11.4.0.202103011116/tools/bin/../lib/gcc/arm-none-eabi/10.2.1/../../../../arm-none-eabi/lib/thumb/v6-m/nofp/libcr_c.a(initio.o)
 .comment       0x000000000000004d       0x4e /usr/local/mcuxpressoide-11.4.1_6260/ide/plugins/com.nxp.mcuxpresso.tools.linux_11.4.0.202103011116/tools/bin/../lib/gcc/arm-none-eabi/10.2.1/../../../../arm-none-eabi/lib/thumb/v6-m/nofp/libcr_c.a(setvbuf.o)
 .comment       0x000000000000004d       0x4e /usr/local/mcuxpressoide-11.4.1_6260/ide/plugins/com.nxp.mcuxpresso.tools.linux_11.4.0.202103011116/tools/bin/../lib/gcc/arm-none-eabi/10.2.1/../../../../arm-none-eabi/lib/thumb/v6-m/nofp/libcr_c.a(stdlib.o)
 .comment       0x000000000000004d       0x4e /usr/local/mcuxpressoide-11.4.1_6260/ide/plugins/com.nxp.mcuxpresso.tools.linux_11.4.0.202103011116/tools/bin/../lib/gcc/arm-none-eabi/10.2.1/../../../../arm-none-eabi/lib/thumb/v6-m/nofp/libcr_c.a(strlen.o)
 .comment       0x000000000000004d       0x4e /usr/local/mcuxpressoide-11.4.1_6260/ide/plugins/com.nxp.mcuxpresso.tools.linux_11.4.0.202103011116/tools/bin/../lib/gcc/arm-none-eabi/10.2.1/../../../../arm-none-eabi/lib/thumb/v6-m/nofp/libcr_c.a(_fdopen.o)
 .comment       0x000000000000004d       0x4e /usr/local/mcuxpressoide-11.4.1_6260/ide/plugins/com.nxp.mcuxpresso.tools.linux_11.4.0.202103011116/tools/bin/../lib/gcc/arm-none-eabi/10.2.1/../../../../arm-none-eabi/lib/thumb/v6-m/nofp/libcr_c.a(errno.o)
 .comment       0x000000000000004d       0x4e /usr/local/mcuxpressoide-11.4.1_6260/ide/plugins/com.nxp.mcuxpresso.tools.linux_11.4.0.202103011116/tools/bin/../lib/gcc/arm-none-eabi/10.2.1/../../../../arm-none-eabi/lib/thumb/v6-m/nofp/libcr_c.a(fclose.o)
 .comment       0x000000000000004d       0x4e /usr/local/mcuxpressoide-11.4.1_6260/ide/plugins/com.nxp.mcuxpresso.tools.linux_11.4.0.202103011116/tools/bin/../lib/gcc/arm-none-eabi/10.2.1/../../../../arm-none-eabi/lib/thumb/v6-m/nofp/libcr_c.a(fflush.o)
 .comment       0x000000000000004d       0x4e /usr/local/mcuxpressoide-11.4.1_6260/ide/plugins/com.nxp.mcuxpresso.tools.linux_11.4.0.202103011116/tools/bin/../lib/gcc/arm-none-eabi/10.2.1/../../../../arm-none-eabi/lib/thumb/v6-m/nofp/libcr_c.a(remove.o)
 .comment       0x000000000000004d       0x4e /usr/local/mcuxpressoide-11.4.1_6260/ide/plugins/com.nxp.mcuxpresso.tools.linux_11.4.0.202103011116/tools/bin/../lib/gcc/arm-none-eabi/10.2.1/../../../../arm-none-eabi/lib/thumb/v6-m/nofp/libcr_c.a(_do_fflush.o)
 .comment       0x000000000000004d       0x4e /usr/local/mcuxpressoide-11.4.1_6260/ide/plugins/com.nxp.mcuxpresso.tools.linux_11.4.0.202103011116/tools/bin/../lib/gcc/arm-none-eabi/10.2.1/thumb/v6-m/nofp/libcr_eabihelpers.a(double.o)
 .comment       0x000000000000004d       0x4e /usr/local/mcuxpressoide-11.4.1_6260/ide/plugins/com.nxp.mcuxpresso.tools.linux_11.4.0.202103011116/tools/bin/../lib/gcc/arm-none-eabi/10.2.1/thumb/v6-m/nofp/libcr_eabihelpers.a(float.o)
 .comment       0x000000000000004d       0x4e /usr/local/mcuxpressoide-11.4.1_6260/ide/plugins/com.nxp.mcuxpresso.tools.linux_11.4.0.202103011116/tools/bin/../lib/gcc/arm-none-eabi/10.2.1/../../../../arm-none-eabi/lib/thumb/v6-m/nofp/libcr_nohost_nf.a(__sys_close.o)
 .comment       0x000000000000004d       0x4e /usr/local/mcuxpressoide-11.4.1_6260/ide/plugins/com.nxp.mcuxpresso.tools.linux_11.4.0.202103011116/tools/bin/../lib/gcc/arm-none-eabi/10.2.1/../../../../arm-none-eabi/lib/thumb/v6-m/nofp/libcr_nohost_nf.a(__sys_flen.o)
 .comment       0x000000000000004d       0x4e /usr/local/mcuxpressoide-11.4.1_6260/ide/plugins/com.nxp.mcuxpresso.tools.linux_11.4.0.202103011116/tools/bin/../lib/gcc/arm-none-eabi/10.2.1/../../../../arm-none-eabi/lib/thumb/v6-m/nofp/libcr_nohost_nf.a(__sys_istty.o)
 .comment       0x000000000000004d       0x4e /usr/local/mcuxpressoide-11.4.1_6260/ide/plugins/com.nxp.mcuxpresso.tools.linux_11.4.0.202103011116/tools/bin/../lib/gcc/arm-none-eabi/10.2.1/../../../../arm-none-eabi/lib/thumb/v6-m/nofp/libcr_nohost_nf.a(__sys_remove.o)
 .comment       0x000000000000004d       0x4e /usr/local/mcuxpressoide-11.4.1_6260/ide/plugins/com.nxp.mcuxpresso.tools.linux_11.4.0.202103011116/tools/bin/../lib/gcc/arm-none-eabi/10.2.1/../../../../arm-none-eabi/lib/thumb/v6-m/nofp/libcr_nohost_nf.a(__sys_seek.o)
 .comment       0x000000000000004d       0x4e /usr/local/mcuxpressoide-11.4.1_6260/ide/plugins/com.nxp.mcuxpresso.tools.linux_11.4.0.202103011116/tools/bin/../lib/gcc/arm-none-eabi/10.2.1/../../../../arm-none-eabi/lib/thumb/v6-m/nofp/libcr_nohost_nf.a(__sys_tmpnam.o)
 .comment       0x000000000000004d       0x4e /usr/local/mcuxpressoide-11.4.1_6260/ide/plugins/com.nxp.mcuxpresso.tools.linux_11.4.0.202103011116/tools/bin/../lib/gcc/arm-none-eabi/10.2.1/../../../../arm-none-eabi/lib/thumb/v6-m/nofp/libcr_nohost_nf.a(__sys_write.o)

.ARM.attributes
                0x0000000000000000       0x2a
 .ARM.attributes
                0x0000000000000000       0x2c ./src/DR_GPIO.o
 .ARM.attributes
                0x000000000000002c       0x2c ./src/DR_IOCON.o
 .ARM.attributes
                0x0000000000000058       0x2c ./src/DR_NVIC.o
 .ARM.attributes
                0x0000000000000084       0x2c ./src/DR_SPI.o
 .ARM.attributes
                0x00000000000000b0       0x2c ./src/DR_SWM.o
 .ARM.attributes
                0x00000000000000dc       0x2c ./src/DR_SYSCON.o
 .ARM.attributes
                0x0000000000000108       0x2c ./src/DR_SYSTICK.o
 .ARM.attributes
                0x0000000000000134       0x2c ./src/DR_Timer.o
 .ARM.attributes
                0x0000000000000160       0x2c ./src/DR_USART.o
 .ARM.attributes
                0x000000000000018c       0x2c ./src/LPC845_Reproductor_WAV.o
 .ARM.attributes
                0x00000000000001b8       0x2c ./src/PR_GPIO.o
 .ARM.attributes
                0x00000000000001e4       0x2c ./src/PR_IOCON.o
 .ARM.attributes
                0x0000000000000210       0x2c ./src/PR_Leds.o
 .ARM.attributes
                0x000000000000023c       0x2c ./src/PR_MMC_SD.o
 .ARM.attributes
                0x0000000000000268       0x2c ./src/PR_SPI.o
 .ARM.attributes
                0x0000000000000294       0x2c ./src/PR_SYSCON.o
 .ARM.attributes
                0x00000000000002c0       0x2c ./src/PR_SYSTICK.o
 .ARM.attributes
                0x00000000000002ec       0x2c ./src/PR_Timer.o
 .ARM.attributes
                0x0000000000000318       0x2c ./src/PR_USART.o
 .ARM.attributes
                0x0000000000000344       0x1c ./src/aeabi_romdiv_patch.o
 .ARM.attributes
                0x0000000000000360       0x2c ./src/cr_startup_lpc84x.o
 .ARM.attributes
                0x000000000000038c       0x31 ./src/crp.o
 .ARM.attributes
                0x00000000000003bd       0x31 ./src/mtb.o
 .ARM.attributes
                0x00000000000003ee       0x2c /usr/local/mcuxpressoide-11.4.1_6260/ide/plugins/com.nxp.mcuxpresso.tools.linux_11.4.0.202103011116/tools/bin/../lib/gcc/arm-none-eabi/10.2.1/../../../../arm-none-eabi/lib/thumb/v6-m/nofp/libcr_nohost_nf.a(_cr__main.o)
 .ARM.attributes
                0x000000000000041a       0x31 /usr/local/mcuxpressoide-11.4.1_6260/ide/plugins/com.nxp.mcuxpresso.tools.linux_11.4.0.202103011116/tools/bin/../lib/gcc/arm-none-eabi/10.2.1/../../../../arm-none-eabi/lib/thumb/v6-m/nofp/libcr_nohost_nf.a(__ciob.o)
 .ARM.attributes
                0x000000000000044b       0x2c /usr/local/mcuxpressoide-11.4.1_6260/ide/plugins/com.nxp.mcuxpresso.tools.linux_11.4.0.202103011116/tools/bin/../lib/gcc/arm-none-eabi/10.2.1/../../../../arm-none-eabi/lib/thumb/v6-m/nofp/libcr_c.a(memset.o)
 .ARM.attributes
                0x0000000000000477       0x2c /usr/local/mcuxpressoide-11.4.1_6260/ide/plugins/com.nxp.mcuxpresso.tools.linux_11.4.0.202103011116/tools/bin/../lib/gcc/arm-none-eabi/10.2.1/../../../../arm-none-eabi/lib/thumb/v6-m/nofp/libcr_c.a(_deferredlazyseek.o)
 .ARM.attributes
                0x00000000000004a3       0x2c /usr/local/mcuxpressoide-11.4.1_6260/ide/plugins/com.nxp.mcuxpresso.tools.linux_11.4.0.202103011116/tools/bin/../lib/gcc/arm-none-eabi/10.2.1/../../../../arm-none-eabi/lib/thumb/v6-m/nofp/libcr_c.a(_fflush.o)
 .ARM.attributes
                0x00000000000004cf       0x2c /usr/local/mcuxpressoide-11.4.1_6260/ide/plugins/com.nxp.mcuxpresso.tools.linux_11.4.0.202103011116/tools/bin/../lib/gcc/arm-none-eabi/10.2.1/../../../../arm-none-eabi/lib/thumb/v6-m/nofp/libcr_c.a(_writebuf.o)
 .ARM.attributes
                0x00000000000004fb       0x2c /usr/local/mcuxpressoide-11.4.1_6260/ide/plugins/com.nxp.mcuxpresso.tools.linux_11.4.0.202103011116/tools/bin/../lib/gcc/arm-none-eabi/10.2.1/../../../../arm-none-eabi/lib/thumb/v6-m/nofp/libcr_c.a(alloc.o)
 .ARM.attributes
                0x0000000000000527       0x2c /usr/local/mcuxpressoide-11.4.1_6260/ide/plugins/com.nxp.mcuxpresso.tools.linux_11.4.0.202103011116/tools/bin/../lib/gcc/arm-none-eabi/10.2.1/../../../../arm-none-eabi/lib/thumb/v6-m/nofp/libcr_c.a(fseek.o)
 .ARM.attributes
                0x0000000000000553       0x2c /usr/local/mcuxpressoide-11.4.1_6260/ide/plugins/com.nxp.mcuxpresso.tools.linux_11.4.0.202103011116/tools/bin/../lib/gcc/arm-none-eabi/10.2.1/../../../../arm-none-eabi/lib/thumb/v6-m/nofp/libcr_c.a(ftell.o)
 .ARM.attributes
                0x000000000000057f       0x2c /usr/local/mcuxpressoide-11.4.1_6260/ide/plugins/com.nxp.mcuxpresso.tools.linux_11.4.0.202103011116/tools/bin/../lib/gcc/arm-none-eabi/10.2.1/../../../../arm-none-eabi/lib/thumb/v6-m/nofp/libcr_c.a(initio.o)
 .ARM.attributes
                0x00000000000005ab       0x2c /usr/local/mcuxpressoide-11.4.1_6260/ide/plugins/com.nxp.mcuxpresso.tools.linux_11.4.0.202103011116/tools/bin/../lib/gcc/arm-none-eabi/10.2.1/../../../../arm-none-eabi/lib/thumb/v6-m/nofp/libcr_c.a(setvbuf.o)
 .ARM.attributes
                0x00000000000005d7       0x2c /usr/local/mcuxpressoide-11.4.1_6260/ide/plugins/com.nxp.mcuxpresso.tools.linux_11.4.0.202103011116/tools/bin/../lib/gcc/arm-none-eabi/10.2.1/../../../../arm-none-eabi/lib/thumb/v6-m/nofp/libcr_c.a(stdlib.o)
 .ARM.attributes
                0x0000000000000603       0x2c /usr/local/mcuxpressoide-11.4.1_6260/ide/plugins/com.nxp.mcuxpresso.tools.linux_11.4.0.202103011116/tools/bin/../lib/gcc/arm-none-eabi/10.2.1/../../../../arm-none-eabi/lib/thumb/v6-m/nofp/libcr_c.a(strlen.o)
 .ARM.attributes
                0x000000000000062f       0x2c /usr/local/mcuxpressoide-11.4.1_6260/ide/plugins/com.nxp.mcuxpresso.tools.linux_11.4.0.202103011116/tools/bin/../lib/gcc/arm-none-eabi/10.2.1/../../../../arm-none-eabi/lib/thumb/v6-m/nofp/libcr_c.a(_fdopen.o)
 .ARM.attributes
                0x000000000000065b       0x31 /usr/local/mcuxpressoide-11.4.1_6260/ide/plugins/com.nxp.mcuxpresso.tools.linux_11.4.0.202103011116/tools/bin/../lib/gcc/arm-none-eabi/10.2.1/../../../../arm-none-eabi/lib/thumb/v6-m/nofp/libcr_c.a(errno.o)
 .ARM.attributes
                0x000000000000068c       0x2c /usr/local/mcuxpressoide-11.4.1_6260/ide/plugins/com.nxp.mcuxpresso.tools.linux_11.4.0.202103011116/tools/bin/../lib/gcc/arm-none-eabi/10.2.1/../../../../arm-none-eabi/lib/thumb/v6-m/nofp/libcr_c.a(fclose.o)
 .ARM.attributes
                0x00000000000006b8       0x2c /usr/local/mcuxpressoide-11.4.1_6260/ide/plugins/com.nxp.mcuxpresso.tools.linux_11.4.0.202103011116/tools/bin/../lib/gcc/arm-none-eabi/10.2.1/../../../../arm-none-eabi/lib/thumb/v6-m/nofp/libcr_c.a(fflush.o)
 .ARM.attributes
                0x00000000000006e4       0x2c /usr/local/mcuxpressoide-11.4.1_6260/ide/plugins/com.nxp.mcuxpresso.tools.linux_11.4.0.202103011116/tools/bin/../lib/gcc/arm-none-eabi/10.2.1/../../../../arm-none-eabi/lib/thumb/v6-m/nofp/libcr_c.a(remove.o)
 .ARM.attributes
                0x0000000000000710       0x2c /usr/local/mcuxpressoide-11.4.1_6260/ide/plugins/com.nxp.mcuxpresso.tools.linux_11.4.0.202103011116/tools/bin/../lib/gcc/arm-none-eabi/10.2.1/../../../../arm-none-eabi/lib/thumb/v6-m/nofp/libcr_c.a(_do_fflush.o)
 .ARM.attributes
                0x000000000000073c       0x1c /usr/local/mcuxpressoide-11.4.1_6260/ide/plugins/com.nxp.mcuxpresso.tools.linux_11.4.0.202103011116/tools/bin/../lib/gcc/arm-none-eabi/10.2.1/thumb/v6-m/nofp/libcr_eabihelpers.a(division_64.o)
 .ARM.attributes