Archive member included to satisfy reference by file (symbol)

/usr/local/mcuxpressoide-11.4.1_6260/ide/plugins/com.nxp.mcuxpresso.tools.linux_11.4.0.202103011116/tools/bin/../lib/gcc/arm-none-eabi/10.2.1/../../../../arm-none-eabi/lib/thumb/v6-m/nofp/libcr_nohost_nf.a(_cr__main.o)
                              ./src/cr_startup_lpc84x.o (__main)
/usr/local/mcuxpressoide-11.4.1_6260/ide/plugins/com.nxp.mcuxpresso.tools.linux_11.4.0.202103011116/tools/bin/../lib/gcc/arm-none-eabi/10.2.1/../../../../arm-none-eabi/lib/thumb/v6-m/nofp/libcr_nohost_nf.a(_cr_assert.o)
                              ./src/DR_SYSCON.o (__assertion_failed)
/usr/local/mcuxpressoide-11.4.1_6260/ide/plugins/com.nxp.mcuxpresso.tools.linux_11.4.0.202103011116/tools/bin/../lib/gcc/arm-none-eabi/10.2.1/../../../../arm-none-eabi/lib/thumb/v6-m/nofp/libcr_nohost_nf.a(__ciob.o)
                              /usr/local/mcuxpressoide-11.4.1_6260/ide/plugins/com.nxp.mcuxpresso.tools.linux_11.4.0.202103011116/tools/bin/../lib/gcc/arm-none-eabi/10.2.1/../../../../arm-none-eabi/lib/thumb/v6-m/nofp/libcr_nohost_nf.a(_cr_assert.o) (__Ciob)
/usr/local/mcuxpressoide-11.4.1_6260/ide/plugins/com.nxp.mcuxpresso.tools.linux_11.4.0.202103011116/tools/bin/../lib/gcc/arm-none-eabi/10.2.1/../../../../arm-none-eabi/lib/thumb/v6-m/nofp/libcr_nohost_nf.a(__sys_appexit.o)
                              /usr/local/mcuxpressoide-11.4.1_6260/ide/plugins/com.nxp.mcuxpresso.tools.linux_11.4.0.202103011116/tools/bin/../lib/gcc/arm-none-eabi/10.2.1/../../../../arm-none-eabi/lib/thumb/v6-m/nofp/libcr_nohost_nf.a(_cr_assert.o) (__sys_appexit)
/usr/local/mcuxpressoide-11.4.1_6260/ide/plugins/com.nxp.mcuxpresso.tools.linux_11.4.0.202103011116/tools/bin/../lib/gcc/arm-none-eabi/10.2.1/../../../../arm-none-eabi/lib/thumb/v6-m/nofp/libcr_c.a(memcpy.o)
                              ./src/AP_MdE.o (memcpy)
/usr/local/mcuxpressoide-11.4.1_6260/ide/plugins/com.nxp.mcuxpresso.tools.linux_11.4.0.202103011116/tools/bin/../lib/gcc/arm-none-eabi/10.2.1/../../../../arm-none-eabi/lib/thumb/v6-m/nofp/libcr_c.a(memset.o)
                              ./FatFs/ff.o (memset)
/usr/local/mcuxpressoide-11.4.1_6260/ide/plugins/com.nxp.mcuxpresso.tools.linux_11.4.0.202103011116/tools/bin/../lib/gcc/arm-none-eabi/10.2.1/../../../../arm-none-eabi/lib/thumb/v6-m/nofp/libcr_c.a(_deferredlazyseek.o)
                              /usr/local/mcuxpressoide-11.4.1_6260/ide/plugins/com.nxp.mcuxpresso.tools.linux_11.4.0.202103011116/tools/bin/../lib/gcc/arm-none-eabi/10.2.1/../../../../arm-none-eabi/lib/thumb/v6-m/nofp/libcr_nohost_nf.a(_cr_assert.o) (__flsbuf)
/usr/local/mcuxpressoide-11.4.1_6260/ide/plugins/com.nxp.mcuxpresso.tools.linux_11.4.0.202103011116/tools/bin/../lib/gcc/arm-none-eabi/10.2.1/../../../../arm-none-eabi/lib/thumb/v6-m/nofp/libcr_c.a(_fflush.o)
                              /usr/local/mcuxpressoide-11.4.1_6260/ide/plugins/com.nxp.mcuxpresso.tools.linux_11.4.0.202103011116/tools/bin/../lib/gcc/arm-none-eabi/10.2.1/../../../../arm-none-eabi/lib/thumb/v6-m/nofp/libcr_c.a(_deferredlazyseek.o) (_fflush)
/usr/local/mcuxpressoide-11.4.1_6260/ide/plugins/com.nxp.mcuxpresso.tools.linux_11.4.0.202103011116/tools/bin/../lib/gcc/arm-none-eabi/10.2.1/../../../../arm-none-eabi/lib/thumb/v6-m/nofp/libcr_c.a(_writebuf.o)
                              /usr/local/mcuxpressoide-11.4.1_6260/ide/plugins/com.nxp.mcuxpresso.tools.linux_11.4.0.202103011116/tools/bin/../lib/gcc/arm-none-eabi/10.2.1/../../../../arm-none-eabi/lib/thumb/v6-m/nofp/libcr_c.a(_deferredlazyseek.o) (_Cwritebuf)
/usr/local/mcuxpressoide-11.4.1_6260/ide/plugins/com.nxp.mcuxpresso.tools.linux_11.4.0.202103011116/tools/bin/../lib/gcc/arm-none-eabi/10.2.1/../../../../arm-none-eabi/lib/thumb/v6-m/nofp/libcr_c.a(alloc.o)
                              /usr/local/mcuxpressoide-11.4.1_6260/ide/plugins/com.nxp.mcuxpresso.tools.linux_11.4.0.202103011116/tools/bin/../lib/gcc/arm-none-eabi/10.2.1/../../../../arm-none-eabi/lib/thumb/v6-m/nofp/libcr_c.a(_deferredlazyseek.o) (_Csys_alloc)
/usr/local/mcuxpressoide-11.4.1_6260/ide/plugins/com.nxp.mcuxpresso.tools.linux_11.4.0.202103011116/tools/bin/../lib/gcc/arm-none-eabi/10.2.1/../../../../arm-none-eabi/lib/thumb/v6-m/nofp/libcr_c.a(fputs.o)
                              /usr/local/mcuxpressoide-11.4.1_6260/ide/plugins/com.nxp.mcuxpresso.tools.linux_11.4.0.202103011116/tools/bin/../lib/gcc/arm-none-eabi/10.2.1/../../../../arm-none-eabi/lib/thumb/v6-m/nofp/libcr_nohost_nf.a(_cr_assert.o) (fputs)
/usr/local/mcuxpressoide-11.4.1_6260/ide/plugins/com.nxp.mcuxpresso.tools.linux_11.4.0.202103011116/tools/bin/../lib/gcc/arm-none-eabi/10.2.1/../../../../arm-none-eabi/lib/thumb/v6-m/nofp/libcr_c.a(fseek.o)
                              /usr/local/mcuxpressoide-11.4.1_6260/ide/plugins/com.nxp.mcuxpresso.tools.linux_11.4.0.202103011116/tools/bin/../lib/gcc/arm-none-eabi/10.2.1/../../../../arm-none-eabi/lib/thumb/v6-m/nofp/libcr_c.a(_deferredlazyseek.o) (fseek)
[...]
Memory Configuration

Name             Origin             Length             Attributes
MFlash64         0x0000000000000000 0x0000000000010000 xr
RamLoc16         0x0000000010000000 0x0000000000004000 xrw
*default*        0x0000000000000000 0xffffffffffffffff

Linker script and memory map

LOAD ./src/AP_MdE.o
LOAD ./src/AP_Serial.o
LOAD ./src/DR_DAC.o
LOAD ./src/DR_GPIO.o
LOAD ./src/DR_IOCON.o
LOAD ./src/DR_MRT.o
LOAD ./src/DR_NVIC.o
LOAD ./src/DR_SPI.o
LOAD ./src/DR_SWM.o
LOAD ./src/DR_SYSCON.o
LOAD ./src/DR_SYSTICK.o
LOAD ./src/DR_Timer.o
LOAD ./src/DR_USART.o
LOAD ./src/LPC845_Reproductor_WAV.o
LOAD ./src/PR_DAC.o
LOAD ./src/PR_GPIO.o
LOAD ./src/PR_IOCON.o
LOAD ./src/PR_Leds.o
LOAD ./src/PR_MMC_SD.o
LOAD ./src/PR_SPI.o
LOAD ./src/PR_SYSCON.o
LOAD ./src/PR_SYSTICK.o
LOAD ./src/PR_Timer.o
LOAD ./src/PR_USART.o
LOAD ./src/aeabi_romdiv_patch.o
LOAD ./src/cr_startup_lpc84x.o
LOAD ./src/crp.o
LOAD ./src/mtb.o
LOAD ./FatFs/diskio.o
LOAD ./FatFs/ff.o
LOAD ./FatFs/ffsystem.o
START GROUP
LOAD /usr/local/mcuxpressoide-11.4.1_6260/ide/plugins/com.nxp.mcuxpresso.tools.linux_11.4.0.202103011116/tools/bin/../lib/gcc/arm-none-eabi/10.2.1/../../../../arm-none-eabi/lib/thumb/v6-m/nofp/libcr_nohost_nf.a
LOAD /usr/local/mcuxpressoide-11.4.1_6260/ide/plugins/com.nxp.mcuxpresso.tools.linux_11.4.0.202103011116/tools/bin/../lib/gcc/arm-none-eabi/10.2.1/../../../../arm-none-eabi/lib/thumb/v6-m/nofp/libcr_c.a
LOAD /usr/local/mcuxpressoide-11.4.1_6260/ide/plugins/com.nxp.mcuxpresso.tools.linux_11.4.0.202103011116/tools/bin/../lib/gcc/arm-none-eabi/10.2.1/thumb/v6-m/nofp/libcr_eabihelpers.a
LOAD /usr/local/mcuxpressoide-11.4.1_6260/ide/plugins/com.nxp.mcuxpresso.tools.linux_11.4.0.202103011116/tools/bin/../lib/gcc/arm-none-eabi/10.2.1/thumb/v6-m/nofp/libgcc.a
END GROUP
                0x0000000000000000                __base_MFlash64 = 0x0
                0x0000000000000000                __base_Flash = 0x0
                0x0000000000010000                __top_MFlash64 = 0x10000
                0x0000000000010000                __top_Flash = 0x10000
                0x0000000010000000                __base_RamLoc16 = 0x10000000
                0x0000000010000000                __base_RAM = 0x10000000
                0x0000000010004000                __top_RamLoc16 = 0x10004000
                0x0000000010004000                __top_RAM = 0x10004000

.text           0x0000000000000000     0x6c98
 FILL mask 0xff
                0x0000000000000000                __vectors_start__ = ABSOLUTE (.)
 *(.isr_vector)
 .isr_vector    0x0000000000000000       0xc0 ./src/cr_startup_lpc84x.o
                0x0000000000000000                g_pfnVectors
                0x00000000000000c0                . = ALIGN (0x4)
                0x00000000000000c0                __section_table_start = .
                0x00000000000000c0                __data_section_table = .
                0x00000000000000c0        0x4 LONG 0x6c98 LOADADDR (.data)
                0x00000000000000c4        0x4 LONG 0x10000100 ADDR (.data)
                0x00000000000000c8        0x4 LONG 0x58 SIZEOF (.data)
                0x00000000000000cc                __data_section_table_end = .
                0x00000000000000cc                __bss_section_table = .
                0x00000000000000cc        0x4 LONG 0x10000158 ADDR (.bss)
                0x00000000000000d0        0x4 LONG 0x2fd8 SIZEOF (.bss)
                0x00000000000000d4                __bss_section_table_end = .
                0x00000000000000d4                __section_table_end = .
 *(.after_vectors*)
 .after_vectors
                0x00000000000000d4      0x144 ./src/cr_startup_lpc84x.o
                0x00000000000000d4                data_init
                0x0000000000000116                bss_init
                0x000000000000014c                ResetISR
                0x00000000000001f4                NMI_Handler
                0x00000000000001fa                HardFault_Handler
                0x0000000000000200                SVC_Handler
                0x0000000000000206                PendSV_Handler
                0x0000000000000212                CMP_IRQHandler
                0x0000000000000212                PININT7_IRQHandler
                0x0000000000000212                I2C0_IRQHandler
                0x0000000000000212                WKT_IRQHandler
                0x0000000000000212                PININT2_IRQHandler
                0x0000000000000212                PININT1_IRQHandler
                0x0000000000000212                MRT_IRQHandler
                0x0000000000000212                I2C1_IRQHandler
                0x0000000000000212                ADC_SEQB_IRQHandler
                0x0000000000000212                IntDefaultHandler
                0x0000000000000212                ADC_OVR_IRQHandler
                0x0000000000000212                I2C2_IRQHandler
                0x0000000000000212                PININT3_IRQHandler
                0x0000000000000212                PININT5_IRQHandler
                0x0000000000000212                PININT4_IRQHandler
                0x0000000000000212                ADC_THCMP_IRQHandler
                0x0000000000000212                PININT0_IRQHandler
                0x0000000000000212                BOD_IRQHandler
                0x0000000000000212                I2C3_IRQHandler
                0x0000000000000212                SCT_IRQHandler
                0x0000000000000212                WDT_IRQHandler
                0x0000000000000212                ADC_SEQA_IRQHandler
                0x0000000000000212                FAIM_IRQHandler
                0x0000000000000212                DAC0_IRQHandler
                0x0000000000000212                PININT6_IRQHandler
                0x0000000000000212                DMA_IRQHandler
                0x0000000000000212                FLASH_IRQHandler
                0x0000000000000212                CTIMER0_IRQHandler
                0x00000000000002fc                . = 0x2fc
 *fill*         0x0000000000000218       0xe4 ff
                0x00000000000002fc                PROVIDE (__CRP_WORD_START__ = .)
 *(.crp)
 .crp           0x00000000000002fc        0x4 ./src/crp.o
                0x00000000000002fc                CRP_WORD
                0x0000000000000300                PROVIDE (__CRP_WORD_END__ = .)
                0x0000000000000001                ASSERT (! ((__CRP_WORD_START__ == __CRP_WORD_END__)), Linker CRP Enabled, but no CRP_WORD provided within application)
 *(.text*)
 .text.MdE_State_Machine
                0x0000000000000300      0x18c ./src/AP_MdE.o
                0x0000000000000300                MdE_State_Machine
 .text.Serial_Analizar_Trama_v2
                0x000000000000048c      0x6bc ./src/AP_Serial.o
                0x000000000000048c                Serial_Analizar_Trama_v2
 .text.Serial_Send_Confirmation
                0x0000000000000b48       0xf0 ./src/AP_Serial.o
                0x0000000000000b48                Serial_Send_Confirmation
 .text.Serial_Analizar_Comando
                0x0000000000000c38      0x104 ./src/AP_Serial.o
                0x0000000000000c38                Serial_Analizar_Comando
 .text.GPIO_write_set
                0x0000000000000d3c       0x2c ./src/DR_GPIO.o
                0x0000000000000d3c                GPIO_write_set
 .text.GPIO_write_toggle
                0x0000000000000d68       0x2c ./src/DR_GPIO.o
                0x0000000000000d68                GPIO_write_toggle
 .text.GPIO_write_dir_set
                0x0000000000000d94       0x2c ./src/DR_GPIO.o
                0x0000000000000d94                GPIO_write_dir_set
 .text.GPIO_write_dir_clear
                0x0000000000000dc0       0x2c ./src/DR_GPIO.o
                0x0000000000000dc0                GPIO_write_dir_clear
 .text.IOCON_init
                0x0000000000000dec       0x10 ./src/DR_IOCON.o
                0x0000000000000dec                IOCON_init
 .text.IOCON_deinit
                0x0000000000000dfc       0x10 ./src/DR_IOCON.o
                0x0000000000000dfc                IOCON_deinit
 .text.NVIC_enable_interrupt
                0x0000000000000e0c       0x38 ./src/DR_NVIC.o
                0x0000000000000e0c                NVIC_enable_interrupt
 .text.SPI_enable
                0x0000000000000e44       0x2c ./src/DR_SPI.o
                0x0000000000000e44                SPI_enable
 .text.SPI_set_master_mode
                0x0000000000000e70       0x2c ./src/DR_SPI.o
                0x0000000000000e70                SPI_set_master_mode
 .text.SPI_set_data_order_msb_first
                0x0000000000000e9c       0x2c ./src/DR_SPI.o
                0x0000000000000e9c                SPI_set_data_order_msb_first
 .text.SPI_set_cpha_change
                0x0000000000000ec8       0x2c ./src/DR_SPI.o
                0x0000000000000ec8                SPI_set_cpha_change
 .text.SPI_set_cpha_capture
                0x0000000000000ef4       0x2c ./src/DR_SPI.o
                0x0000000000000ef4                SPI_set_cpha_capture
 .text.SPI_set_cpol_low
                0x0000000000000f20       0x2c ./src/DR_SPI.o
                0x0000000000000f20                SPI_set_cpol_low
 .text.SPI_set_cpol_high
                0x0000000000000f4c       0x2c ./src/DR_SPI.o
                0x0000000000000f4c                SPI_set_cpol_high
 .text.SPI_set_opMode_0
                0x0000000000000f78       0x28 ./src/DR_SPI.o
                0x0000000000000f78                SPI_set_opMode_0
 .text.SPI_set_ssel_active_low
                0x0000000000000fa0       0x98 ./src/DR_SPI.o
                0x0000000000000fa0                SPI_set_ssel_active_low
 .text.SPI_set_ssel_active_high
                0x0000000000001038       0x90 ./src/DR_SPI.o
                0x0000000000001038                SPI_set_ssel_active_high
 .text.SPI_set_pre_delay
                0x00000000000010c8       0x40 ./src/DR_SPI.o
                0x00000000000010c8                SPI_set_pre_delay
 .text.SPI_set_post_delay
                0x0000000000001108       0x44 ./src/DR_SPI.o
                0x0000000000001108                SPI_set_post_delay
 .text.SPI_set_frame_delay
                0x000000000000114c       0x48 ./src/DR_SPI.o
                0x000000000000114c                SPI_set_frame_delay
 .text.SPI_set_transfer_delay
                0x0000000000001194       0x48 ./src/DR_SPI.o
                0x0000000000001194                SPI_set_transfer_delay
 .text.SPI_get_status_flag
                0x00000000000011dc       0xec ./src/DR_SPI.o
                0x00000000000011dc                SPI_get_status_flag
 .text.SPI_enable_irq_RXRDY
                0x00000000000012c8       0x2c ./src/DR_SPI.o
                0x00000000000012c8                SPI_enable_irq_RXRDY
 .text.SPI_enable_irq_TXRDY
                0x00000000000012f4       0x2c ./src/DR_SPI.o
                0x00000000000012f4                SPI_enable_irq_TXRDY
 .text.SPI_enable_irq_RXOV
                0x0000000000001320       0x2c ./src/DR_SPI.o
                0x0000000000001320                SPI_enable_irq_RXOV
 .text.SPI_enable_irq_TXUR
                0x000000000000134c       0x2c ./src/DR_SPI.o
                0x000000000000134c                SPI_enable_irq_TXUR
 .text.SPI_enable_irq_SSA
                0x0000000000001378       0x2c ./src/DR_SPI.o
                0x0000000000001378                SPI_enable_irq_SSA
 .text.SPI_enable_irq_SSD
                0x00000000000013a4       0x2c ./src/DR_SPI.o
                0x00000000000013a4                SPI_enable_irq_SSD
 .text.SPI_disable_irq_RXRDY
                0x00000000000013d0       0x2c ./src/DR_SPI.o
                0x00000000000013d0                SPI_disable_irq_RXRDY
 .text.SPI_disable_irq_TXRDY
                0x00000000000013fc       0x2c ./src/DR_SPI.o
                0x00000000000013fc                SPI_disable_irq_TXRDY
 .text.SPI_disable_irq_RXOV
                0x0000000000001428       0x2c ./src/DR_SPI.o
                0x0000000000001428                SPI_disable_irq_RXOV
 .text.SPI_disable_irq_TXUR
                0x0000000000001454       0x2c ./src/DR_SPI.o
                0x0000000000001454                SPI_disable_irq_TXUR
 .text.SPI_disable_irq_SSA
                0x0000000000001480       0x2c ./src/DR_SPI.o
                0x0000000000001480                SPI_disable_irq_SSA
 .text.SPI_disable_irq_SSD
                0x00000000000014ac       0x2c ./src/DR_SPI.o
                0x00000000000014ac                SPI_disable_irq_SSD
 .text.SPI_read_rx_data
                0x00000000000014d8       0x28 ./src/DR_SPI.o
                0x00000000000014d8                SPI_read_rx_data
 .text.SPI_select_slave
                0x0000000000001500      0x1e0 ./src/DR_SPI.o
                0x0000000000001500                SPI_select_slave
 .text.SPI_set_data_and_control
                0x00000000000016e0       0x2c ./src/DR_SPI.o
                0x00000000000016e0                SPI_set_data_and_control
 .text.SPI_set_clock_div
                0x000000000000170c       0x3c ./src/DR_SPI.o
                0x000000000000170c                SPI_set_clock_div
 .text.SPI_get_irq_flag_status
                0x0000000000001748       0xb0 ./src/DR_SPI.o
                0x0000000000001748                SPI_get_irq_flag_status
 .text.SWM_init
                0x00000000000017f8       0x1c ./src/DR_SWM.o
                0x00000000000017f8                SWM_init
 .text.SWM_deinit
                0x0000000000001814       0x1c ./src/DR_SWM.o
                0x0000000000001814                SWM_deinit
 .text.SWM_assign_uart_TXD
                0x0000000000001830       0xf8 ./src/DR_SWM.o
                0x0000000000001830                SWM_assign_uart_TXD
 .text.SWM_assign_uart_RXD
                0x0000000000001928       0xf4 ./src/DR_SWM.o
                0x0000000000001928                SWM_assign_uart_RXD
 .text.SWM_assign_spi_SCK
                0x0000000000001a1c       0x80 ./src/DR_SWM.o
                0x0000000000001a1c                SWM_assign_spi_SCK
 .text.SWM_assign_spi_MOSI
                0x0000000000001a9c       0x7c ./src/DR_SWM.o
                0x0000000000001a9c                SWM_assign_spi_MOSI
 .text.SWM_assign_spi_MISO
                0x0000000000001b18       0x84 ./src/DR_SWM.o
                0x0000000000001b18                SWM_assign_spi_MISO
 .text.SWM_assign_spi_SSEL0
                0x0000000000001b9c       0x88 ./src/DR_SWM.o
                0x0000000000001b9c                SWM_assign_spi_SSEL0
 .text.SWM_assign_spi_SSEL1
                0x0000000000001c24       0x80 ./src/DR_SWM.o
                0x0000000000001c24                SWM_assign_spi_SSEL1
 .text.SWM_assign_spi_SSEL2
                0x0000000000001ca4       0x54 ./src/DR_SWM.o
                0x0000000000001ca4                SWM_assign_spi_SSEL2
 .text.SWM_assign_spi_SSEL3
                0x0000000000001cf8       0x5c ./src/DR_SWM.o
                0x0000000000001cf8                SWM_assign_spi_SSEL3
 .text.SYSCON_set_fro_direct
                0x0000000000001d54       0x30 ./src/DR_SYSCON.o
                0x0000000000001d54                SYSCON_set_fro_direct
 .text.SYSCON_clear_fro_direct
                0x0000000000001d84       0x30 ./src/DR_SYSCON.o
                0x0000000000001d84                SYSCON_clear_fro_direct
 .text.SYSCON_set_system_clock_source
                0x0000000000001db4       0x90 ./src/DR_SYSCON.o
                0x0000000000001db4                SYSCON_set_system_clock_source
 .text.SYSCON_ext_clock_source_get
                0x0000000000001e44       0x18 ./src/DR_SYSCON.o
                0x0000000000001e44                SYSCON_ext_clock_source_get
 .text.SYSCON_enable_clock
                0x0000000000001e5c       0x60 ./src/DR_SYSCON.o
                0x0000000000001e5c                SYSCON_enable_clock
 .text.SYSCON_disable_clock
                0x0000000000001ebc       0x60 ./src/DR_SYSCON.o
                0x0000000000001ebc                SYSCON_disable_clock
 .text.SYSCON_clear_reset
                0x0000000000001f1c       0x60 ./src/DR_SYSCON.o
                0x0000000000001f1c                SYSCON_clear_reset
 .text.SYSCON_set_peripheral_clock_source
                0x0000000000001f7c       0x40 ./src/DR_SYSCON.o
                0x0000000000001f7c                SYSCON_set_peripheral_clock_source
 .text.SYSCON_set_frg_config
                0x0000000000001fbc       0xd4 ./src/DR_SYSCON.o
                0x0000000000001fbc                SYSCON_set_frg_config
 .text.SYSCON_power_up_peripheral
                0x0000000000002090       0x40 ./src/DR_SYSCON.o
                0x0000000000002090                SYSCON_power_up_peripheral
 .text.SYSCON_set_fro_osc_freq
                0x00000000000020d0       0x24 ./src/DR_SYSCON.o
                0x00000000000020d0                SYSCON_set_fro_osc_freq
 .text.SYSTICK_enable_count
                0x00000000000020f4       0x18 ./src/DR_SYSTICK.o
                0x00000000000020f4                SYSTICK_enable_count
 .text.SYSTICK_enable_interrupt
                0x000000000000210c       0x18 ./src/DR_SYSTICK.o
                0x000000000000210c                SYSTICK_enable_interrupt
 .text.SYSTICK_disable_interrupt
                0x0000000000002124       0x18 ./src/DR_SYSTICK.o
                0x0000000000002124                SYSTICK_disable_interrupt
 .text.SYSTICK_select_clock_source
                0x000000000000213c       0x34 ./src/DR_SYSTICK.o
                0x000000000000213c                SYSTICK_select_clock_source
 .text.SYSTICK_set_reload
                0x0000000000002170       0x4c ./src/DR_SYSTICK.o
                0x0000000000002170                SYSTICK_set_reload
 .text.SYSTICK_set_clear_current_value
                0x00000000000021bc       0x1c ./src/DR_SYSTICK.o
                0x00000000000021bc                SYSTICK_set_clear_current_value
 .text.Timer_Discount
                0x00000000000021d8       0xb0 ./src/DR_Timer.o
                0x00000000000021d8                Timer_Discount
 .text.USART_enable
                0x0000000000002288       0x2c ./src/DR_USART.o
                0x0000000000002288                USART_enable
 .text.USART_config_data_length
                0x00000000000022b4       0x44 ./src/DR_USART.o
                0x00000000000022b4                USART_config_data_length
 .text.USART_config_parity
                0x00000000000022f8       0x44 ./src/DR_USART.o
                0x00000000000022f8                USART_config_parity
 .text.USART_config_stop_bits
                0x000000000000233c       0x44 ./src/DR_USART.o
                0x000000000000233c                USART_config_stop_bits
 .text.USART_get_flag_RXRDY
                0x0000000000002380       0x2c ./src/DR_USART.o
                0x0000000000002380                USART_get_flag_RXRDY
 .text.USART_get_flag_TXRDY
                0x00000000000023ac       0x2c ./src/DR_USART.o
                0x00000000000023ac                USART_get_flag_TXRDY
 .text.USART_enable_irq_RXRDY
                0x00000000000023d8       0x2c ./src/DR_USART.o
                0x00000000000023d8                USART_enable_irq_RXRDY
 .text.USART_enable_irq_TXRDY
                0x0000000000002404       0x2c ./src/DR_USART.o
                0x0000000000002404                USART_enable_irq_TXRDY
 .text.USART_disable_irq_RXRDY
                0x0000000000002430       0x2c ./src/DR_USART.o
                0x0000000000002430                USART_disable_irq_RXRDY
 .text.USART_disable_irq_TXRDY
                0x000000000000245c       0x2c ./src/DR_USART.o
                0x000000000000245c                USART_disable_irq_TXRDY
 .text.USART_disable_irq_TXIDLE
                0x0000000000002488       0x2c ./src/DR_USART.o
                0x0000000000002488                USART_disable_irq_TXIDLE
 .text.USART_disable_irq_DELTACTS
                0x00000000000024b4       0x2c ./src/DR_USART.o
                0x00000000000024b4                USART_disable_irq_DELTACTS
 .text.USART_disable_irq_TXDISEN
                0x00000000000024e0       0x2c ./src/DR_USART.o
                0x00000000000024e0                USART_disable_irq_TXDISEN
 .text.USART_disable_irq_OVERRUN
                0x000000000000250c       0x2c ./src/DR_USART.o
                0x000000000000250c                USART_disable_irq_OVERRUN
 .text.USART_disable_irq_DELTARXBRK
                0x0000000000002538       0x2c ./src/DR_USART.o
                0x0000000000002538                USART_disable_irq_DELTARXBRK
 .text.USART_disable_irq_START
                0x0000000000002564       0x2c ./src/DR_USART.o
                0x0000000000002564                USART_disable_irq_START
 .text.USART_disable_irq_FRAMERR
                0x0000000000002590       0x2c ./src/DR_USART.o
                0x0000000000002590                USART_disable_irq_FRAMERR
 .text.USART_disable_irq_PARITYERR
                0x00000000000025bc       0x2c ./src/DR_USART.o
                0x00000000000025bc                USART_disable_irq_PARITYERR
 .text.USART_disable_irq_RXNOISE
                0x00000000000025e8       0x2c ./src/DR_USART.o
                0x00000000000025e8                USART_disable_irq_RXNOISE
 .text.USART_disable_irq_ABERR
                0x0000000000002614       0x2c ./src/DR_USART.o
                0x0000000000002614                USART_disable_irq_ABERR
 .text.USART_get_data
                0x0000000000002640       0x2c ./src/DR_USART.o
                0x0000000000002640                USART_get_data
 .text.USART_write_data
                0x000000000000266c       0x3c ./src/DR_USART.o
                0x000000000000266c                USART_write_data
 .text.USART_set_BRGVAL
                0x00000000000026a8       0x38 ./src/DR_USART.o
                0x00000000000026a8                USART_set_BRGVAL
 .text.USART_get_irq_status_RXRDY
                0x00000000000026e0       0x2c ./src/DR_USART.o
                0x00000000000026e0                USART_get_irq_status_RXRDY
 .text.USART_get_irq_status_TXRDY
                0x000000000000270c       0x2c ./src/DR_USART.o
                0x000000000000270c                USART_get_irq_status_TXRDY
 .text.USART_set_OSRVAL
                0x0000000000002738       0x3c ./src/DR_USART.o
                0x0000000000002738                USART_set_OSRVAL
 .text.main     0x0000000000002774       0x94 ./src/LPC845_Reproductor_WAV.o
                0x0000000000002774                main
 .text.tick_callback
                0x0000000000002808        0xe ./src/LPC845_Reproductor_WAV.o
 *fill*         0x0000000000002816        0x2 ff
 .text.usart1_rx_callback
                0x0000000000002818       0x2c ./src/LPC845_Reproductor_WAV.o
 .text.usart1_tx_callback
                0x0000000000002844       0x48 ./src/LPC845_Reproductor_WAV.o
 .text.spi_tx_callback
                0x000000000000288c       0x4c ./src/LPC845_Reproductor_WAV.o
 .text.spi_rx_callback
                0x00000000000028d8       0x30 ./src/LPC845_Reproductor_WAV.o
 .text.timer_led_handler
                0x0000000000002908       0x28 ./src/LPC845_Reproductor_WAV.o
                0x0000000000002908                timer_led_handler
 .text.gpio_init
                0x0000000000002930       0x2a ./src/PR_GPIO.o
                0x0000000000002930                gpio_init
 .text.gpio_set_dir
                0x000000000000295a       0x92 ./src/PR_GPIO.o
                0x000000000000295a                gpio_set_dir
 .text.gpio_toggle_pin
                0x00000000000029ec       0x32 ./src/PR_GPIO.o
                0x00000000000029ec                gpio_toggle_pin
 *fill*         0x0000000000002a1e        0x2 ff
 .text.iocon_config_io
                0x0000000000002a20      0x1c0 ./src/PR_IOCON.o
                0x0000000000002a20                iocon_config_io
 .text.leds_init
                0x0000000000002be0       0x32 ./src/PR_Leds.o
                0x0000000000002be0                leds_init
 .text.led_verde_toggle
                0x0000000000002c12       0x10 ./src/PR_Leds.o
                0x0000000000002c12                led_verde_toggle
 *fill*         0x0000000000002c22        0x2 ff
 .text.sd_write_tx_buffer
                0x0000000000002c24      0x1e0 ./src/PR_MMC_SD.o
                0x0000000000002c24                sd_write_tx_buffer
 .text.sd_send_dummy_bytes
                0x0000000000002e04      0x100 ./src/PR_MMC_SD.o
                0x0000000000002e04                sd_send_dummy_bytes
 .text.sd_send_dummy_bytes_v2
                0x0000000000002f04      0x112 ./src/PR_MMC_SD.o
                0x0000000000002f04                sd_send_dummy_bytes_v2
 .text.sd_send_command
                0x0000000000003016      0x12a ./src/PR_MMC_SD.o
                0x0000000000003016                sd_send_command
 .text.sd_receive_r1
                0x0000000000003140       0x50 ./src/PR_MMC_SD.o
                0x0000000000003140                sd_receive_r1
 .text.sd_receive_r3
                0x0000000000003190      0x138 ./src/PR_MMC_SD.o
                0x0000000000003190                sd_receive_r3
 .text.sd_receive_r7
                0x00000000000032c8      0x128 ./src/PR_MMC_SD.o
                0x00000000000032c8                sd_receive_r7
 .text.sd_receive_data_resp_token
                0x00000000000033f0       0x4c ./src/PR_MMC_SD.o
                0x00000000000033f0                sd_receive_data_resp_token
 .text.sd_check_busy_state
                0x000000000000343c       0x2c ./src/PR_MMC_SD.o
                0x000000000000343c                sd_check_busy_state
 .text.sd_power_cycle
                0x0000000000003468       0x30 ./src/PR_MMC_SD.o
                0x0000000000003468                sd_power_cycle
 .text.sd_go_idle_state
                0x0000000000003498       0x68 ./src/PR_MMC_SD.o
                0x0000000000003498                sd_go_idle_state
 .text.sd_send_interface_condition
                0x0000000000003500       0x68 ./src/PR_MMC_SD.o
                0x0000000000003500                sd_send_interface_condition
 .text.sd_read_ocr
                0x0000000000003568       0x48 ./src/PR_MMC_SD.o
                0x0000000000003568                sd_read_ocr
 .text.sd_send_app_cmd
                0x00000000000035b0       0x60 ./src/PR_MMC_SD.o
                0x00000000000035b0                sd_send_app_cmd
 .text.sd_send_op_cond
                0x0000000000003610       0xc0 ./src/PR_MMC_SD.o
                0x0000000000003610                sd_send_op_cond
 .text.sd_set_blocklen
                0x00000000000036d0       0x64 ./src/PR_MMC_SD.o
                0x00000000000036d0                sd_set_blocklen
 .text.sd_send_op_cond_mmc
                0x0000000000003734       0x60 ./src/PR_MMC_SD.o
                0x0000000000003734                sd_send_op_cond_mmc
 .text.sd_read_block
                0x0000000000003794       0x68 ./src/PR_MMC_SD.o
                0x0000000000003794                sd_read_block
 .text.sd_write_block
                0x00000000000037fc       0x68 ./src/PR_MMC_SD.o
                0x00000000000037fc                sd_write_block
 .text.sd_init_v2
                0x0000000000003864      0x474 ./src/PR_MMC_SD.o
                0x0000000000003864                sd_init_v2
 .text.sd_send_data_packet
                0x0000000000003cd8      0x168 ./src/PR_MMC_SD.o
                0x0000000000003cd8                sd_send_data_packet
 .text.sd_write_single_block
                0x0000000000003e40      0x108 ./src/PR_MMC_SD.o
                0x0000000000003e40                sd_write_single_block
 .text.sd_write_flag_clear
                0x0000000000003f48       0x14 ./src/PR_MMC_SD.o
                0x0000000000003f48                sd_write_flag_clear
 .text.sd_read_single_block
                0x0000000000003f5c       0xb4 ./src/PR_MMC_SD.o
                0x0000000000003f5c                sd_read_single_block
 .text.sd_swap_uint32
                0x0000000000004010       0x36 ./src/PR_MMC_SD.o
                0x0000000000004010                sd_swap_uint32
 .text.sd_crc7  0x0000000000004046       0xaa ./src/PR_MMC_SD.o
                0x0000000000004046                sd_crc7
 .text.timer_sd_init_handler
                0x00000000000040f0       0x24 ./src/PR_MMC_SD.o
                0x00000000000040f0                timer_sd_init_handler
 .text.timer_sd_cmd41_handler
                0x0000000000004114       0x2c ./src/PR_MMC_SD.o
                0x0000000000004114                timer_sd_cmd41_handler
 .text.spi_set_configured_instance
                0x0000000000004140       0x20 ./src/PR_SPI.o
 .text.dummy_irq
                0x0000000000004160        0xa ./src/PR_SPI.o
 *fill*         0x000000000000416a        0x2 ff
 .text.spi_irq_handler
                0x000000000000416c       0x8c ./src/PR_SPI.o
 .text.spi_init_ctx
                0x00000000000041f8       0xd8 ./src/PR_SPI.o
                0x00000000000041f8                spi_init_ctx
 .text.spi_master_mode_init
                0x00000000000042d0      0x314 ./src/PR_SPI.o
                0x00000000000042d0                spi_master_mode_init
 .text.spi_set_baud_rate
                0x00000000000045e4       0x4a ./src/PR_SPI.o
                0x00000000000045e4                spi_set_baud_rate
 .text.spi_master_mode_rx_data
                0x000000000000462e       0x20 ./src/PR_SPI.o
                0x000000000000462e                spi_master_mode_rx_data
 .text.spi_master_mode_tx_config
                0x000000000000464e       0xa0 ./src/PR_SPI.o
                0x000000000000464e                spi_master_mode_tx_config
 .text.spi_master_mode_tx_data
                0x00000000000046ee       0x32 ./src/PR_SPI.o
                0x00000000000046ee                spi_master_mode_tx_data
 .text.spi_pop_RX
                0x0000000000004720       0x7c ./src/PR_SPI.o
                0x0000000000004720                spi_pop_RX
 .text.spi_push_TX
                0x000000000000479c       0x6c ./src/PR_SPI.o
                0x000000000000479c                spi_push_TX
 .text.SPI_pop_TX
                0x0000000000004808       0x60 ./src/PR_SPI.o
                0x0000000000004808                SPI_pop_TX
 .text.SPI_push_RX
                0x0000000000004868       0x54 ./src/PR_SPI.o
                0x0000000000004868                SPI_push_RX
 .text.spi_master_mode_send_data
                0x00000000000048bc       0x3c ./src/PR_SPI.o
                0x00000000000048bc                spi_master_mode_send_data
 .text.SPI0_IRQHandler
                0x00000000000048f8       0x10 ./src/PR_SPI.o
                0x00000000000048f8                SPI0_IRQHandler
 .text.SPI1_IRQHandler
                0x0000000000004908       0x10 ./src/PR_SPI.o
                0x0000000000004908                SPI1_IRQHandler
 .text.spi_enable_irq
                0x0000000000004918       0x7c ./src/PR_SPI.o
                0x0000000000004918                spi_enable_irq
 .text.spi_disable_irq
                0x0000000000004994       0x7c ./src/PR_SPI.o
                0x0000000000004994                spi_disable_irq
 .text.syscon_system_clock_get
                0x0000000000004a10       0x28 ./src/PR_SYSCON.o
                0x0000000000004a10                syscon_system_clock_get
 .text.syscon_system_clock_set_source
                0x0000000000004a38       0x90 ./src/PR_SYSCON.o
                0x0000000000004a38                syscon_system_clock_set_source
 .text.syscon_fro_clock_config
                0x0000000000004ac8       0x78 ./src/PR_SYSCON.o
                0x0000000000004ac8                syscon_fro_clock_config
 .text.syscon_frg_config
                0x0000000000004b40       0xc0 ./src/PR_SYSCON.o
                0x0000000000004b40                syscon_frg_config
 .text.syscon_peripheral_clock_get
                0x0000000000004c00       0x7c ./src/PR_SYSCON.o
                0x0000000000004c00                syscon_peripheral_clock_get
 .text.syscon_get_fro_freq
                0x0000000000004c7c       0x80 ./src/PR_SYSCON.o
                0x0000000000004c7c                syscon_get_fro_freq
 .text.syscon_get_main_clk_freq
                0x0000000000004cfc       0x84 ./src/PR_SYSCON.o
                0x0000000000004cfc                syscon_get_main_clk_freq
 .text.syscon_get_system_PLL_freq
                0x0000000000004d80       0x24 ./src/PR_SYSCON.o
                0x0000000000004d80                syscon_get_system_PLL_freq
 .text.syscon_get_system_PLL_input_clock_rate
                0x0000000000004da4       0x6c ./src/PR_SYSCON.o
                0x0000000000004da4                syscon_get_system_PLL_input_clock_rate
 .text.syscon_get_FRG0_clk_freq
                0x0000000000004e10       0x48 ./src/PR_SYSCON.o
                0x0000000000004e10                syscon_get_FRG0_clk_freq
 .text.syscon_get_FRG1_clk_freq
                0x0000000000004e58       0x48 ./src/PR_SYSCON.o
                0x0000000000004e58                syscon_get_FRG1_clk_freq
 .text.syscon_get_FRG_input_clk_freq
                0x0000000000004ea0       0x70 ./src/PR_SYSCON.o
                0x0000000000004ea0                syscon_get_FRG_input_clk_freq
 .text.syscon_get_wdt_osc_freq
                0x0000000000004f10       0x14 ./src/PR_SYSCON.o
                0x0000000000004f10                syscon_get_wdt_osc_freq
 .text.syscon_get_ext_clk_rreq
                0x0000000000004f24       0x14 ./src/PR_SYSCON.o
                0x0000000000004f24                syscon_get_ext_clk_rreq
 .text.systick_init
                0x0000000000004f38       0x9c ./src/PR_SYSTICK.o
                0x0000000000004f38                systick_init
 .text.systick_update_callback
                0x0000000000004fd4       0x34 ./src/PR_SYSTICK.o
                0x0000000000004fd4                systick_update_callback
 .text.SysTick_Handler
                0x0000000000005008       0x14 ./src/PR_SYSTICK.o
                0x0000000000005008                SysTick_Handler
 .text.dummy_irq
                0x000000000000501c        0xa ./src/PR_SYSTICK.o
 *fill*         0x0000000000005026        0x2 ff
 .text.systick_set_period_ms
                0x0000000000005028       0x28 ./src/PR_SYSTICK.o
                0x0000000000005028                systick_set_period_ms
 .text.systick_get_period_ms
                0x0000000000005050       0x14 ./src/PR_SYSTICK.o
                0x0000000000005050                systick_get_period_ms
 .text.Timer_Event
                0x0000000000005064       0x68 ./src/PR_Timer.o
                0x0000000000005064                Timer_Event
 .text.Timer_Start
                0x00000000000050cc      0x130 ./src/PR_Timer.o
                0x00000000000050cc                Timer_Start
 .text.Timer_Activity_Get
                0x00000000000051fc       0x34 ./src/PR_Timer.o
                0x00000000000051fc                Timer_Activity_Get
 .text.Timer_Stop
                0x0000000000005230       0x84 ./src/PR_Timer.o
                0x0000000000005230                Timer_Stop
 .text.usart_calculate_brgval
                0x00000000000052b4       0x32 ./src/PR_USART.o
 *fill*         0x00000000000052e6        0x2 ff
 .text.usart_handle_irq
                0x00000000000052e8       0x90 ./src/PR_USART.o
 .text.usart_set_baudRate
                0x0000000000005378       0xd0 ./src/PR_USART.o
 .text.usart_init_ctx
                0x0000000000005448       0xc8 ./src/PR_USART.o
                0x0000000000005448                usart_init_ctx
 .text.usart_init
                0x0000000000005510      0x244 ./src/PR_USART.o
                0x0000000000005510                usart_init
 .text.usart_tx_data
                0x0000000000005754       0x5c ./src/PR_USART.o
                0x0000000000005754                usart_tx_data
 .text.usart_rx_data
                0x00000000000057b0       0x3a ./src/PR_USART.o
                0x00000000000057b0                usart_rx_data
 .text.usart_pop_RX
                0x00000000000057ea       0x6c ./src/PR_USART.o
                0x00000000000057ea                usart_pop_RX
 .text.usart_push_TX
                0x0000000000005856       0x66 ./src/PR_USART.o
                0x0000000000005856                usart_push_TX
 .text.USART_pop_TX
                0x00000000000058bc       0x4a ./src/PR_USART.o
                0x00000000000058bc                USART_pop_TX
 .text.USART_push_RX
                0x0000000000005906       0x54 ./src/PR_USART.o
                0x0000000000005906                USART_push_RX
 .text.usart_send_data
                0x000000000000595a       0x3a ./src/PR_USART.o
                0x000000000000595a                usart_send_data
 .text.usart_rx_register_callback
                0x0000000000005994       0x54 ./src/PR_USART.o
                0x0000000000005994                usart_rx_register_callback
 .text.usart_tx_register_callback
                0x00000000000059e8       0x40 ./src/PR_USART.o
                0x00000000000059e8                usart_tx_register_callback
 .text.dummy_callback
                0x0000000000005a28       0x14 ./src/PR_USART.o
 .text.UART0_IRQHandler
                0x0000000000005a3c       0x10 ./src/PR_USART.o
                0x0000000000005a3c                UART0_IRQHandler
 .text.UART1_IRQHandler
                0x0000000000005a4c       0x10 ./src/PR_USART.o
                0x0000000000005a4c                UART1_IRQHandler
 .text.UART2_IRQHandler
                0x0000000000005a5c       0x10 ./src/PR_USART.o
                0x0000000000005a5c                UART2_IRQHandler
 .text.usart_disable_irq
                0x0000000000005a6c       0xc4 ./src/PR_USART.o
                0x0000000000005a6c                usart_disable_irq
 .text.__aeabi_uidiv
                0x0000000000005b30       0x10 ./src/aeabi_romdiv_patch.o
                0x0000000000005b30                __aeabi_uidiv
                0x0000000000005b30                __aeabi_uidivmod
 .text.__main   0x0000000000005b40        0xc /usr/local/mcuxpressoide-11.4.1_6260/ide/plugins/com.nxp.mcuxpresso.tools.linux_11.4.0.202103011116/tools/bin/../lib/gcc/arm-none-eabi/10.2.1/../../../../arm-none-eabi/lib/thumb/v6-m/nofp/libcr_nohost_nf.a(_cr__main.o)
                0x0000000000005b40                __main
 .text.memcpy   0x0000000000005b4c        0x8 /usr/local/mcuxpressoide-11.4.1_6260/ide/plugins/com.nxp.mcuxpresso.tools.linux_11.4.0.202103011116/tools/bin/../lib/gcc/arm-none-eabi/10.2.1/../../../../arm-none-eabi/lib/thumb/v6-m/nofp/libcr_c.a(memcpy.o)
                0x0000000000005b4c                memcpy
 .text.memset   0x0000000000005b54        0x8 /usr/local/mcuxpressoide-11.4.1_6260/ide/plugins/com.nxp.mcuxpresso.tools.linux_11.4.0.202103011116/tools/bin/../lib/gcc/arm-none-eabi/10.2.1/../../../../arm-none-eabi/lib/thumb/v6-m/nofp/libcr_c.a(memset.o)
                0x0000000000005b54                memset
 .text._deferredlazyseek
                0x0000000000005b5c       0x40 /usr/local/mcuxpressoide-11.4.1_6260/ide/plugins/com.nxp.mcuxpresso.tools.linux_11.4.0.202103011116/tools/bin/../lib/gcc/arm-none-eabi/10.2.1/../../../../arm-none-eabi/lib/thumb/v6-m/nofp/libcr_c.a(_deferredlazyseek.o)
                0x0000000000005b5c                _deferredlazyseek
 .text._fflush  0x0000000000005b9c       0x60 /usr/local/mcuxpressoide-11.4.1_6260/ide/plugins/com.nxp.mcuxpresso.tools.linux_11.4.0.202103011116/tools/bin/../lib/gcc/arm-none-eabi/10.2.1/../../../../arm-none-eabi/lib/thumb/v6-m/nofp/libcr_c.a(_fflush.o)
                0x0000000000005b9c                _fflush
 .text._Cwritebuf
                0x0000000000005bfc       0x68 /usr/local/mcuxpressoide-11.4.1_6260/ide/plugins/com.nxp.mcuxpresso.tools.linux_11.4.0.202103011116/tools/bin/../lib/gcc/arm-none-eabi/10.2.1/../../../../arm-none-eabi/lib/thumb/v6-m/nofp/libcr_c.a(_writebuf.o)
                0x0000000000005bfc                _Cwritebuf
 .text.free     0x0000000000005c64       0x2c /usr/local/mcuxpressoide-11.4.1_6260/ide/plugins/com.nxp.mcuxpresso.tools.linux_11.4.0.202103011116/tools/bin/../lib/gcc/arm-none-eabi/10.2.1/../../../../arm-none-eabi/lib/thumb/v6-m/nofp/libcr_c.a(alloc.o)
                0x0000000000005c64                free
 .text.fseek    0x0000000000005c90       0xf0 /usr/local/mcuxpressoide-11.4.1_6260/ide/plugins/com.nxp.mcuxpresso.tools.linux_11.4.0.202103011116/tools/bin/../lib/gcc/arm-none-eabi/10.2.1/../../../../arm-none-eabi/lib/thumb/v6-m/nofp/libcr_c.a(fseek.o)
                0x0000000000005c90                fseek
 .text.ftell    0x0000000000005d80       0x48 /usr/local/mcuxpressoide-11.4.1_6260/ide/plugins/com.nxp.mcuxpresso.tools.linux_11.4.0.202103011116/tools/bin/../lib/gcc/arm-none-eabi/10.2.1/../../../../arm-none-eabi/lib/thumb/v6-m/nofp/libcr_c.a(ftell.o)
                0x0000000000005d80                ftell
 .text._initio  0x0000000000005dc8       0x7c /usr/local/mcuxpressoide-11.4.1_6260/ide/plugins/com.nxp.mcuxpresso.tools.linux_11.4.0.202103011116/tools/bin/../lib/gcc/arm-none-eabi/10.2.1/../../../../arm-none-eabi/lib/thumb/v6-m/nofp/libcr_c.a(initio.o)
                0x0000000000005dc8                _initio
 .text.setvbuf  0x0000000000005e44       0x4c /usr/local/mcuxpressoide-11.4.1_6260/ide/plugins/com.nxp.mcuxpresso.tools.linux_11.4.0.202103011116/tools/bin/../lib/gcc/arm-none-eabi/10.2.1/../../../../arm-none-eabi/lib/thumb/v6-m/nofp/libcr_c.a(setvbuf.o)
                0x0000000000005e44                setvbuf
 .text.strcmp   0x0000000000005e90       0x44 /usr/local/mcuxpressoide-11.4.1_6260/ide/plugins/com.nxp.mcuxpresso.tools.linux_11.4.0.202103011116/tools/bin/../lib/gcc/arm-none-eabi/10.2.1/../../../../arm-none-eabi/lib/thumb/v6-m/nofp/libcr_c.a(strcmp.o)
                0x0000000000005e90                strcmp
 .text.strlen   0x0000000000005ed4       0x58 /usr/local/mcuxpressoide-11.4.1_6260/ide/plugins/com.nxp.mcuxpresso.tools.linux_11.4.0.202103011116/tools/bin/../lib/gcc/arm-none-eabi/10.2.1/../../../../arm-none-eabi/lib/thumb/v6-m/nofp/libcr_c.a(strlen.o)
                0x0000000000005ed4                strlen
 .text._fdopen  0x0000000000005f2c       0x74 /usr/local/mcuxpressoide-11.4.1_6260/ide/plugins/com.nxp.mcuxpresso.tools.linux_11.4.0.202103011116/tools/bin/../lib/gcc/arm-none-eabi/10.2.1/../../../../arm-none-eabi/lib/thumb/v6-m/nofp/libcr_c.a(_fdopen.o)
                0x0000000000005f2c                _fdopen
 .text.fclose   0x0000000000005fa0       0x5c /usr/local/mcuxpressoide-11.4.1_6260/ide/plugins/com.nxp.mcuxpresso.tools.linux_11.4.0.202103011116/tools/bin/../lib/gcc/arm-none-eabi/10.2.1/../../../../arm-none-eabi/lib/thumb/v6-m/nofp/libcr_c.a(fclose.o)
                0x0000000000005fa0                fclose
 .text.fflush   0x0000000000005ffc       0x44 /usr/local/mcuxpressoide-11.4.1_6260/ide/plugins/com.nxp.mcuxpresso.tools.linux_11.4.0.202103011116/tools/bin/../lib/gcc/arm-none-eabi/10.2.1/../../../../arm-none-eabi/lib/thumb/v6-m/nofp/libcr_c.a(fflush.o)
                0x0000000000005ffc                fflush
 .text.remove   0x0000000000006040       0x12 /usr/local/mcuxpressoide-11.4.1_6260/ide/plugins/com.nxp.mcuxpresso.tools.linux_11.4.0.202103011116/tools/bin/../lib/gcc/arm-none-eabi/10.2.1/../../../../arm-none-eabi/lib/thumb/v6-m/nofp/libcr_c.a(remove.o)
                0x0000000000006040                remove
 *fill*         0x0000000000006052        0x2 ff
 .text._do_fflush
                0x0000000000006054       0x48 /usr/local/mcuxpressoide-11.4.1_6260/ide/plugins/com.nxp.mcuxpresso.tools.linux_11.4.0.202103011116/tools/bin/../lib/gcc/arm-none-eabi/10.2.1/../../../../arm-none-eabi/lib/thumb/v6-m/nofp/libcr_c.a(_do_fflush.o)
                0x0000000000006054                _do_fflush
 .text.__aeabi_division_uldivmod
                0x000000000000609c       0x5a /usr/local/mcuxpressoide-11.4.1_6260/ide/plugins/com.nxp.mcuxpresso.tools.linux_11.4.0.202103011116/tools/bin/../lib/gcc/arm-none-eabi/10.2.1/thumb/v6-m/nofp/libcr_eabihelpers.a(division_64.o)
                0x000000000000609c                __aeabi_uldivmod
 .text.__aeabi_division_idiv0
                0x00000000000060f6        0x2 /usr/local/mcuxpressoide-11.4.1_6260/ide/plugins/com.nxp.mcuxpresso.tools.linux_11.4.0.202103011116/tools/bin/../lib/gcc/arm-none-eabi/10.2.1/thumb/v6-m/nofp/libcr_eabihelpers.a(division_idiv0.o)
                0x00000000000060f6                __aeabi_idiv0
 .text.__aeabi_dmul
                0x00000000000060f8      0x184 /usr/local/mcuxpressoide-11.4.1_6260/ide/plugins/com.nxp.mcuxpresso.tools.linux_11.4.0.202103011116/tools/bin/../lib/gcc/arm-none-eabi/10.2.1/thumb/v6-m/nofp/libcr_eabihelpers.a(double.o)
                0x00000000000060f8                __aeabi_dmul
 .text.__aeabi_ddiv
                0x000000000000627c      0x14c /usr/local/mcuxpressoide-11.4.1_6260/ide/plugins/com.nxp.mcuxpresso.tools.linux_11.4.0.202103011116/tools/bin/../lib/gcc/arm-none-eabi/10.2.1/thumb/v6-m/nofp/libcr_eabihelpers.a(double.o)
                0x000000000000627c                __aeabi_ddiv
 .text.__aeabi_d2uiz
                0x00000000000063c8       0x38 /usr/local/mcuxpressoide-11.4.1_6260/ide/plugins/com.nxp.mcuxpresso.tools.linux_11.4.0.202103011116/tools/bin/../lib/gcc/arm-none-eabi/10.2.1/thumb/v6-m/nofp/libcr_eabihelpers.a(double.o)
                0x00000000000063c8                __aeabi_d2uiz
 .text.__bhs_ui2d
                0x0000000000006400       0x5e /usr/local/mcuxpressoide-11.4.1_6260/ide/plugins/com.nxp.mcuxpresso.tools.linux_11.4.0.202103011116/tools/bin/../lib/gcc/arm-none-eabi/10.2.1/thumb/v6-m/nofp/libcr_eabihelpers.a(double.o)
                0x0000000000006400                __bhs_ui2d
 .text.__aeabi_ui2d
                0x000000000000645e        0xc /usr/local/mcuxpressoide-11.4.1_6260/ide/plugins/com.nxp.mcuxpresso.tools.linux_11.4.0.202103011116/tools/bin/../lib/gcc/arm-none-eabi/10.2.1/thumb/v6-m/nofp/libcr_eabihelpers.a(double.o)
                0x000000000000645e                __aeabi_ui2d
 *fill*         0x000000000000646a        0x2 ff
 .text.__aeabi_fdiv
                0x000000000000646c       0xe8 /usr/local/mcuxpressoide-11.4.1_6260/ide/plugins/com.nxp.mcuxpresso.tools.linux_11.4.0.202103011116/tools/bin/../lib/gcc/arm-none-eabi/10.2.1/thumb/v6-m/nofp/libcr_eabihelpers.a(float.o)
                0x000000000000646c                __aeabi_fdiv
 .text.__aeabi_fsub
                0x0000000000006554      0x128 /usr/local/mcuxpressoide-11.4.1_6260/ide/plugins/com.nxp.mcuxpresso.tools.linux_11.4.0.202103011116/tools/bin/../lib/gcc/arm-none-eabi/10.2.1/thumb/v6-m/nofp/libcr_eabihelpers.a(float.o)
                0x0000000000006554                __aeabi_fsub
 .text.__aeabi_fadd
                0x000000000000667c       0xac /usr/local/mcuxpressoide-11.4.1_6260/ide/plugins/com.nxp.mcuxpresso.tools.linux_11.4.0.202103011116/tools/bin/../lib/gcc/arm-none-eabi/10.2.1/thumb/v6-m/nofp/libcr_eabihelpers.a(float.o)
                0x000000000000667c                __aeabi_fadd
 .text.__aeabi_f2uiz
                0x0000000000006728       0x2a /usr/local/mcuxpressoide-11.4.1_6260/ide/plugins/com.nxp.mcuxpresso.tools.linux_11.4.0.202103011116/tools/bin/../lib/gcc/arm-none-eabi/10.2.1/thumb/v6-m/nofp/libcr_eabihelpers.a(float.o)
                0x0000000000006728                __aeabi_f2uiz
 .text.__bhs_ui2f
                0x0000000000006752       0x60 /usr/local/mcuxpressoide-11.4.1_6260/ide/plugins/com.nxp.mcuxpresso.tools.linux_11.4.0.202103011116/tools/bin/../lib/gcc/arm-none-eabi/10.2.1/thumb/v6-m/nofp/libcr_eabihelpers.a(float.o)
                0x0000000000006752                __bhs_ui2f
 .text.__aeabi_ui2f
                0x00000000000067b2        0xc /usr/local/mcuxpressoide-11.4.1_6260/ide/plugins/com.nxp.mcuxpresso.tools.linux_11.4.0.202103011116/tools/bin/../lib/gcc/arm-none-eabi/10.2.1/thumb/v6-m/nofp/libcr_eabihelpers.a(float.o)
                0x00000000000067b2                __aeabi_ui2f
 .text.__aeabi_llong_lmul
                0x00000000000067be       0x2e /usr/local/mcuxpressoide-11.4.1_6260/ide/plugins/com.nxp.mcuxpresso.tools.linux_11.4.0.202103011116/tools/bin/../lib/gcc/arm-none-eabi/10.2.1/thumb/v6-m/nofp/libcr_eabihelpers.a(llong.o)
                0x00000000000067be                __aeabi_lmul
 .text.__aeabi_memcpy
                0x00000000000067ec       0x2c /usr/local/mcuxpressoide-11.4.1_6260/ide/plugins/com.nxp.mcuxpresso.tools.linux_11.4.0.202103011116/tools/bin/../lib/gcc/arm-none-eabi/10.2.1/thumb/v6-m/nofp/libcr_eabihelpers.a(memcpy.o)
                0x00000000000067ec                __aeabi_memcpy
                0x00000000000067ec                __aeabi_memcpy4
                0x00000000000067ec                __aeabi_memcpy8
 .text.__aeabi_memset_lowlevel
                0x0000000000006818       0x2a /usr/local/mcuxpressoide-11.4.1_6260/ide/plugins/com.nxp.mcuxpresso.tools.linux_11.4.0.202103011116/tools/bin/../lib/gcc/arm-none-eabi/10.2.1/thumb/v6-m/nofp/libcr_eabihelpers.a(memcpy.o)
                0x0000000000006818                __aeabi_lowlevel_memset
 .text.__sys_close
                0x0000000000006842        0x6 /usr/local/mcuxpressoide-11.4.1_6260/ide/plugins/com.nxp.mcuxpresso.tools.linux_11.4.0.202103011116/tools/bin/../lib/gcc/arm-none-eabi/10.2.1/../../../../arm-none-eabi/lib/thumb/v6-m/nofp/libcr_nohost_nf.a(__sys_close.o)
                0x0000000000006842                __sys_close
 .text.__sys_flen
                0x0000000000006848        0x6 /usr/local/mcuxpressoide-11.4.1_6260/ide/plugins/com.nxp.mcuxpresso.tools.linux_11.4.0.202103011116/tools/bin/../lib/gcc/arm-none-eabi/10.2.1/../../../../arm-none-eabi/lib/thumb/v6-m/nofp/libcr_nohost_nf.a(__sys_flen.o)
                0x0000000000006848                __sys_flen
 .text.__sys_istty
                0x000000000000684e        0x6 /usr/local/mcuxpressoide-11.4.1_6260/ide/plugins/com.nxp.mcuxpresso.tools.linux_11.4.0.202103011116/tools/bin/../lib/gcc/arm-none-eabi/10.2.1/../../../../arm-none-eabi/lib/thumb/v6-m/nofp/libcr_nohost_nf.a(__sys_istty.o)
                0x000000000000684e                __sys_istty
 .text.__sys_remove
                0x0000000000006854        0x6 /usr/local/mcuxpressoide-11.4.1_6260/ide/plugins/com.nxp.mcuxpresso.tools.linux_11.4.0.202103011116/tools/bin/../lib/gcc/arm-none-eabi/10.2.1/../../../../arm-none-eabi/lib/thumb/v6-m/nofp/libcr_nohost_nf.a(__sys_remove.o)
                0x0000000000006854                __sys_remove
 .text.__sys_seek
                0x000000000000685a        0x6 /usr/local/mcuxpressoide-11.4.1_6260/ide/plugins/com.nxp.mcuxpresso.tools.linux_11.4.0.202103011116/tools/bin/../lib/gcc/arm-none-eabi/10.2.1/../../../../arm-none-eabi/lib/thumb/v6-m/nofp/libcr_nohost_nf.a(__sys_seek.o)
                0x000000000000685a                __sys_seek
 .text.__sys_tmpnam
                0x0000000000006860        0x6 /usr/local/mcuxpressoide-11.4.1_6260/ide/plugins/com.nxp.mcuxpresso.tools.linux_11.4.0.202103011116/tools/bin/../lib/gcc/arm-none-eabi/10.2.1/../../../../arm-none-eabi/lib/thumb/v6-m/nofp/libcr_nohost_nf.a(__sys_tmpnam.o)
                0x0000000000006860                __sys_tmpnam
 .text.__sys_write
                0x0000000000006866        0x4 /usr/local/mcuxpressoide-11.4.1_6260/ide/plugins/com.nxp.mcuxpresso.tools.linux_11.4.0.202103011116/tools/bin/../lib/gcc/arm-none-eabi/10.2.1/../../../../arm-none-eabi/lib/thumb/v6-m/nofp/libcr_nohost_nf.a(__sys_write.o)
                0x0000000000006866                __sys_write
 *(.rodata .rodata.* .constdata .constdata.*)
 *fill*         0x000000000000686a        0x2 ff
 .rodata.MdE_State_Machine
                0x000000000000686c       0x14 ./src/AP_MdE.o
 .rodata.Serial_Analizar_Trama_v2
                0x0000000000006880       0xc4 ./src/AP_Serial.o
 .rodata.responses.4
                0x0000000000006944       0x40 ./src/AP_Serial.o
 .rodata.commands.3
                0x0000000000006984       0x30 ./src/AP_Serial.o
 .rodata.responses.2
                0x00000000000069b4       0x30 ./src/AP_Serial.o
 .rodata.IOCON  0x00000000000069e4        0x4 ./src/DR_IOCON.o
                0x00000000000069e4                IOCON
 .rodata.IOCON_PIN_TABLE
                0x00000000000069e8      0x100 ./src/DR_IOCON.o
                0x00000000000069e8                IOCON_PIN_TABLE
 .rodata.SPI    0x0000000000006ae8        0x8 ./src/DR_SPI.o
                0x0000000000006ae8                SPI
 .rodata.SPI_get_status_flag
                0x0000000000006af0       0x24 ./src/DR_SPI.o
 .rodata.SPI_get_irq_flag_status
                0x0000000000006b14       0x18 ./src/DR_SPI.o
 .rodata.SWM_assign_uart_TXD
                0x0000000000006b2c       0x14 ./src/DR_SWM.o
 .rodata.SWM_assign_uart_RXD
                0x0000000000006b40       0x14 ./src/DR_SWM.o
 .rodata.SYSCON
                0x0000000000006b54        0x4 ./src/DR_SYSCON.o
                0x0000000000006b54                SYSCON
 .rodata.USART  0x0000000000006b58       0x14 ./src/DR_USART.o
                0x0000000000006b58                USART
 .rodata.usart1_config
                0x0000000000006b6c       0x18 ./src/LPC845_Reproductor_WAV.o
 .rodata.spi_master_config
                0x0000000000006b84       0x18 ./src/LPC845_Reproductor_WAV.o
 .rodata.spi_tx_config
                0x0000000000006b9c        0x8 ./src/LPC845_Reproductor_WAV.o
 .rodata.sd_write_tx_buffer
                0x0000000000006ba4       0x14 ./src/PR_MMC_SD.o
 .rodata.sd_init_v2
                0x0000000000006bb8       0x28 ./src/PR_MMC_SD.o
 .rodata        0x0000000000006be0        0x7 ./src/PR_SPI.o
 *fill*         0x0000000000006be7        0x1 ff
 .rodata.spi_enable_irq
                0x0000000000006be8       0x18 ./src/PR_SPI.o
 .rodata.spi_disable_irq
                0x0000000000006c00       0x18 ./src/PR_SPI.o
 .rodata.syscon_system_clock_set_source
                0x0000000000006c18       0x14 ./src/PR_SYSCON.o
 .rodata.syscon_peripheral_clock_get
                0x0000000000006c2c       0x20 ./src/PR_SYSCON.o
 .rodata.usart_init
                0x0000000000006c4c       0x14 ./src/PR_USART.o
 .rodata.usart_disable_irq
                0x0000000000006c60       0x30 ./src/PR_USART.o
 .rodata.__num_Ciob_streams
                0x0000000000006c90        0x4 /usr/local/mcuxpressoide-11.4.1_6260/ide/plugins/com.nxp.mcuxpresso.tools.linux_11.4.0.202103011116/tools/bin/../lib/gcc/arm-none-eabi/10.2.1/../../../../arm-none-eabi/lib/thumb/v6-m/nofp/libcr_nohost_nf.a(__ciob.o)
                0x0000000000006c90                __num_Ciob_streams
 .rodata._initio.str1.1
                0x0000000000006c94        0x4 /usr/local/mcuxpressoide-11.4.1_6260/ide/plugins/com.nxp.mcuxpresso.tools.linux_11.4.0.202103011116/tools/bin/../lib/gcc/arm-none-eabi/10.2.1/../../../../arm-none-eabi/lib/thumb/v6-m/nofp/libcr_c.a(initio.o)
                0x0000000000006c98                . = ALIGN (0x4)

.glue_7         0x0000000000006c98        0x0
 .glue_7        0x0000000000006c98        0x0 linker stubs

.glue_7t        0x0000000000006c98        0x0
 .glue_7t       0x0000000000006c98        0x0 linker stubs

.vfp11_veneer   0x0000000000006c98        0x0
 .vfp11_veneer  0x0000000000006c98        0x0 linker stubs

.v4_bx          0x0000000000006c98        0x0
 .v4_bx         0x0000000000006c98        0x0 linker stubs

.iplt           0x0000000000006c98        0x0
 .iplt          0x0000000000006c98        0x0 ./src/AP_MdE.o

.rel.dyn        0x0000000000006c98        0x0
 .rel.iplt      0x0000000000006c98        0x0 ./src/AP_MdE.o

.ARM.extab
 *(.ARM.extab* .gnu.linkonce.armextab.*)

.ARM.exidx      0x0000000000006c98        0x0
                0x0000000000006c98                __exidx_start = .
 *(.ARM.exidx* .gnu.linkonce.armexidx.*)
                0x0000000000006c98                __exidx_end = .
                0x0000000000006c98                _etext = .

.mtb_buffer_default
                0x0000000010000000      0x100
 *(.mtb*)
 .mtb.$RAM1     0x0000000010000000      0x100 ./src/mtb.o
                0x0000000010000000                __mtb_buffer__

.uninit_RESERVED
                0x0000000010000100        0x0
                0x0000000010000100                _start_uninit_RESERVED = .
 *(.bss.$RESERVED*)
                0x0000000010000100                . = ALIGN (0x4)
                0x0000000010000100                _end_uninit_RESERVED = .

.data           0x0000000010000100       0x58 load address 0x0000000000006c98
 FILL mask 0xff
                0x0000000010000100                _data = .
                [!provide]                        PROVIDE (__start_data_RAM = .)
                [!provide]                        PROVIDE (__start_data_RamLoc16 = .)
 *(vtable)
 *(.ramfunc*)
 *(CodeQuickAccess)
 *(DataQuickAccess)
 *(RamFunction)
 *(.data*)
 .data.sd_not_init
                0x0000000010000100        0x1 ./src/PR_MMC_SD.o
                0x0000000010000100                sd_not_init
 *fill*         0x0000000010000101        0x3 ff
 .data.r1.5     0x0000000010000104        0x1 ./src/PR_MMC_SD.o
 *fill*         0x0000000010000105        0x3 ff
 .data.r1.2     0x0000000010000108        0x1 ./src/PR_MMC_SD.o
 .data.spi_configured_instance
                0x0000000010000109        0x1 ./src/PR_SPI.o
                0x0000000010000109                spi_configured_instance
 *fill*         0x000000001000010a        0x2 ff
 .data.p_spi_rx_callback
                0x000000001000010c        0x8 ./src/PR_SPI.o
 .data.p_spi_tx_callback
                0x0000000010000114        0x8 ./src/PR_SPI.o
 .data.current_main_div
                0x000000001000011c        0x1 ./src/PR_SYSCON.o
 *fill*         0x000000001000011d        0x3 ff
 .data.current_fro_freq
                0x0000000010000120        0x4 ./src/PR_SYSCON.o
 .data.current_fro_div_freq
                0x0000000010000124        0x4 ./src/PR_SYSCON.o
 .data.current_main_freq
                0x0000000010000128        0x4 ./src/PR_SYSCON.o
 .data.systick_callback
                0x000000001000012c        0x4 ./src/PR_SYSTICK.o
 .data.p_usart_rx_callback
                0x0000000010000130       0x14 ./src/PR_USART.o
 .data.p_usart_tx_callback
                0x0000000010000144       0x14 ./src/PR_USART.o
                0x0000000010000158                . = ALIGN (0x4)
                0x0000000010000158                _edata = .
                [!provide]                        PROVIDE (__end_data_RAM = .)
                [!provide]                        PROVIDE (__end_data_RamLoc16 = .)

.igot.plt       0x0000000010000158        0x0 load address 0x0000000000006cf0
 .igot.plt      0x0000000010000158        0x0 ./src/AP_MdE.o

.bss            0x0000000010000158     0x2fd8
                0x0000000010000158                _bss = .
                [!provide]                        PROVIDE (__start_bss_RAM = .)
                [!provide]                        PROVIDE (__start_bss_RamLoc16 = .)
 *(.bss*)
 .bss.main_state
                0x0000000010000158        0x1 ./src/AP_MdE.o
 *fill*         0x0000000010000159        0x3 
 .bss.serial_data_desc.1
                0x000000001000015c       0x12 ./src/AP_MdE.o
 .bss.cmd_rx.0  0x000000001000016e        0x1 ./src/AP_MdE.o
 *fill*         0x000000001000016f        0x1 
 .bss.file_packet
                0x0000000010000170      0x208 ./src/AP_Serial.o
                0x0000000010000170                file_packet
 .bss.WAV_FILE  0x0000000010000378       0x38 ./src/AP_Serial.o
 .bss.estado.15
                0x00000000100003b0        0x1 ./src/AP_Serial.o
 .bss.packet_type.14
                0x00000000100003b1        0x1 ./src/AP_Serial.o
 .bss.estado_riff.13
                0x00000000100003b2        0x1 ./src/AP_Serial.o
 *fill*         0x00000000100003b3        0x1 
 .bss.i.12      0x00000000100003b4        0x4 ./src/AP_Serial.o
 .bss.aux_uint32.11
                0x00000000100003b8        0x4 ./src/AP_Serial.o
 .bss.estado_fmt.10
                0x00000000100003bc        0x1 ./src/AP_Serial.o
 *fill*         0x00000000100003bd        0x3 
 .bss.aux_uint16.9
                0x00000000100003c0        0x2 ./src/AP_Serial.o
 .bss.estado_data.8
                0x00000000100003c2        0x1 ./src/AP_Serial.o
 .bss.estado_file_packet.7
                0x00000000100003c3        0x1 ./src/AP_Serial.o
 .bss.comando.6
                0x00000000100003c4       0x10 ./src/AP_Serial.o
 .bss.dummy_reg
                0x00000000100003d4        0x4 ./src/DR_IOCON.o
                0x00000000100003d4                dummy_reg
 .bss.timers    0x00000000100003d8      0xbf4 ./src/DR_Timer.o
                0x00000000100003d8                timers
 .bss.sd_write_flag
                0x0000000010000fcc        0x1 ./src/PR_MMC_SD.o
                0x0000000010000fcc                sd_write_flag
 .bss.sd_read_flag
                0x0000000010000fcd        0x1 ./src/PR_MMC_SD.o
                0x0000000010000fcd                sd_read_flag
 *fill*         0x0000000010000fce        0x2 
 .bss.sd_wr_buffer
                0x0000000010000fd0      0x200 ./src/PR_MMC_SD.o
                0x0000000010000fd0                sd_wr_buffer
 .bss.sd_wr_address
                0x00000000100011d0        0x4 ./src/PR_MMC_SD.o
                0x00000000100011d0                sd_wr_address
 .bss.sd_rd_address
                0x00000000100011d4        0x4 ./src/PR_MMC_SD.o
                0x00000000100011d4                sd_rd_address
 .bss.estado_sd
                0x00000000100011d8        0x1 ./src/PR_MMC_SD.o
 .bss.sd_cmd55_flag
                0x00000000100011d9        0x1 ./src/PR_MMC_SD.o
 .bss.sd_cmd58_flag
                0x00000000100011da        0x1 ./src/PR_MMC_SD.o
 .bss.sd_acmd41_flag
                0x00000000100011db        0x1 ./src/PR_MMC_SD.o
 .bss.sd_acmd41_retry
                0x00000000100011dc        0x1 ./src/PR_MMC_SD.o
 .bss.sd_acmd41_timeout
                0x00000000100011dd        0x1 ./src/PR_MMC_SD.o
 .bss.sd_cmd1_flag
                0x00000000100011de        0x1 ./src/PR_MMC_SD.o
 .bss.sd_cmd58_pass1
                0x00000000100011df        0x1 ./src/PR_MMC_SD.o
 .bss.sd_cmd58_pass2
                0x00000000100011e0        0x1 ./src/PR_MMC_SD.o
 *fill*         0x00000000100011e1        0x3 
 .bss.r1        0x00000000100011e4        0x1 ./src/PR_MMC_SD.o
 *fill*         0x00000000100011e5        0x3 
 .bss.r3        0x00000000100011e8        0x5 ./src/PR_MMC_SD.o
 *fill*         0x00000000100011ed        0x3 
 .bss.r7        0x00000000100011f0        0x5 ./src/PR_MMC_SD.o
 .bss.card_type
                0x00000000100011f5        0x1 ./src/PR_MMC_SD.o
 .bss.i.19      0x00000000100011f6        0x1 ./src/PR_MMC_SD.o
 .bss.i.18      0x00000000100011f7        0x1 ./src/PR_MMC_SD.o
 .bss.sd_power_cycle_flag.17
                0x00000000100011f8        0x1 ./src/PR_MMC_SD.o
 .bss.sd_idle_state_flag.16
                0x00000000100011f9        0x1 ./src/PR_MMC_SD.o
 .bss.sd_send_if_cond_flag.15
                0x00000000100011fa        0x1 ./src/PR_MMC_SD.o
 .bss.sd_set_blocklen_flag.14
                0x00000000100011fb        0x1 ./src/PR_MMC_SD.o
 .bss.sd_cmd17_flag.12
                0x00000000100011fc        0x1 ./src/PR_MMC_SD.o
 .bss.sd_cmd24_flag.10
                0x00000000100011fd        0x1 ./src/PR_MMC_SD.o
 .bss.wr_states.6
                0x00000000100011fe        0x1 ./src/PR_MMC_SD.o
 *fill*         0x00000000100011ff        0x1 
 .bss.data_resp_token.4
                0x0000000010001200        0x1 ./src/PR_MMC_SD.o
 .bss.rd_states.3
                0x0000000010001201        0x1 ./src/PR_MMC_SD.o
 *fill*         0x0000000010001202        0x2 
 .bss.spi_ctx   0x0000000010001204     0x1830 ./src/PR_SPI.o
                0x0000000010001204                spi_ctx
 .bss.current_crystal_freq
                0x0000000010002a34        0x4 ./src/PR_SYSCON.o
 .bss.current_frg_freq
                0x0000000010002a38        0x8 ./src/PR_SYSCON.o
 .bss.current_pll_freq
                0x0000000010002a40        0x4 ./src/PR_SYSCON.o
 .bss.current_ext_freq
                0x0000000010002a44        0x4 ./src/PR_SYSCON.o
 .bss.current_watchdog_freq
                0x0000000010002a48        0x4 ./src/PR_SYSCON.o
 .bss.g_Ext_Clk_Freq
                0x0000000010002a4c        0x4 ./src/PR_SYSCON.o
                0x0000000010002a4c                g_Ext_Clk_Freq
 .bss.g_Wdt_Osc_Freq
                0x0000000010002a50        0x4 ./src/PR_SYSCON.o
                0x0000000010002a50                g_Wdt_Osc_Freq
 .bss.systick_period_ms
                0x0000000010002a54        0x4 ./src/PR_SYSTICK.o
                0x0000000010002a54                systick_period_ms
 .bss.usart_ctx
                0x0000000010002a58      0x618 ./src/PR_USART.o
                0x0000000010002a58                usart_ctx
 .bss.pDivRom_idiv
                0x0000000010003070        0x4 ./src/cr_startup_lpc84x.o
                0x0000000010003070                pDivRom_idiv
 .bss.pDivRom_uidiv
                0x0000000010003074        0x4 ./src/cr_startup_lpc84x.o
                0x0000000010003074                pDivRom_uidiv
 .bss.__Ciob    0x0000000010003078       0xb4 /usr/local/mcuxpressoide-11.4.1_6260/ide/plugins/com.nxp.mcuxpresso.tools.linux_11.4.0.202103011116/tools/bin/../lib/gcc/arm-none-eabi/10.2.1/../../../../arm-none-eabi/lib/thumb/v6-m/nofp/libcr_nohost_nf.a(__ciob.o)
                0x0000000010003078                __Ciob
 .bss.errno     0x000000001000312c        0x4 /usr/local/mcuxpressoide-11.4.1_6260/ide/plugins/com.nxp.mcuxpresso.tools.linux_11.4.0.202103011116/tools/bin/../lib/gcc/arm-none-eabi/10.2.1/../../../../arm-none-eabi/lib/thumb/v6-m/nofp/libcr_c.a(errno.o)
                0x000000001000312c                errno
 *(COMMON)
                0x0000000010003130                . = ALIGN (0x4)
                0x0000000010003130                _ebss = .
                [!provide]                        PROVIDE (__end_bss_RAM = .)
                [!provide]                        PROVIDE (__end_bss_RamLoc16 = .)
                [!provide]                        PROVIDE (end = .)

.noinit         0x0000000010003130        0x0
                0x0000000010003130                _noinit = .
                [!provide]                        PROVIDE (__start_noinit_RAM = .)
                [!provide]                        PROVIDE (__start_noinit_RamLoc16 = .)
 *(.noinit*)
                0x0000000010003130                . = ALIGN (0x4)
                0x0000000010003130                _end_noinit = .
                [!provide]                        PROVIDE (__end_noinit_RAM = .)
                [!provide]                        PROVIDE (__end_noinit_RamLoc16 = .)
                0x0000000010003130                PROVIDE (_pvHeapStart = DEFINED (__user_heap_base)?__user_heap_base:.)
                0x0000000010004000                PROVIDE (_vStackTop = DEFINED (__user_stack_top)?__user_stack_top:(__top_RamLoc16 - 0x0))
                0xffffffffefffbac3                PROVIDE (__valid_user_code_checksum = (0x0 - (((_vStackTop + (ResetISR + 0x1)) + (DEFINED (NMI_Handler)?NMI_Handler:M0_NMI_Handler + 0x1)) + (DEFINED (HardFault_Handler)?HardFault_Handler:M0_HardFault_Handler + 0x1))))
                0x0000000000000000                _image_start = LOADADDR (.text)
                0x0000000000006cf0                _image_end = (LOADADDR (.data) + SIZEOF (.data))
                0x0000000000006cf0                _image_size = (_image_end - _image_start)
OUTPUT(LPC845_Reproductor_WAV.axf elf32-littlearm)
LOAD linker stubs

.debug_info     0x0000000000000000    0x13701
 .debug_info    0x0000000000000000      0x327 ./src/AP_MdE.o
 .debug_info    0x0000000000000327      0x921 ./src/AP_Serial.o
 .debug_info    0x0000000000000c48      0xa15 ./src/DR_GPIO.o
 .debug_info    0x000000000000165d      0x951 ./src/DR_IOCON.o
 .debug_info    0x0000000000001fae     0x130e ./src/DR_NVIC.o
 .debug_info    0x00000000000032bc     0x10de ./src/DR_SPI.o
 .debug_info    0x000000000000439a     0x2a5e ./src/DR_SWM.o
 .debug_info    0x0000000000006df8     0x25a5 ./src/DR_SYSCON.o
 .debug_info    0x000000000000939d      0x32a ./src/DR_SYSTICK.o
 .debug_info    0x00000000000096c7      0x152 ./src/DR_Timer.o
 .debug_info    0x0000000000009819     0x18de ./src/DR_USART.o
 .debug_info    0x000000000000b0f7      0xe9a ./src/LPC845_Reproductor_WAV.o
 .debug_info    0x000000000000bf91      0x64e ./src/PR_GPIO.o
 .debug_info    0x000000000000c5df      0x7c3 ./src/PR_IOCON.o
 .debug_info    0x000000000000cda2      0x26a ./src/PR_Leds.o
 .debug_info    0x000000000000d00c     0x1e2a ./src/PR_MMC_SD.o
 .debug_info    0x000000000000ee36     0x123f ./src/PR_SPI.o
 .debug_info    0x0000000000010075     0x20bd ./src/PR_SYSCON.o
 .debug_info    0x0000000000012132      0x1de ./src/PR_SYSTICK.o
 .debug_info    0x0000000000012310      0x313 ./src/PR_Timer.o
 .debug_info    0x0000000000012623      0xdc6 ./src/PR_USART.o
 .debug_info    0x00000000000133e9       0x22 ./src/aeabi_romdiv_patch.o
 .debug_info    0x000000000001340b      0x262 ./src/cr_startup_lpc84x.o
 .debug_info    0x000000000001366d       0x40 ./src/crp.o
 .debug_info    0x00000000000136ad       0x54 ./src/mtb.o

.debug_abbrev   0x0000000000000000     0x27f1
 .debug_abbrev  0x0000000000000000      0x10a ./src/AP_MdE.o
 .debug_abbrev  0x000000000000010a      0x224 ./src/AP_Serial.o
 .debug_abbrev  0x000000000000032e      0x17d ./src/DR_GPIO.o
 .debug_abbrev  0x00000000000004ab      0x181 ./src/DR_IOCON.o
 .debug_abbrev  0x000000000000062c      0x196 ./src/DR_NVIC.o
 .debug_abbrev  0x00000000000007c2      0x1c3 ./src/DR_SPI.o
 .debug_abbrev  0x0000000000000985      0x211 ./src/DR_SWM.o
 .debug_abbrev  0x0000000000000b96      0x275 ./src/DR_SYSCON.o
 .debug_abbrev  0x0000000000000e0b      0x16e ./src/DR_SYSTICK.o
 .debug_abbrev  0x0000000000000f79       0xeb ./src/DR_Timer.o
 .debug_abbrev  0x0000000000001064      0x1f8 ./src/DR_USART.o
 .debug_abbrev  0x000000000000125c      0x259 ./src/LPC845_Reproductor_WAV.o
 .debug_abbrev  0x00000000000014b5      0x119 ./src/PR_GPIO.o
 .debug_abbrev  0x00000000000015ce      0x131 ./src/PR_IOCON.o
 .debug_abbrev  0x00000000000016ff       0x63 ./src/PR_Leds.o
 .debug_abbrev  0x0000000000001762      0x33a ./src/PR_MMC_SD.o
 .debug_abbrev  0x0000000000001a9c      0x307 ./src/PR_SPI.o
 .debug_abbrev  0x0000000000001da3      0x2e2 ./src/PR_SYSCON.o
 .debug_abbrev  0x0000000000002085      0x164 ./src/PR_SYSTICK.o
 .debug_abbrev  0x00000000000021e9      0x19d ./src/PR_Timer.o
 .debug_abbrev  0x0000000000002386      0x2a6 ./src/PR_USART.o
 .debug_abbrev  0x000000000000262c       0x12 ./src/aeabi_romdiv_patch.o
 .debug_abbrev  0x000000000000263e      0x135 ./src/cr_startup_lpc84x.o
 .debug_abbrev  0x0000000000002773       0x38 ./src/crp.o
 .debug_abbrev  0x00000000000027ab       0x46 ./src/mtb.o

.debug_aranges  0x0000000000000000     0x1138
 .debug_aranges
                0x0000000000000000       0x20 ./src/AP_MdE.o
 .debug_aranges
                0x0000000000000020       0x38 ./src/AP_Serial.o
 .debug_aranges
                0x0000000000000058       0xa8 ./src/DR_GPIO.o
 .debug_aranges
                0x0000000000000100       0xb8 ./src/DR_IOCON.o
 .debug_aranges
                0x00000000000001b8       0x48 ./src/DR_NVIC.o
 .debug_aranges
                0x0000000000000200      0x1b8 ./src/DR_SPI.o
 .debug_aranges
                0x00000000000003b8      0x180 ./src/DR_SWM.o
 .debug_aranges
                0x0000000000000538      0x168 ./src/DR_SYSCON.o
 .debug_aranges
                0x00000000000006a0       0x60 ./src/DR_SYSTICK.o
 .debug_aranges
                0x0000000000000700       0x20 ./src/DR_Timer.o
 .debug_aranges
                0x0000000000000720      0x300 ./src/DR_USART.o
 .debug_aranges
                0x0000000000000a20       0x78 ./src/LPC845_Reproductor_WAV.o
 .debug_aranges
                0x0000000000000a98       0xb0 ./src/PR_GPIO.o
 .debug_aranges
                0x0000000000000b48       0x20 ./src/PR_IOCON.o
 .debug_aranges
                0x0000000000000b68       0x68 ./src/PR_Leds.o
 .debug_aranges
                0x0000000000000bd0      0x170 ./src/PR_MMC_SD.o
 .debug_aranges
                0x0000000000000d40       0xd0 ./src/PR_SPI.o
 .debug_aranges
                0x0000000000000e10       0xf0 ./src/PR_SYSCON.o
 .debug_aranges
                0x0000000000000f00       0x60 ./src/PR_SYSTICK.o
 .debug_aranges
                0x0000000000000f60       0x58 ./src/PR_Timer.o
 .debug_aranges
                0x0000000000000fb8       0xc8 ./src/PR_USART.o
 .debug_aranges
                0x0000000000001080       0x28 ./src/aeabi_romdiv_patch.o
 .debug_aranges
                0x00000000000010a8       0x60 ./src/cr_startup_lpc84x.o
 .debug_aranges
                0x0000000000001108       0x18 ./src/crp.o
 .debug_aranges
                0x0000000000001120       0x18 ./src/mtb.o

.debug_ranges   0x0000000000000000      0xfa0
 .debug_ranges  0x0000000000000000       0x10 ./src/AP_MdE.o
 .debug_ranges  0x0000000000000010       0x28 ./src/AP_Serial.o
 .debug_ranges  0x0000000000000038       0x98 ./src/DR_GPIO.o
 .debug_ranges  0x00000000000000d0       0xa8 ./src/DR_IOCON.o
 .debug_ranges  0x0000000000000178       0x38 ./src/DR_NVIC.o
 .debug_ranges  0x00000000000001b0      0x1a8 ./src/DR_SPI.o
 .debug_ranges  0x0000000000000358      0x170 ./src/DR_SWM.o
 .debug_ranges  0x00000000000004c8      0x158 ./src/DR_SYSCON.o
 .debug_ranges  0x0000000000000620       0x50 ./src/DR_SYSTICK.o
 .debug_ranges  0x0000000000000670       0x10 ./src/DR_Timer.o
 .debug_ranges  0x0000000000000680      0x2f0 ./src/DR_USART.o
 .debug_ranges  0x0000000000000970       0x68 ./src/LPC845_Reproductor_WAV.o
 .debug_ranges  0x00000000000009d8       0xa0 ./src/PR_GPIO.o
 .debug_ranges  0x0000000000000a78       0x10 ./src/PR_IOCON.o
 .debug_ranges  0x0000000000000a88       0x58 ./src/PR_Leds.o
 .debug_ranges  0x0000000000000ae0      0x160 ./src/PR_MMC_SD.o
 .debug_ranges  0x0000000000000c40       0xc0 ./src/PR_SPI.o
 .debug_ranges  0x0000000000000d00       0xe0 ./src/PR_SYSCON.o
 .debug_ranges  0x0000000000000de0       0x50 ./src/PR_SYSTICK.o
 .debug_ranges  0x0000000000000e30       0x48 ./src/PR_Timer.o
 .debug_ranges  0x0000000000000e78       0xb8 ./src/PR_USART.o
 .debug_ranges  0x0000000000000f30       0x20 ./src/aeabi_romdiv_patch.o
 .debug_ranges  0x0000000000000f50       0x50 ./src/cr_startup_lpc84x.o

.debug_macro    0x0000000000000000     0x250d
 .debug_macro   0x0000000000000000       0xd8 ./src/AP_MdE.o
 .debug_macro   0x00000000000000d8      0xa6c ./src/AP_MdE.o
 .debug_macro   0x0000000000000b44       0x10 ./src/AP_MdE.o
 .debug_macro   0x0000000000000b54      0x12e ./src/AP_MdE.o
 .debug_macro   0x0000000000000c82      0x5b3 ./src/AP_MdE.o
 .debug_macro   0x0000000000001235       0x10 ./src/AP_MdE.o
 .debug_macro   0x0000000000001245       0x22 ./src/AP_MdE.o
 .debug_macro   0x0000000000001267       0xd8 ./src/AP_MdE.o
 .debug_macro   0x000000000000133f       0x16 ./src/AP_MdE.o
 .debug_macro   0x0000000000001355       0x10 ./src/AP_MdE.o
 .debug_macro   0x0000000000001365       0x16 ./src/AP_MdE.o
 .debug_macro   0x000000000000137b       0x1c ./src/AP_MdE.o
 .debug_macro   0x0000000000001397       0x88 ./src/AP_MdE.o
 .debug_macro   0x000000000000141f      0x122 ./src/AP_Serial.o
 .debug_macro   0x0000000000001541       0x9a ./src/AP_Serial.o
 .debug_macro   0x00000000000015db       0x10 ./src/AP_Serial.o
 .debug_macro   0x00000000000015eb       0x10 ./src/AP_Serial.o
 .debug_macro   0x00000000000015fb       0x2a ./src/DR_GPIO.o
 .debug_macro   0x0000000000001625       0x80 ./src/DR_IOCON.o
 .debug_macro   0x00000000000016a5       0x2a ./src/DR_NVIC.o
 .debug_macro   0x00000000000016cf       0x54 ./src/DR_SPI.o
 .debug_macro   0x0000000000001723       0x10 ./src/DR_SPI.o
 .debug_macro   0x0000000000001733       0x7f ./src/DR_SWM.o
 .debug_macro   0x00000000000017b2       0x22 ./src/DR_SWM.o
 .debug_macro   0x00000000000017d4       0x7a ./src/DR_SYSCON.o
 .debug_macro   0x000000000000184e       0x1c ./src/DR_SYSCON.o
 .debug_macro   0x000000000000186a       0x16 ./src/DR_SYSCON.o
 .debug_macro   0x0000000000001880       0x29 ./src/DR_SYSTICK.o
 .debug_macro   0x00000000000018a9       0x16 ./src/DR_SYSTICK.o
 .debug_macro   0x00000000000018bf       0x29 ./src/DR_Timer.o
 .debug_macro   0x00000000000018e8       0x22 ./src/DR_Timer.o
 .debug_macro   0x000000000000190a       0x54 ./src/DR_USART.o
 .debug_macro   0x000000000000195e       0x22 ./src/DR_USART.o
 .debug_macro   0x0000000000001980      0x169 ./src/LPC845_Reproductor_WAV.o
 .debug_macro   0x0000000000001ae9       0x82 ./src/LPC845_Reproductor_WAV.o
 .debug_macro   0x0000000000001b6b       0x28 ./src/LPC845_Reproductor_WAV.o
 .debug_macro   0x0000000000001b93       0x10 ./src/LPC845_Reproductor_WAV.o
 .debug_macro   0x0000000000001ba3       0x9a ./src/LPC845_Reproductor_WAV.o
 .debug_macro   0x0000000000001c3d       0x28 ./src/LPC845_Reproductor_WAV.o
 .debug_macro   0x0000000000001c65       0x16 ./src/LPC845_Reproductor_WAV.o
 .debug_macro   0x0000000000001c7b       0x83 ./src/PR_GPIO.o
 .debug_macro   0x0000000000001cfe       0x10 ./src/PR_GPIO.o
 .debug_macro   0x0000000000001d0e       0x9b ./src/PR_IOCON.o
 .debug_macro   0x0000000000001da9       0x5a ./src/PR_Leds.o
 .debug_macro   0x0000000000001e03       0x94 ./src/PR_Leds.o
 .debug_macro   0x0000000000001e97      0x1fb ./src/PR_MMC_SD.o
 .debug_macro   0x0000000000002092       0x16 ./src/PR_MMC_SD.o
 .debug_macro   0x00000000000020a8       0x16 ./src/PR_MMC_SD.o
 .debug_macro   0x00000000000020be       0xdd ./src/PR_SPI.o
 .debug_macro   0x000000000000219b       0x28 ./src/PR_SPI.o
 .debug_macro   0x00000000000021c3       0x10 ./src/PR_SPI.o
 .debug_macro   0x00000000000021d3       0xbe ./src/PR_SYSCON.o
 .debug_macro   0x0000000000002291       0x96 ./src/PR_SYSTICK.o
 .debug_macro   0x0000000000002327       0x1c ./src/PR_SYSTICK.o
 .debug_macro   0x0000000000002343       0x3c ./src/PR_Timer.o
 .debug_macro   0x000000000000237f       0xbc ./src/PR_USART.o
 .debug_macro   0x000000000000243b       0x28 ./src/PR_USART.o
 .debug_macro   0x0000000000002463       0x23 ./src/cr_startup_lpc84x.o
 .debug_macro   0x0000000000002486       0x1a ./src/crp.o
 .debug_macro   0x00000000000024a0       0x34 ./src/crp.o
 .debug_macro   0x00000000000024d4       0x29 ./src/mtb.o
 .debug_macro   0x00000000000024fd       0x10 ./src/mtb.o

.debug_line     0x0000000000000000     0x808c
 .debug_line    0x0000000000000000      0x32b ./src/AP_MdE.o
 .debug_line    0x000000000000032b      0x720 ./src/AP_Serial.o
 .debug_line    0x0000000000000a4b      0x2ab ./src/DR_GPIO.o
 .debug_line    0x0000000000000cf6      0x4b7 ./src/DR_IOCON.o
 .debug_line    0x00000000000011ad      0x2a0 ./src/DR_NVIC.o
 .debug_line    0x000000000000144d      0x95d ./src/DR_SPI.o
 .debug_line    0x0000000000001daa      0xab4 ./src/DR_SWM.o
 .debug_line    0x000000000000285e      0x972 ./src/DR_SYSCON.o
 .debug_line    0x00000000000031d0      0x1b8 ./src/DR_SYSTICK.o
 .debug_line    0x0000000000003388       0xf4 ./src/DR_Timer.o
 .debug_line    0x000000000000347c      0xbbe ./src/DR_USART.o
 .debug_line    0x000000000000403a      0x59d ./src/LPC845_Reproductor_WAV.o
 .debug_line    0x00000000000045d7      0x42d ./src/PR_GPIO.o
 .debug_line    0x0000000000004a04      0x2a3 ./src/PR_IOCON.o
 .debug_line    0x0000000000004ca7      0x1c9 ./src/PR_Leds.o
 .debug_line    0x0000000000004e70     0x138c ./src/PR_MMC_SD.o
 .debug_line    0x00000000000061fc      0x70a ./src/PR_SPI.o
 .debug_line    0x0000000000006906      0x704 ./src/PR_SYSCON.o
 .debug_line    0x000000000000700a      0x33d ./src/PR_SYSTICK.o
 .debug_line    0x0000000000007347      0x2b4 ./src/PR_Timer.o
 .debug_line    0x00000000000075fb      0x758 ./src/PR_USART.o
 .debug_line    0x0000000000007d53       0x65 ./src/aeabi_romdiv_patch.o
 .debug_line    0x0000000000007db8      0x14d ./src/cr_startup_lpc84x.o
 .debug_line    0x0000000000007f05       0xb5 ./src/crp.o
 .debug_line    0x0000000000007fba       0xd2 ./src/mtb.o

.debug_str      0x0000000000000000     0xf419
 .debug_str     0x0000000000000000     0x5126 ./src/AP_MdE.o
                                       0x51d4 (size before relaxing)
 .debug_str     0x0000000000005126      0x83a ./src/AP_Serial.o
                                       0x59bd (size before relaxing)
 .debug_str     0x0000000000005960      0x3e1 ./src/DR_GPIO.o
                                       0x344c (size before relaxing)
 .debug_str     0x0000000000005d41      0x813 ./src/DR_IOCON.o
                                       0x55c3 (size before relaxing)
 .debug_str     0x0000000000006554      0xc3f ./src/DR_NVIC.o
                                       0x399b (size before relaxing)
 .debug_str     0x0000000000007193      0x746 ./src/DR_SPI.o
                                       0x4d17 (size before relaxing)
 .debug_str     0x00000000000078d9     0x137f ./src/DR_SWM.o
                                       0x64fa (size before relaxing)
 .debug_str     0x0000000000008c58     0x1484 ./src/DR_SYSCON.o
                                       0x784f (size before relaxing)
 .debug_str     0x000000000000a0dc      0x28c ./src/DR_SYSTICK.o
                                       0x2fc1 (size before relaxing)
 .debug_str     0x000000000000a368       0xa1 ./src/DR_Timer.o
                                       0x2dbf (size before relaxing)
 .debug_str     0x000000000000a409      0xd23 ./src/DR_USART.o
                                       0x52a1 (size before relaxing)
 .debug_str     0x000000000000b12c     0x166d ./src/LPC845_Reproductor_WAV.o
                                       0x6c16 (size before relaxing)
 .debug_str     0x000000000000c799      0x1db ./src/PR_GPIO.o
                                       0x554e (size before relaxing)
 .debug_str     0x000000000000c974      0x2dd ./src/PR_IOCON.o
                                       0x5516 (size before relaxing)
 .debug_str     0x000000000000cc51       0xcf ./src/PR_Leds.o
                                       0x362f (size before relaxing)
 .debug_str     0x000000000000cd20     0x10fe ./src/PR_MMC_SD.o
                                       0x6516 (size before relaxing)
 .debug_str     0x000000000000de1e      0x54e ./src/PR_SPI.o
                                       0x6843 (size before relaxing)
 .debug_str     0x000000000000e36c      0x8ff ./src/PR_SYSCON.o
                                       0x6d0d (size before relaxing)
 .debug_str     0x000000000000ec6b       0xea ./src/PR_SYSTICK.o
                                       0x4e4c (size before relaxing)
 .debug_str     0x000000000000ed55       0x9c ./src/PR_Timer.o
                                       0x2ec1 (size before relaxing)
 .debug_str     0x000000000000edf1      0x287 ./src/PR_USART.o
                                       0x6482 (size before relaxing)
 .debug_str     0x000000000000f078       0x2a ./src/aeabi_romdiv_patch.o
                                         0x81 (size before relaxing)
 .debug_str     0x000000000000f0a2      0x1be ./src/cr_startup_lpc84x.o
                                       0x2e51 (size before relaxing)
 .debug_str     0x000000000000f260       0xe9 ./src/crp.o
                                       0x2d66 (size before relaxing)
 .debug_str     0x000000000000f349       0xd0 ./src/mtb.o
                                       0x319b (size before relaxing)

.comment        0x0000000000000000       0x4d
 .comment       0x0000000000000000       0x4d ./src/AP_MdE.o
                                         0x4e (size before relaxing)
 .comment       0x000000000000004d       0x4e ./src/AP_Serial.o
 .comment       0x000000000000004d       0x4e ./src/DR_GPIO.o
 .comment       0x000000000000004d       0x4e ./src/DR_IOCON.o
 .comment       0x000000000000004d       0x4e ./src/DR_NVIC.o
 .comment       0x000000000000004d       0x4e ./src/DR_SPI.o
 .comment       0x000000000000004d       0x4e ./src/DR_SWM.o
 .comment       0x000000000000004d       0x4e ./src/DR_SYSCON.o
 .comment       0x000000000000004d       0x4e ./src/DR_SYSTICK.o
 .comment       0x000000000000004d       0x4e ./src/DR_Timer.o
 .comment       0x000000000000004d       0x4e ./src/DR_USART.o
 .comment       0x000000000000004d       0x4e ./src/LPC845_Reproductor_WAV.o
 .comment       0x000000000000004d       0x4e ./src/PR_GPIO.o
 .comment       0x000000000000004d       0x4e ./src/PR_IOCON.o
 .comment       0x000000000000004d       0x4e ./src/PR_Leds.o
 .comment       0x000000000000004d       0x4e ./src/PR_MMC_SD.o
 .comment       0x000000000000004d       0x4e ./src/PR_SPI.o
 .comment       0x000000000000004d       0x4e ./src/PR_SYSCON.o
 .comment       0x000000000000004d       0x4e ./src/PR_SYSTICK.o
 .comment       0x000000000000004d       0x4e ./src/PR_Timer.o
 .comment       0x000000000000004d       0x4e ./src/PR_USART.o
 .comment       0x000000000000004d       0x4e ./src/cr_startup_lpc84x.o
 .comment       0x000000000000004d       0x4e ./src/crp.o
 .comment       0x000000000000004d       0x4e ./src/mtb.o
 .comment       0x000000000000004d       0x4e /usr/local/mcuxpressoide-11.4.1_6260/ide/plugins/com.nxp.mcuxpresso.tools.linux_11.4.0.202103011116/tools/bin/../lib/gcc/arm-none-eabi/10.2.1/../../../../arm-none-eabi/lib/thumb/v6-m/nofp/libcr_nohost_nf.a(_cr__main.o)
 .comment       0x000000000000004d       0x4e /usr/local/mcuxpressoide-11.4.1_6260/ide/plugins/com.nxp.mcuxpresso.tools.linux_11.4.0.202103011116/tools/bin/../lib/gcc/arm-none-eabi/10.2.1/../../../../arm-none-eabi/lib/thumb/v6-m/nofp/libcr_nohost_nf.a(__ciob.o)
 .comment       0x000000000000004d       0x4e /usr/local/mcuxpressoide-11.4.1_6260/ide/plugins/com.nxp.mcuxpresso.tools.linux_11.4.0.202103011116/tools/bin/../lib/gcc/arm-none-eabi/10.2.1/../../../../arm-none-eabi/lib/thumb/v6-m/nofp/libcr_c.a(memcpy.o)
 .comment       0x000000000000004d       0x4e /usr/local/mcuxpressoide-11.4.1_6260/ide/plugins/com.nxp.mcuxpresso.tools.linux_11.4.0.202103011116/tools/bin/../lib/gcc/arm-none-eabi/10.2.1/../../../../arm-none-eabi/lib/thumb/v6-m/nofp/libcr_c.a(memset.o)
 .comment       0x000000000000004d       0x4e /usr/local/mcuxpressoide-11.4.1_6260/ide/plugins/com.nxp.mcuxpresso.tools.linux_11.4.0.202103011116/tools/bin/../lib/gcc/arm-none-eabi/10.2.1/../../../../arm-none-eabi/lib/thumb/v6-m/nofp/libcr_c.a(_deferredlazyseek.o)
 .comment       0x000000000000004d       0x4e /usr/local/mcuxpressoide-11.4.1_6260/ide/plugins/com.nxp.mcuxpresso.tools.linux_11.4.0.202103011116/tools/bin/../lib/gcc/arm-none-eabi/10.2.1/../../../../arm-none-eabi/lib/thumb/v6-m/nofp/libcr_c.a(_fflush.o)
 .comment       0x000000000000004d       0x4e /usr/local/mcuxpressoide-11.4.1_6260/ide/plugins/com.nxp.mcuxpresso.tools.linux_11.4.0.202103011116/tools/bin/../lib/gcc/arm-none-eabi/10.2.1/../../../../arm-none-eabi/lib/thumb/v6-m/nofp/libcr_c.a(_writebuf.o)
 .comment       0x000000000000004d       0x4e /usr/local/mcuxpressoide-11.4.1_6260/ide/plugins/com.nxp.mcuxpresso.tools.linux_11.4.0.202103011116/tools/bin/../lib/gcc/arm-none-eabi/10.2.1/../../../../arm-none-eabi/lib/thumb/v6-m/nofp/libcr_c.a(alloc.o)
 .comment       0x000000000000004d       0x4e /usr/local/mcuxpressoide-11.4.1_6260/ide/plugins/com.nxp.mcuxpresso.tools.linux_11.4.0.202103011116/tools/bin/../lib/gcc/arm-none-eabi/10.2.1/../../../../arm-none-eabi/lib/thumb/v6-m/nofp/libcr_c.a(fseek.o)
 .comment       0x000000000000004d       0x4e /usr/local/mcuxpressoide-11.4.1_6260/ide/plugins/com.nxp.mcuxpresso.tools.linux_11.4.0.202103011116/tools/bin/../lib/gcc/arm-none-eabi/10.2.1/../../../../arm-none-eabi/lib/thumb/v6-m/nofp/libcr_c.a(ftell.o)
 .comment       0x000000000000004d       0x4e /usr/local/mcuxpressoide-11.4.1_6260/ide/plugins/com.nxp.mcuxpresso.tools.linux_11.4.0.202103011116/tools/bin/../lib/gcc/arm-none-eabi/10.2.1/../../../../arm-none-eabi/lib/thumb/v6-m/nofp/libcr_c.a(initio.o)
 .comment       0x000000000000004d       0x4e /usr/local/mcuxpressoide-11.4.1_6260/ide/plugins/com.nxp.mcuxpresso.tools.linux_11.4.0.202103011116/tools/bin/../lib/gcc/arm-none-eabi/10.2.1/../../../../arm-none-eabi/lib/thumb/v6-m/nofp/libcr_c.a(setvbuf.o)
 .comment       0x000000000000004d       0x4e /usr/local/mcuxpressoide-11.4.1_6260/ide/plugins/com.nxp.mcuxpresso.tools.linux_11.4.0.202103011116/tools/bin/../lib/gcc/arm-none-eabi/10.2.1/../../../../arm-none-eabi/lib/thumb/v6-m/nofp/libcr_c.a(strcmp.o)
 .comment       0x000000000000004d       0x4e /usr/local/mcuxpressoide-11.4.1_6260/ide/plugins/com.nxp.mcuxpresso.tools.linux_11.4.0.202103011116/tools/bin/../lib/gcc/arm-none-eabi/10.2.1/../../../../arm-none-eabi/lib/thumb/v6-m/nofp/libcr_c.a(strlen.o)
 .comment       0x000000000000004d       0x4e /usr/local/mcuxpressoide-11.4.1_6260/ide/plugins/com.nxp.mcuxpresso.tools.linux_11.4.0.202103011116/tools/bin/../lib/gcc/arm-none-eabi/10.2.1/../../../../arm-none-eabi/lib/thumb/v6-m/nofp/libcr_c.a(_fdopen.o)
 .comment       0x000000000000004d       0x4e /usr/local/mcuxpressoide-11.4.1_6260/ide/plugins/com.nxp.mcuxpresso.tools.linux_11.4.0.202103011116/tools/bin/../lib/gcc/arm-none-eabi/10.2.1/../../../../arm-none-eabi/lib/thumb/v6-m/nofp/libcr_c.a(errno.o)
 .comment       0x000000000000004d       0x4e /usr/local/mcuxpressoide-11.4.1_6260/ide/plugins/com.nxp.mcuxpresso.tools.linux_11.4.0.202103011116/tools/bin/../lib/gcc/arm-none-eabi/10.2.1/../../../../arm-none-eabi/lib/thumb/v6-m/nofp/libcr_c.a(fclose.o)
 .comment       0x000000000000004d       0x4e /usr/local/mcuxpressoide-11.4.1_6260/ide/plugins/com.nxp.mcuxpresso.tools.linux_11.4.0.202103011116/tools/bin/../lib/gcc/arm-none-eabi/10.2.1/../../../../arm-none-eabi/lib/thumb/v6-m/nofp/libcr_c.a(fflush.o)
 .comment       0x000000000000004d       0x4e /usr/local/mcuxpressoide-11.4.1_6260/ide/plugins/com.nxp.mcuxpresso.tools.linux_11.4.0.202103011116/tools/bin/../lib/gcc/arm-none-eabi/10.2.1/../../../../arm-none-eabi/lib/thumb/v6-m/nofp/libcr_c.a(remove.o)
 .comment       0x000000000000004d       0x4e /usr/local/mcuxpressoide-11.4.1_6260/ide/plugins/com.nxp.mcuxpresso.tools.linux_11.4.0.202103011116/tools/bin/../lib/gcc/arm-none-eabi/10.2.1/../../../../arm-none-eabi/lib/thumb/v6-m/nofp/libcr_c.a(_do_fflush.o)
 .comment       0x000000000000004d       0x4e /usr/local/mcuxpressoide-11.4.1_6260/ide/plugins/com.nxp.mcuxpresso.tools.linux_11.4.0.202103011116/tools/bin/../lib/gcc/arm-none-eabi/10.2.1/thumb/v6-m/nofp/libcr_eabihelpers.a(double.o)
 .comment       0x000000000000004d       0x4e /usr/local/mcuxpressoide-11.4.1_6260/ide/plugins/com.nxp.mcuxpresso.tools.linux_11.4.0.202103011116/tools/bin/../lib/gcc/arm-none-eabi/10.2.1/thumb/v6-m/nofp/libcr_eabihelpers.a(float.o)
 .comment       0x000000000000004d       0x4e /usr/local/mcuxpressoide-11.4.1_6260/ide/plugins/com.nxp.mcuxpresso.tools.linux_11.4.0.202103011116/tools/bin/../lib/gcc/arm-none-eabi/10.2.1/../../../../arm-none-eabi/lib/thumb/v6-m/nofp/libcr_nohost_nf.a(__sys_close.o)
 .comment       0x000000000000004d       0x4e /usr/local/mcuxpressoide-11.4.1_6260/ide/plugins/com.nxp.mcuxpresso.tools.linux_11.4.0.202103011116/tools/bin/../lib/gcc/arm-none-eabi/10.2.1/../../../../arm-none-eabi/lib/thumb/v6-m/nofp/libcr_nohost_nf.a(__sys_flen.o)
 .comment       0x000000000000004d       0x4e /usr/local/mcuxpressoide-11.4.1_6260/ide/plugins/com.nxp.mcuxpresso.tools.linux_11.4.0.202103011116/tools/bin/../lib/gcc/arm-none-eabi/10.2.1/../../../../arm-none-eabi/lib/thumb/v6-m/nofp/libcr_nohost_nf.a(__sys_istty.o)
 .comment       0x000000000000004d       0x4e /usr/local/mcuxpressoide-11.4.1_6260/ide/plugins/com.nxp.mcuxpresso.tools.linux_11.4.0.202103011116/tools/bin/../lib/gcc/arm-none-eabi/10.2.1/../../../../arm-none-eabi/lib/thumb/v6-m/nofp/libcr_nohost_nf.a(__sys_remove.o)
 .comment       0x000000000000004d       0x4e /usr/local/mcuxpressoide-11.4.1_6260/ide/plugins/com.nxp.mcuxpresso.tools.linux_11.4.0.202103011116/tools/bin/../lib/gcc/arm-none-eabi/10.2.1/../../../../arm-none-eabi/lib/thumb/v6-m/nofp/libcr_nohost_nf.a(__sys_seek.o)
 .comment       0x000000000000004d       0x4e /usr/local/mcuxpressoide-11.4.1_6260/ide/plugins/com.nxp.mcuxpresso.tools.linux_11.4.0.202103011116/tools/bin/../lib/gcc/arm-none-eabi/10.2.1/../../../../arm-none-eabi/lib/thumb/v6-m/nofp/libcr_nohost_nf.a(__sys_tmpnam.o)
 .comment       0x000000000000004d       0x4e /usr/local/mcuxpressoide-11.4.1_6260/ide/plugins/com.nxp.mcuxpresso.tools.linux_11.4.0.202103011116/tools/bin/../lib/gcc/arm-none-eabi/10.2.1/../../../../arm-none-eabi/lib/thumb/v6-m/nofp/libcr_nohost_nf.a(__sys_write.o)

.ARM.attributes
                0x0000000000000000       0x2a
 .ARM.attributes
                0x0000000000000000       0x2c ./src/AP_MdE.o
 .ARM.attributes
                0x000000000000002c       0x2c ./src/AP_Serial.o
 .ARM.attributes
                0x0000000000000058       0x2c ./src/DR_GPIO.o
 .ARM.attributes
                0x0000000000000084       0x2c ./src/DR_IOCON.o
 .ARM.attributes
                0x00000000000000b0       0x2c ./src/DR_NVIC.o
 .ARM.attributes
                0x00000000000000dc       0x2c ./src/DR_SPI.o
 .ARM.attributes
                0x0000000000000108       0x2c ./src/DR_SWM.o
 .ARM.attributes
                0x0000000000000134       0x2c ./src/DR_SYSCON.o
 .ARM.attributes
                0x0000000000000160       0x2c ./src/DR_SYSTICK.o
 .ARM.attributes
                0x000000000000018c       0x2c ./src/DR_Timer.o
 .ARM.attributes
                0x00000000000001b8       0x2c ./src/DR_USART.o
 .ARM.attributes
                0x00000000000001e4       0x2c ./src/LPC845_Reproductor_WAV.o
 .ARM.attributes
                0x0000000000000210       0x2c ./src/PR_GPIO.o
 .ARM.attributes
                0x000000000000023c       0x2c ./src/PR_IOCON.o
 .ARM.attributes
                0x0000000000000268       0x2c ./src/PR_Leds.o
 .ARM.attributes
                0x0000000000000294       0x2c ./src/PR_MMC_SD.o
 .ARM.attributes
                0x00000000000002c0       0x2c ./src/PR_SPI.o
 .ARM.attributes
                0x00000000000002ec       0x2c ./src/PR_SYSCON.o
 .ARM.attributes
                0x0000000000000318       0x2c ./src/PR_SYSTICK.o
 .ARM.attributes
                0x0000000000000344       0x2c ./src/PR_Timer.o
 .ARM.attributes
                0x0000000000000370       0x2c ./src/PR_USART.o
 .ARM.attributes
                0x000000000000039c       0x1c ./src/aeabi_romdiv_patch.o
 .ARM.attributes
                0x00000000000003b8       0x2c ./src/cr_startup_lpc84x.o
 .ARM.attributes
                0x00000000000003e4       0x31 ./src/crp.o
 .ARM.attributes
                0x0000000000000415       0x31 ./src/mtb.o
 .ARM.attributes
                0x0000000000000446       0x2c /usr/local/mcuxpressoide-11.4.1_6260/ide/plugins/com.nxp.mcuxpresso.tools.linux_11.4.0.202103011116/tools/bin/../lib/gcc/arm-none-eabi/10.2.1/../../../../arm-none-eabi/lib/thumb/v6-m/nofp/libcr_nohost_nf.a(_cr__main.o)
 .ARM.attributes