Archive member included to satisfy reference by file (symbol)

/usr/local/mcuxpressoide-11.4.1_6260/ide/plugins/com.nxp.mcuxpresso.tools.linux_11.4.0.202103011116/tools/bin/../lib/gcc/arm-none-eabi/10.2.1/../../../../arm-none-eabi/lib/thumb/v6-m/nofp/libcr_nohost_nf.a(_cr__main.o)
                              ./startup/startup_lpc845.o (__main)
/usr/local/mcuxpressoide-11.4.1_6260/ide/plugins/com.nxp.mcuxpresso.tools.linux_11.4.0.202103011116/tools/bin/../lib/gcc/arm-none-eabi/10.2.1/../../../../arm-none-eabi/lib/thumb/v6-m/nofp/libcr_nohost_nf.a(_cr_assert.o)
                              ./drivers/fsl_clock.o (__assertion_failed)
/usr/local/mcuxpressoide-11.4.1_6260/ide/plugins/com.nxp.mcuxpresso.tools.linux_11.4.0.202103011116/tools/bin/../lib/gcc/arm-none-eabi/10.2.1/../../../../arm-none-eabi/lib/thumb/v6-m/nofp/libcr_nohost_nf.a(__ciob.o)
                              /usr/local/mcuxpressoide-11.4.1_6260/ide/plugins/com.nxp.mcuxpresso.tools.linux_11.4.0.202103011116/tools/bin/../lib/gcc/arm-none-eabi/10.2.1/../../../../arm-none-eabi/lib/thumb/v6-m/nofp/libcr_nohost_nf.a(_cr_assert.o) (__Ciob)
/usr/local/mcuxpressoide-11.4.1_6260/ide/plugins/com.nxp.mcuxpresso.tools.linux_11.4.0.202103011116/tools/bin/../lib/gcc/arm-none-eabi/10.2.1/../../../../arm-none-eabi/lib/thumb/v6-m/nofp/libcr_nohost_nf.a(__sys_appexit.o)
                              /usr/local/mcuxpressoide-11.4.1_6260/ide/plugins/com.nxp.mcuxpresso.tools.linux_11.4.0.202103011116/tools/bin/../lib/gcc/arm-none-eabi/10.2.1/../../../../arm-none-eabi/lib/thumb/v6-m/nofp/libcr_nohost_nf.a(_cr_assert.o) (__sys_appexit)
/usr/local/mcuxpressoide-11.4.1_6260/ide/plugins/com.nxp.mcuxpresso.tools.linux_11.4.0.202103011116/tools/bin/../lib/gcc/arm-none-eabi/10.2.1/../../../../arm-none-eabi/lib/thumb/v6-m/nofp/libcr_c.a(memset.o)
                              ./drivers/fsl_usart.o (memset)
/usr/local/mcuxpressoide-11.4.1_6260/ide/plugins/com.nxp.mcuxpresso.tools.linux_11.4.0.202103011116/tools/bin/../lib/gcc/arm-none-eabi/10.2.1/../../../../arm-none-eabi/lib/thumb/v6-m/nofp/libcr_c.a(_deferredlazyseek.o)
                              /usr/local/mcuxpressoide-11.4.1_6260/ide/plugins/com.nxp.mcuxpresso.tools.linux_11.4.0.202103011116/tools/bin/../lib/gcc/arm-none-eabi/10.2.1/../../../../arm-none-eabi/lib/thumb/v6-m/nofp/libcr_nohost_nf.a(_cr_assert.o) (__flsbuf)
/usr/local/mcuxpressoide-11.4.1_6260/ide/plugins/com.nxp.mcuxpresso.tools.linux_11.4.0.202103011116/tools/bin/../lib/gcc/arm-none-eabi/10.2.1/../../../../arm-none-eabi/lib/thumb/v6-m/nofp/libcr_c.a(_fflush.o)
                              /usr/local/mcuxpressoide-11.4.1_6260/ide/plugins/com.nxp.mcuxpresso.tools.linux_11.4.0.202103011116/tools/bin/../lib/gcc/arm-none-eabi/10.2.1/../../../../arm-none-eabi/lib/thumb/v6-m/nofp/libcr_c.a(_deferredlazyseek.o) (_fflush)
/usr/local/mcuxpressoide-11.4.1_6260/ide/plugins/com.nxp.mcuxpresso.tools.linux_11.4.0.202103011116/tools/bin/../lib/gcc/arm-none-eabi/10.2.1/../../../../arm-none-eabi/lib/thumb/v6-m/nofp/libcr_c.a(_writebuf.o)
                              /usr/local/mcuxpressoide-11.4.1_6260/ide/plugins/com.nxp.mcuxpresso.tools.linux_11.4.0.202103011116/tools/bin/../lib/gcc/arm-none-eabi/10.2.1/../../../../arm-none-eabi/lib/thumb/v6-m/nofp/libcr_c.a(_deferredlazyseek.o) (_Cwritebuf)
/usr/local/mcuxpressoide-11.4.1_6260/ide/plugins/com.nxp.mcuxpresso.tools.linux_11.4.0.202103011116/tools/bin/../lib/gcc/arm-none-eabi/10.2.1/../../../../arm-none-eabi/lib/thumb/v6-m/nofp/libcr_c.a(alloc.o)
                              ./drivers/fsl_common.o (malloc)
/usr/local/mcuxpressoide-11.4.1_6260/ide/plugins/com.nxp.mcuxpresso.tools.linux_11.4.0.202103011116/tools/bin/../lib/gcc/arm-none-eabi/10.2.1/../../../../arm-none-eabi/lib/thumb/v6-m/nofp/libcr_c.a(fputs.o)
                              /usr/local/mcuxpressoide-11.4.1_6260/ide/plugins/com.nxp.mcuxpresso.tools.linux_11.4.0.202103011116/tools/bin/../lib/gcc/arm-none-eabi/10.2.1/../../../../arm-none-eabi/lib/thumb/v6-m/nofp/libcr_nohost_nf.a(_cr_assert.o) (fputs)
/usr/local/mcuxpressoide-11.4.1_6260/ide/plugins/com.nxp.mcuxpresso.tools.linux_11.4.0.202103011116/tools/bin/../lib/gcc/arm-none-eabi/10.2.1/../../../../arm-none-eabi/lib/thumb/v6-m/nofp/libcr_c.a(fseek.o)
                              /usr/local/mcuxpressoide-11.4.1_6260/ide/plugins/com.nxp.mcuxpresso.tools.linux_11.4.0.202103011116/tools/bin/../lib/gcc/arm-none-eabi/10.2.1/../../../../arm-none-eabi/lib/thumb/v6-m/nofp/libcr_c.a(_deferredlazyseek.o) (fseek)
/usr/local/mcuxpressoide-11.4.1_6260/ide/plugins/com.nxp.mcuxpresso.tools.linux_11.4.0.202103011116/tools/bin/../lib/gcc/arm-none-eabi/10.2.1/../../../../arm-none-eabi/lib/thumb/v6-m/nofp/libcr_c.a(ftell.o)
                              /usr/local/mcuxpressoide-11.4.1_6260/ide/plugins/com.nxp.mcuxpresso.tools.linux_11.4.0.202103011116/tools/bin/../lib/gcc/arm-none-eabi/10.2.1/../../../../arm-none-eabi/lib/thumb/v6-m/nofp/libcr_c.a(fseek.o) (ftell)
[...]
Memory Configuration

Name             Origin             Length             Attributes
PROGRAM_FLASH    0x0000000000000000 0x0000000000010000 xr
SRAM             0x0000000010000000 0x0000000000003fe0 xrw
IAP_SRAM         0x0000000010003fe0 0x0000000000000020 xrw
*default*        0x0000000000000000 0xffffffffffffffff

Linker script and memory map

LOAD ./utilities/fsl_debug_console.o
LOAD ./startup/startup_lpc845.o
LOAD ./source/LPC845_Project_Demo.o
LOAD ./source/mtb.o
LOAD ./drivers/DR_Timer.o
LOAD ./drivers/DR_UART0.o
LOAD ./drivers/PR_Timer.o
LOAD ./drivers/PR_UART0.o
LOAD ./drivers/fsl_clock.o
LOAD ./drivers/fsl_common.o
LOAD ./drivers/fsl_common_arm.o
LOAD ./drivers/fsl_gpio.o
LOAD ./drivers/fsl_power.o
LOAD ./drivers/fsl_reset.o
LOAD ./drivers/fsl_swm.o
LOAD ./drivers/fsl_usart.o
LOAD ./device/system_LPC845.o
LOAD ./component/uart/fsl_adapter_miniusart.o
LOAD ./board/board.o
LOAD ./board/clock_config.o
LOAD ./board/peripherals.o
LOAD ./board/pin_mux.o
START GROUP
LOAD /usr/local/mcuxpressoide-11.4.1_6260/ide/plugins/com.nxp.mcuxpresso.tools.linux_11.4.0.202103011116/tools/bin/../lib/gcc/arm-none-eabi/10.2.1/../../../../arm-none-eabi/lib/thumb/v6-m/nofp/libcr_nohost_nf.a
LOAD /usr/local/mcuxpressoide-11.4.1_6260/ide/plugins/com.nxp.mcuxpresso.tools.linux_11.4.0.202103011116/tools/bin/../lib/gcc/arm-none-eabi/10.2.1/../../../../arm-none-eabi/lib/thumb/v6-m/nofp/libcr_c.a
LOAD /usr/local/mcuxpressoide-11.4.1_6260/ide/plugins/com.nxp.mcuxpresso.tools.linux_11.4.0.202103011116/tools/bin/../lib/gcc/arm-none-eabi/10.2.1/thumb/v6-m/nofp/libcr_eabihelpers.a
LOAD /usr/local/mcuxpressoide-11.4.1_6260/ide/plugins/com.nxp.mcuxpresso.tools.linux_11.4.0.202103011116/tools/bin/../lib/gcc/arm-none-eabi/10.2.1/thumb/v6-m/nofp/libgcc.a
END GROUP
                0x0000000000000000                __base_PROGRAM_FLASH = 0x0
                0x0000000000000000                __base_Flash = 0x0
                0x0000000000010000                __top_PROGRAM_FLASH = 0x10000
                0x0000000000010000                __top_Flash = 0x10000
                0x0000000010000000                __base_SRAM = 0x10000000
                0x0000000010000000                __base_RAM = 0x10000000
                0x0000000010003fe0                __top_SRAM = 0x10003fe0
                0x0000000010003fe0                __top_RAM = 0x10003fe0
                0x0000000010003fe0                __base_IAP_SRAM = 0x10003fe0
                0x0000000010003fe0                __base_RAM2 = 0x10003fe0
                0x0000000010004000                __top_IAP_SRAM = 0x10004000
                0x0000000010004000                __top_RAM2 = 0x10004000

.text           0x0000000000000000     0x2394
 FILL mask 0xff
                0x0000000000000000                __vectors_start__ = ABSOLUTE (.)
 *(SORT_BY_ALIGNMENT(.isr_vector))
 .isr_vector    0x0000000000000000       0xc0 ./startup/startup_lpc845.o
                0x0000000000000000                __Vectors
                0x0000000000000000                g_pfnVectors
                0x00000000000000c0                . = ALIGN (0x4)
                0x00000000000000c0                __section_table_start = .
                0x00000000000000c0                __data_section_table = .
                0x00000000000000c0        0x4 LONG 0x2394 LOADADDR (.data)
                0x00000000000000c4        0x4 LONG 0x10000080 ADDR (.data)
                0x00000000000000c8        0x4 LONG 0x4 SIZEOF (.data)
                0x00000000000000cc        0x4 LONG 0x2394 LOADADDR (.data_RAM2)
                0x00000000000000d0        0x4 LONG 0x10003fe0 ADDR (.data_RAM2)
                0x00000000000000d4        0x4 LONG 0x0 SIZEOF (.data_RAM2)
                0x00000000000000d8                __data_section_table_end = .
                0x00000000000000d8                __bss_section_table = .
                0x00000000000000d8        0x4 LONG 0x10000084 ADDR (.bss)
                0x00000000000000dc        0x4 LONG 0xdd8 SIZEOF (.bss)
                0x00000000000000e0        0x4 LONG 0x10003fe0 ADDR (.bss_RAM2)
                0x00000000000000e4        0x4 LONG 0x0 SIZEOF (.bss_RAM2)
                0x00000000000000e8                __bss_section_table_end = .
                0x00000000000000e8                __section_table_end = .
 *(SORT_BY_ALIGNMENT(.after_vectors*))
 .after_vectors.reset
                0x00000000000000e8       0x54 ./startup/startup_lpc845.o
                0x00000000000000e8                ResetISR
 .after_vectors.init_data
                0x000000000000013c       0x12 ./startup/startup_lpc845.o
                0x000000000000013c                data_init
 .after_vectors.init_bss
                0x000000000000014e       0x10 ./startup/startup_lpc845.o
                0x000000000000014e                bss_init
 .after_vectors
                0x000000000000015e      0x10c ./startup/startup_lpc845.o
                0x000000000000015e                NMI_Handler
                0x0000000000000160                HardFault_Handler
                0x0000000000000162                SVC_Handler
                0x0000000000000164                PendSV_Handler
                0x0000000000000168                ADC0_OVR_DriverIRQHandler
                0x0000000000000168                DMA0_DriverIRQHandler
                0x0000000000000168                SPI1_DriverIRQHandler
                0x0000000000000168                I2C3_DriverIRQHandler
                0x0000000000000168                PIN_INT3_DriverIRQHandler
                0x0000000000000168                PIN_INT5_DAC1_DriverIRQHandler
                0x0000000000000168                PIN_INT2_DriverIRQHandler
                0x0000000000000168                I2C2_DriverIRQHandler
                0x0000000000000168                PIN_INT0_DriverIRQHandler
                0x0000000000000168                IntDefaultHandler
                0x0000000000000168                WKT_DriverIRQHandler
                0x0000000000000168                DAC0_DriverIRQHandler
                0x0000000000000168                MRT0_DriverIRQHandler
                0x0000000000000168                PIN_INT4_DriverIRQHandler
                0x0000000000000168                CMP_CAPT_DriverIRQHandler
                0x0000000000000168                ADC0_THCMP_DriverIRQHandler
                0x0000000000000168                Reserved22_DriverIRQHandler
                0x0000000000000168                FLASH_DriverIRQHandler
                0x0000000000000168                ADC0_SEQB_DriverIRQHandler
                0x0000000000000168                CTIMER0_DriverIRQHandler
                0x0000000000000168                WDT_DriverIRQHandler
                0x0000000000000168                PIN_INT1_DriverIRQHandler
                0x0000000000000168                BOD_DriverIRQHandler
                0x0000000000000168                I2C1_DriverIRQHandler
                0x0000000000000168                ADC0_SEQA_DriverIRQHandler
                0x0000000000000168                SPI0_DriverIRQHandler
                0x0000000000000168                I2C0_DriverIRQHandler
                0x0000000000000168                SCT0_DriverIRQHandler
                0x000000000000016a                SPI0_IRQHandler
                0x0000000000000172                SPI1_IRQHandler
                0x000000000000017a                DAC0_IRQHandler
                0x000000000000018a                USART1_IRQHandler
                0x0000000000000192                USART2_IRQHandler
                0x000000000000019a                Reserved22_IRQHandler
                0x00000000000001a2                I2C1_IRQHandler
                0x00000000000001aa                I2C0_IRQHandler
                0x00000000000001b2                SCT0_IRQHandler
                0x00000000000001ba                MRT0_IRQHandler
                0x00000000000001c2                CMP_CAPT_IRQHandler
                0x00000000000001ca                WDT_IRQHandler
                0x00000000000001d2                BOD_IRQHandler
                0x00000000000001da                FLASH_IRQHandler
                0x00000000000001e2                WKT_IRQHandler
                0x00000000000001ea                ADC0_SEQA_IRQHandler
                0x00000000000001f2                ADC0_SEQB_IRQHandler
                0x00000000000001fa                ADC0_THCMP_IRQHandler
                0x0000000000000202                ADC0_OVR_IRQHandler
                0x000000000000020a                DMA0_IRQHandler
                0x0000000000000212                I2C2_IRQHandler
                0x000000000000021a                I2C3_IRQHandler
                0x0000000000000222                CTIMER0_IRQHandler
                0x000000000000022a                PIN_INT0_IRQHandler
                0x0000000000000232                PIN_INT1_IRQHandler
                0x000000000000023a                PIN_INT2_IRQHandler
                0x0000000000000242                PIN_INT3_IRQHandler
                0x000000000000024a                PIN_INT4_IRQHandler
                0x0000000000000252                PIN_INT5_DAC1_IRQHandler
                0x000000000000025a                PIN_INT6_USART3_IRQHandler
                0x0000000000000262                PIN_INT7_USART4_IRQHandler
                0x00000000000002fc                . = 0x2fc
 *fill*         0x000000000000026a       0x92 ff
                0x00000000000002fc                PROVIDE (__CRP_WORD_START__ = .)
 *(SORT_BY_ALIGNMENT(.crp))
 .crp           0x00000000000002fc        0x4 ./startup/startup_lpc845.o
                0x00000000000002fc                CRP_WORD
                0x0000000000000300                PROVIDE (__CRP_WORD_END__ = .)
                0x0000000000000001                ASSERT (! ((__CRP_WORD_START__ == __CRP_WORD_END__)), Linker CRP Enabled, but no CRP_WORD provided within application)
 *(SORT_BY_ALIGNMENT(.text*))
 .text.__NVIC_SetPriority
                0x0000000000000300       0xdc ./source/LPC845_Project_Demo.o
 .text.SysTick_Config
                0x00000000000003dc       0x48 ./source/LPC845_Project_Demo.o
 .text.timerLed_Handler
                0x0000000000000424       0x20 ./source/LPC845_Project_Demo.o
                0x0000000000000424                timerLed_Handler
 .text.main     0x0000000000000444       0x74 ./source/LPC845_Project_Demo.o
                0x0000000000000444                main
 .text.Timer_Discount
                0x00000000000004b8       0xb0 ./drivers/DR_Timer.o
                0x00000000000004b8                Timer_Discount
 .text.UART0_Init
                0x0000000000000568       0xfc ./drivers/DR_UART0.o
                0x0000000000000568                UART0_Init
 .text.SetBaudRate
                0x0000000000000664       0xbc ./drivers/DR_UART0.o
                0x0000000000000664                SetBaudRate
 .text.UART0_Pop_TX
                0x0000000000000720       0x5c ./drivers/DR_UART0.o
                0x0000000000000720                UART0_Pop_TX
 .text.UART0_Push_RX
                0x000000000000077c       0x48 ./drivers/DR_UART0.o
                0x000000000000077c                UART0_Push_RX
 .text.UART0_write_TX_reg
                0x00000000000007c4       0x2c ./drivers/DR_UART0.o
                0x00000000000007c4                UART0_write_TX_reg
 .text.USART0_IRQHandler
                0x00000000000007f0       0x68 ./drivers/DR_UART0.o
                0x00000000000007f0                USART0_IRQHandler
 .text.Timer_Event
                0x0000000000000858       0x68 ./drivers/PR_Timer.o
                0x0000000000000858                Timer_Event
 .text.Timer_Start
                0x00000000000008c0       0xfc ./drivers/PR_Timer.o
                0x00000000000008c0                Timer_Start
 .text.UART0_Pop_RX
                0x00000000000009bc       0x5c ./drivers/PR_UART0.o
                0x00000000000009bc                UART0_Pop_RX
 .text.UART0_Push_TX
                0x0000000000000a18       0x68 ./drivers/PR_UART0.o
                0x0000000000000a18                UART0_Push_TX
 .text.UART0_Analizar_Trama
                0x0000000000000a80       0xa4 ./drivers/PR_UART0.o
                0x0000000000000a80                UART0_Analizar_Trama
 .text.UART0_Analizar_Comando
                0x0000000000000b24      0x118 ./drivers/PR_UART0.o
                0x0000000000000b24                UART0_Analizar_Comando
 .text.CLOCK_GetSystemPLLFreq
                0x0000000000000c3c       0x20 ./drivers/fsl_clock.o
 .text.CLOCK_GetWdtOscFreq
                0x0000000000000c5c       0x14 ./drivers/fsl_clock.o
 .text.CLOCK_GetExtClkFreq
                0x0000000000000c70       0x14 ./drivers/fsl_clock.o
 .text.CLOCK_SetFRGClkFreq
                0x0000000000000c84       0xa0 ./drivers/fsl_clock.o
 .text.CLOCK_UpdateClkSrc
                0x0000000000000d24       0x4c ./drivers/fsl_clock.o
 .text.CLOCK_SetFRG0ClkFreq
                0x0000000000000d70       0x24 ./drivers/fsl_clock.o
                0x0000000000000d70                CLOCK_SetFRG0ClkFreq
 .text.CLOCK_SetFRG1ClkFreq
                0x0000000000000d94       0x24 ./drivers/fsl_clock.o
                0x0000000000000d94                CLOCK_SetFRG1ClkFreq
 .text.CLOCK_GetMainClkFreq
                0x0000000000000db8       0x78 ./drivers/fsl_clock.o
                0x0000000000000db8                CLOCK_GetMainClkFreq
 .text.CLOCK_GetFroFreq
                0x0000000000000e30       0x78 ./drivers/fsl_clock.o
                0x0000000000000e30                CLOCK_GetFroFreq
 .text.CLOCK_GetSystemPLLInClockRate
                0x0000000000000ea8       0x64 ./drivers/fsl_clock.o
                0x0000000000000ea8                CLOCK_GetSystemPLLInClockRate
 .text.findSyestemPllPsel
                0x0000000000000f0c       0x50 ./drivers/fsl_clock.o
 .text.CLOCK_InitSystemPll
                0x0000000000000f5c      0x104 ./drivers/fsl_clock.o
                0x0000000000000f5c                CLOCK_InitSystemPll
 .text.CLOCK_SetMainClkSrc
                0x0000000000001060       0x9c ./drivers/fsl_clock.o
                0x0000000000001060                CLOCK_SetMainClkSrc
 .text.CLOCK_SetFroOutClkSrc
                0x00000000000010fc       0x48 ./drivers/fsl_clock.o
                0x00000000000010fc                CLOCK_SetFroOutClkSrc
 .text.CLOCK_EnableClock
                0x0000000000001144       0x54 ./drivers/fsl_gpio.o
 .text.GPIO_EnablePortClock
                0x0000000000001198       0x38 ./drivers/fsl_gpio.o
 .text.SWM_SetMovablePinSelect
                0x00000000000011d0       0x98 ./drivers/fsl_swm.o
                0x00000000000011d0                SWM_SetMovablePinSelect
 .text.USART0_DriverIRQHandler
                0x0000000000001268       0x24 ./drivers/fsl_usart.o
                0x0000000000001268                USART0_DriverIRQHandler
 .text.USART1_DriverIRQHandler
                0x000000000000128c       0x24 ./drivers/fsl_usart.o
                0x000000000000128c                USART1_DriverIRQHandler
 .text.USART2_DriverIRQHandler
                0x00000000000012b0       0x24 ./drivers/fsl_usart.o
                0x00000000000012b0                USART2_DriverIRQHandler
 .text.PIN_INT6_USART3_DriverIRQHandler
                0x00000000000012d4       0x24 ./drivers/fsl_usart.o
                0x00000000000012d4                PIN_INT6_USART3_DriverIRQHandler
 .text.PIN_INT7_USART4_DriverIRQHandler
                0x00000000000012f8       0x24 ./drivers/fsl_usart.o
                0x00000000000012f8                PIN_INT7_USART4_DriverIRQHandler
 .text.SystemInit
                0x000000000000131c       0x2c ./device/system_LPC845.o
                0x000000000000131c                SystemInit
 .text.CLOCK_Select
                0x0000000000001348       0x38 ./board/clock_config.o
 .text.CLOCK_SetCoreSysClkDiv
                0x0000000000001380       0x3c ./board/clock_config.o
 .text.CLOCK_SetFroOscFreq
                0x00000000000013bc       0x24 ./board/clock_config.o
 .text.POWER_DisablePD
                0x00000000000013e0       0x2c ./board/clock_config.o
 .text.BOARD_BootClockRUN
                0x000000000000140c       0xb8 ./board/clock_config.o
                0x000000000000140c                BOARD_BootClockRUN
 .text.CLOCK_EnableClock
                0x00000000000014c4       0x54 ./board/pin_mux.o
 .text.CLOCK_DisableClock
                0x0000000000001518       0x58 ./board/pin_mux.o
 .text.BOARD_InitPins
                0x0000000000001570       0xc0 ./board/pin_mux.o
                0x0000000000001570                BOARD_InitPins
 .text.__assertion_failed
                0x0000000000001630       0x4c /usr/local/mcuxpressoide-11.4.1_6260/ide/plugins/com.nxp.mcuxpresso.tools.linux_11.4.0.202103011116/tools/bin/../lib/gcc/arm-none-eabi/10.2.1/../../../../arm-none-eabi/lib/thumb/v6-m/nofp/libcr_nohost_nf.a(_cr_assert.o)
                0x0000000000001630                __assertion_failed
 .text._deferredlazyseek
                0x000000000000167c       0x40 /usr/local/mcuxpressoide-11.4.1_6260/ide/plugins/com.nxp.mcuxpresso.tools.linux_11.4.0.202103011116/tools/bin/../lib/gcc/arm-none-eabi/10.2.1/../../../../arm-none-eabi/lib/thumb/v6-m/nofp/libcr_c.a(_deferredlazyseek.o)
                0x000000000000167c                _deferredlazyseek
 .text.__flsbuf
                0x00000000000016bc      0x150 /usr/local/mcuxpressoide-11.4.1_6260/ide/plugins/com.nxp.mcuxpresso.tools.linux_11.4.0.202103011116/tools/bin/../lib/gcc/arm-none-eabi/10.2.1/../../../../arm-none-eabi/lib/thumb/v6-m/nofp/libcr_c.a(_deferredlazyseek.o)
                0x00000000000016bc                __flsbuf
 .text._fflush  0x000000000000180c       0x60 /usr/local/mcuxpressoide-11.4.1_6260/ide/plugins/com.nxp.mcuxpresso.tools.linux_11.4.0.202103011116/tools/bin/../lib/gcc/arm-none-eabi/10.2.1/../../../../arm-none-eabi/lib/thumb/v6-m/nofp/libcr_c.a(_fflush.o)
                0x000000000000180c                _fflush
 .text._Cwritebuf
                0x000000000000186c       0x68 /usr/local/mcuxpressoide-11.4.1_6260/ide/plugins/com.nxp.mcuxpresso.tools.linux_11.4.0.202103011116/tools/bin/../lib/gcc/arm-none-eabi/10.2.1/../../../../arm-none-eabi/lib/thumb/v6-m/nofp/libcr_c.a(_writebuf.o)
                0x000000000000186c                _Cwritebuf
 .text.malloc   0x00000000000018d4       0xd0 /usr/local/mcuxpressoide-11.4.1_6260/ide/plugins/com.nxp.mcuxpresso.tools.linux_11.4.0.202103011116/tools/bin/../lib/gcc/arm-none-eabi/10.2.1/../../../../arm-none-eabi/lib/thumb/v6-m/nofp/libcr_c.a(alloc.o)
                0x00000000000018d4                malloc
 .text._Csys_alloc
                0x00000000000019a4       0x20 /usr/local/mcuxpressoide-11.4.1_6260/ide/plugins/com.nxp.mcuxpresso.tools.linux_11.4.0.202103011116/tools/bin/../lib/gcc/arm-none-eabi/10.2.1/../../../../arm-none-eabi/lib/thumb/v6-m/nofp/libcr_c.a(alloc.o)
                0x00000000000019a4                _Csys_alloc
 .text.fseek    0x00000000000019c4       0xf0 /usr/local/mcuxpressoide-11.4.1_6260/ide/plugins/com.nxp.mcuxpresso.tools.linux_11.4.0.202103011116/tools/bin/../lib/gcc/arm-none-eabi/10.2.1/../../../../arm-none-eabi/lib/thumb/v6-m/nofp/libcr_c.a(fseek.o)
                0x00000000000019c4                fseek
 .text.ftell    0x0000000000001ab4       0x48 /usr/local/mcuxpressoide-11.4.1_6260/ide/plugins/com.nxp.mcuxpresso.tools.linux_11.4.0.202103011116/tools/bin/../lib/gcc/arm-none-eabi/10.2.1/../../../../arm-none-eabi/lib/thumb/v6-m/nofp/libcr_c.a(ftell.o)
                0x0000000000001ab4                ftell
 .text._initio  0x0000000000001afc       0x7c /usr/local/mcuxpressoide-11.4.1_6260/ide/plugins/com.nxp.mcuxpresso.tools.linux_11.4.0.202103011116/tools/bin/../lib/gcc/arm-none-eabi/10.2.1/../../../../arm-none-eabi/lib/thumb/v6-m/nofp/libcr_c.a(initio.o)
                0x0000000000001afc                _initio
 .text.setvbuf  0x0000000000001b78       0x4c /usr/local/mcuxpressoide-11.4.1_6260/ide/plugins/com.nxp.mcuxpresso.tools.linux_11.4.0.202103011116/tools/bin/../lib/gcc/arm-none-eabi/10.2.1/../../../../arm-none-eabi/lib/thumb/v6-m/nofp/libcr_c.a(setvbuf.o)
                0x0000000000001b78                setvbuf
 .text.strcmp   0x0000000000001bc4       0x44 /usr/local/mcuxpressoide-11.4.1_6260/ide/plugins/com.nxp.mcuxpresso.tools.linux_11.4.0.202103011116/tools/bin/../lib/gcc/arm-none-eabi/10.2.1/../../../../arm-none-eabi/lib/thumb/v6-m/nofp/libcr_c.a(strcmp.o)
                0x0000000000001bc4                strcmp
 .text.strlen   0x0000000000001c08       0x58 /usr/local/mcuxpressoide-11.4.1_6260/ide/plugins/com.nxp.mcuxpresso.tools.linux_11.4.0.202103011116/tools/bin/../lib/gcc/arm-none-eabi/10.2.1/../../../../arm-none-eabi/lib/thumb/v6-m/nofp/libcr_c.a(strlen.o)
                0x0000000000001c08                strlen
 .text._sbrk    0x0000000000001c60       0x44 /usr/local/mcuxpressoide-11.4.1_6260/ide/plugins/com.nxp.mcuxpresso.tools.linux_11.4.0.202103011116/tools/bin/../lib/gcc/arm-none-eabi/10.2.1/../../../../arm-none-eabi/lib/thumb/v6-m/nofp/libcr_c.a(_cr_sbrk.o)
                0x0000000000001c60                _sbrk
 .text._fdopen  0x0000000000001ca4       0x74 /usr/local/mcuxpressoide-11.4.1_6260/ide/plugins/com.nxp.mcuxpresso.tools.linux_11.4.0.202103011116/tools/bin/../lib/gcc/arm-none-eabi/10.2.1/../../../../arm-none-eabi/lib/thumb/v6-m/nofp/libcr_c.a(_fdopen.o)
                0x0000000000001ca4                _fdopen
 .text.fclose   0x0000000000001d18       0x5c /usr/local/mcuxpressoide-11.4.1_6260/ide/plugins/com.nxp.mcuxpresso.tools.linux_11.4.0.202103011116/tools/bin/../lib/gcc/arm-none-eabi/10.2.1/../../../../arm-none-eabi/lib/thumb/v6-m/nofp/libcr_c.a(fclose.o)
                0x0000000000001d18                fclose
 .text.fflush   0x0000000000001d74       0x44 /usr/local/mcuxpressoide-11.4.1_6260/ide/plugins/com.nxp.mcuxpresso.tools.linux_11.4.0.202103011116/tools/bin/../lib/gcc/arm-none-eabi/10.2.1/../../../../arm-none-eabi/lib/thumb/v6-m/nofp/libcr_c.a(fflush.o)
                0x0000000000001d74                fflush
 .text.__check_heap_overflow
                0x0000000000001db8       0x18 /usr/local/mcuxpressoide-11.4.1_6260/ide/plugins/com.nxp.mcuxpresso.tools.linux_11.4.0.202103011116/tools/bin/../lib/gcc/arm-none-eabi/10.2.1/../../../../arm-none-eabi/lib/thumb/v6-m/nofp/libcr_c.a(_cr_check_heap.o)
                0x0000000000001db8                __check_heap_overflow
 .text._do_fflush
                0x0000000000001dd0       0x48 /usr/local/mcuxpressoide-11.4.1_6260/ide/plugins/com.nxp.mcuxpresso.tools.linux_11.4.0.202103011116/tools/bin/../lib/gcc/arm-none-eabi/10.2.1/../../../../arm-none-eabi/lib/thumb/v6-m/nofp/libcr_c.a(_do_fflush.o)
                0x0000000000001dd0                _do_fflush
 .text.SysTick_Handler
                0x0000000000001e18        0xe ./source/LPC845_Project_Demo.o
                0x0000000000001e18                SysTick_Handler
 .text.GPIO_PinWrite
                0x0000000000001e26       0x2c ./drivers/PR_UART0.o
 .text.UART0_Send_Data
                0x0000000000001e52       0x34 ./drivers/PR_UART0.o
                0x0000000000001e52                UART0_Send_Data
 .text.CLOCK_GetFRGInputClkFreq
                0x0000000000001e86       0x3e ./drivers/fsl_clock.o
 .text.GPIO_PinInit
                0x0000000000001ec4       0xc0 ./drivers/fsl_gpio.o
                0x0000000000001ec4                GPIO_PinInit
 .text.SystemInitHook
                0x0000000000001f84        0xa ./device/system_LPC845.o
                0x0000000000001f84                SystemInitHook
 .text.BOARD_InitDebugConsole
                0x0000000000001f8e        0xa ./board/board.o
                0x0000000000001f8e                BOARD_InitDebugConsole
 .text.BOARD_InitBootClocks
                0x0000000000001f98        0xe ./board/clock_config.o
                0x0000000000001f98                BOARD_InitBootClocks
 .text.BOARD_InitBootPins
                0x0000000000001fa6        0xe ./board/pin_mux.o
                0x0000000000001fa6                BOARD_InitBootPins
 .text.__main   0x0000000000001fb4        0xc /usr/local/mcuxpressoide-11.4.1_6260/ide/plugins/com.nxp.mcuxpresso.tools.linux_11.4.0.202103011116/tools/bin/../lib/gcc/arm-none-eabi/10.2.1/../../../../arm-none-eabi/lib/thumb/v6-m/nofp/libcr_nohost_nf.a(_cr__main.o)
                0x0000000000001fb4                __main
 .text.__sys_appexit
                0x0000000000001fc0        0x2 /usr/local/mcuxpressoide-11.4.1_6260/ide/plugins/com.nxp.mcuxpresso.tools.linux_11.4.0.202103011116/tools/bin/../lib/gcc/arm-none-eabi/10.2.1/../../../../arm-none-eabi/lib/thumb/v6-m/nofp/libcr_nohost_nf.a(__sys_appexit.o)
                0x0000000000001fc0                __exit
                0x0000000000001fc0                __sys_appexit
 .text.memset   0x0000000000001fc2        0x8 /usr/local/mcuxpressoide-11.4.1_6260/ide/plugins/com.nxp.mcuxpresso.tools.linux_11.4.0.202103011116/tools/bin/../lib/gcc/arm-none-eabi/10.2.1/../../../../arm-none-eabi/lib/thumb/v6-m/nofp/libcr_c.a(memset.o)
                0x0000000000001fc2                memset
 .text.free     0x0000000000001fca       0x2c /usr/local/mcuxpressoide-11.4.1_6260/ide/plugins/com.nxp.mcuxpresso.tools.linux_11.4.0.202103011116/tools/bin/../lib/gcc/arm-none-eabi/10.2.1/../../../../arm-none-eabi/lib/thumb/v6-m/nofp/libcr_c.a(alloc.o)
                0x0000000000001fca                free
 .text.fputs    0x0000000000001ff6       0x2e /usr/local/mcuxpressoide-11.4.1_6260/ide/plugins/com.nxp.mcuxpresso.tools.linux_11.4.0.202103011116/tools/bin/../lib/gcc/arm-none-eabi/10.2.1/../../../../arm-none-eabi/lib/thumb/v6-m/nofp/libcr_c.a(fputs.o)
                0x0000000000001ff6                fputs
 .text.remove   0x0000000000002024       0x12 /usr/local/mcuxpressoide-11.4.1_6260/ide/plugins/com.nxp.mcuxpresso.tools.linux_11.4.0.202103011116/tools/bin/../lib/gcc/arm-none-eabi/10.2.1/../../../../arm-none-eabi/lib/thumb/v6-m/nofp/libcr_c.a(remove.o)
                0x0000000000002024                remove
 .text.__aeabi_division_idivmod
                0x0000000000002036       0x78 /usr/local/mcuxpressoide-11.4.1_6260/ide/plugins/com.nxp.mcuxpresso.tools.linux_11.4.0.202103011116/tools/bin/../lib/gcc/arm-none-eabi/10.2.1/thumb/v6-m/nofp/libcr_eabihelpers.a(division_32.o)
                0x0000000000002036                __aeabi_idiv
                0x0000000000002036                __aeabi_idivmod
                0x000000000000203c                __aeabi_uidiv
                0x000000000000203c                __aeabi_uidivmod
 .text.__aeabi_division_uldivmod
                0x00000000000020ae       0x5a /usr/local/mcuxpressoide-11.4.1_6260/ide/plugins/com.nxp.mcuxpresso.tools.linux_11.4.0.202103011116/tools/bin/../lib/gcc/arm-none-eabi/10.2.1/thumb/v6-m/nofp/libcr_eabihelpers.a(division_64.o)
                0x00000000000020ae                __aeabi_uldivmod
 .text.__aeabi_division_idiv0
                0x0000000000002108        0x2 /usr/local/mcuxpressoide-11.4.1_6260/ide/plugins/com.nxp.mcuxpresso.tools.linux_11.4.0.202103011116/tools/bin/../lib/gcc/arm-none-eabi/10.2.1/thumb/v6-m/nofp/libcr_eabihelpers.a(division_idiv0.o)
                0x0000000000002108                __aeabi_idiv0
 .text.__aeabi_memset_lowlevel
                0x000000000000210a       0x2a /usr/local/mcuxpressoide-11.4.1_6260/ide/plugins/com.nxp.mcuxpresso.tools.linux_11.4.0.202103011116/tools/bin/../lib/gcc/arm-none-eabi/10.2.1/thumb/v6-m/nofp/libcr_eabihelpers.a(memcpy.o)
                0x000000000000210a                __aeabi_lowlevel_memset
 .text.__sys_close
                0x0000000000002134        0x6 /usr/local/mcuxpressoide-11.4.1_6260/ide/plugins/com.nxp.mcuxpresso.tools.linux_11.4.0.202103011116/tools/bin/../lib/gcc/arm-none-eabi/10.2.1/../../../../arm-none-eabi/lib/thumb/v6-m/nofp/libcr_nohost_nf.a(__sys_close.o)
                0x0000000000002134                __sys_close
 .text.__sys_flen
                0x000000000000213a        0x6 /usr/local/mcuxpressoide-11.4.1_6260/ide/plugins/com.nxp.mcuxpresso.tools.linux_11.4.0.202103011116/tools/bin/../lib/gcc/arm-none-eabi/10.2.1/../../../../arm-none-eabi/lib/thumb/v6-m/nofp/libcr_nohost_nf.a(__sys_flen.o)
                0x000000000000213a                __sys_flen
 .text.__sys_istty
                0x0000000000002140        0x6 /usr/local/mcuxpressoide-11.4.1_6260/ide/plugins/com.nxp.mcuxpresso.tools.linux_11.4.0.202103011116/tools/bin/../lib/gcc/arm-none-eabi/10.2.1/../../../../arm-none-eabi/lib/thumb/v6-m/nofp/libcr_nohost_nf.a(__sys_istty.o)
                0x0000000000002140                __sys_istty
 .text.__sys_remove
                0x0000000000002146        0x6 /usr/local/mcuxpressoide-11.4.1_6260/ide/plugins/com.nxp.mcuxpresso.tools.linux_11.4.0.202103011116/tools/bin/../lib/gcc/arm-none-eabi/10.2.1/../../../../arm-none-eabi/lib/thumb/v6-m/nofp/libcr_nohost_nf.a(__sys_remove.o)
                0x0000000000002146                __sys_remove
 .text.__sys_seek
                0x000000000000214c        0x6 /usr/local/mcuxpressoide-11.4.1_6260/ide/plugins/com.nxp.mcuxpresso.tools.linux_11.4.0.202103011116/tools/bin/../lib/gcc/arm-none-eabi/10.2.1/../../../../arm-none-eabi/lib/thumb/v6-m/nofp/libcr_nohost_nf.a(__sys_seek.o)
                0x000000000000214c                __sys_seek
 .text.__sys_tmpnam
                0x0000000000002152        0x6 /usr/local/mcuxpressoide-11.4.1_6260/ide/plugins/com.nxp.mcuxpresso.tools.linux_11.4.0.202103011116/tools/bin/../lib/gcc/arm-none-eabi/10.2.1/../../../../arm-none-eabi/lib/thumb/v6-m/nofp/libcr_nohost_nf.a(__sys_tmpnam.o)
                0x0000000000002152                __sys_tmpnam
 .text.__sys_write
                0x0000000000002158        0x4 /usr/local/mcuxpressoide-11.4.1_6260/ide/plugins/com.nxp.mcuxpresso.tools.linux_11.4.0.202103011116/tools/bin/../lib/gcc/arm-none-eabi/10.2.1/../../../../arm-none-eabi/lib/thumb/v6-m/nofp/libcr_nohost_nf.a(__sys_write.o)
                0x0000000000002158                __sys_write
 *(SORT_BY_ALIGNMENT(.rodata) SORT_BY_ALIGNMENT(.rodata.*) SORT_BY_ALIGNMENT(.constdata) SORT_BY_ALIGNMENT(.constdata.*))
 .rodata.main.str1.4
                0x000000000000215c       0x12 ./source/LPC845_Project_Demo.o
 *fill*         0x000000000000216e        0x2 ff
 .rodata.str1.4
                0x0000000000002170       0x3a ./drivers/PR_UART0.o
 *fill*         0x00000000000021aa        0x2 ff
 .rodata.commands.1
                0x00000000000021ac        0xc ./drivers/PR_UART0.o
 .rodata.responses.0
                0x00000000000021b8        0xc ./drivers/PR_UART0.o
 .rodata.CLOCK_SetFRGClkFreq.str1.4
                0x00000000000021c4       0x17 ./drivers/fsl_clock.o
 *fill*         0x00000000000021db        0x1 ff
 .rodata.CLOCK_UpdateClkSrc.str1.4
                0x00000000000021dc       0x18 ./drivers/fsl_clock.o
 .rodata.CLOCK_InitSystemPll.str1.4
                0x00000000000021f4       0x67 ./drivers/fsl_clock.o
 *fill*         0x000000000000225b        0x1 ff
 .rodata.s_gpioClockName
                0x000000000000225c        0x4 ./drivers/fsl_gpio.o
 .rodata.GPIO_EnablePortClock.str1.4
                0x0000000000002260       0x34 ./drivers/fsl_gpio.o
 .rodata.SWM_SetMovablePinSelect.str1.4
                0x0000000000002294       0x4e ./drivers/fsl_swm.o
 *fill*         0x00000000000022e2        0x2 ff
 .rodata.CLOCK_SetCoreSysClkDiv.str1.4
                0x00000000000022e4       0x74 ./board/clock_config.o
 .rodata        0x0000000000002358        0x2 ./board/pin_mux.o
 *fill*         0x000000000000235a        0x2 ff
 .rodata.__num_Ciob_streams
                0x000000000000235c        0x4 /usr/local/mcuxpressoide-11.4.1_6260/ide/plugins/com.nxp.mcuxpresso.tools.linux_11.4.0.202103011116/tools/bin/../lib/gcc/arm-none-eabi/10.2.1/../../../../arm-none-eabi/lib/thumb/v6-m/nofp/libcr_nohost_nf.a(__ciob.o)
                0x000000000000235c                __num_Ciob_streams
 .rodata.__assertion_failed.str1.1
                0x0000000000002360       0x15 /usr/local/mcuxpressoide-11.4.1_6260/ide/plugins/com.nxp.mcuxpresso.tools.linux_11.4.0.202103011116/tools/bin/../lib/gcc/arm-none-eabi/10.2.1/../../../../arm-none-eabi/lib/thumb/v6-m/nofp/libcr_nohost_nf.a(_cr_assert.o)
 .rodata._Csys_alloc.str1.1
                0x0000000000002375       0x18 /usr/local/mcuxpressoide-11.4.1_6260/ide/plugins/com.nxp.mcuxpresso.tools.linux_11.4.0.202103011116/tools/bin/../lib/gcc/arm-none-eabi/10.2.1/../../../../arm-none-eabi/lib/thumb/v6-m/nofp/libcr_c.a(alloc.o)
 .rodata._initio.str1.1
                0x000000000000238d        0x4 /usr/local/mcuxpressoide-11.4.1_6260/ide/plugins/com.nxp.mcuxpresso.tools.linux_11.4.0.202103011116/tools/bin/../lib/gcc/arm-none-eabi/10.2.1/../../../../arm-none-eabi/lib/thumb/v6-m/nofp/libcr_c.a(initio.o)
                0x0000000000002394                . = ALIGN (0x4)
 *fill*         0x0000000000002391        0x3 ff

.glue_7         0x0000000000002394        0x0
 .glue_7        0x0000000000002394        0x0 linker stubs

.glue_7t        0x0000000000002394        0x0
 .glue_7t       0x0000000000002394        0x0 linker stubs

.vfp11_veneer   0x0000000000002394        0x0
 .vfp11_veneer  0x0000000000002394        0x0 linker stubs

.v4_bx          0x0000000000002394        0x0
 .v4_bx         0x0000000000002394        0x0 linker stubs

.iplt           0x0000000000002394        0x0
 .iplt          0x0000000000002394        0x0 ./startup/startup_lpc845.o

.rel.dyn        0x0000000000002394        0x0
 .rel.iplt      0x0000000000002394        0x0 ./startup/startup_lpc845.o

.ARM.extab
 *(SORT_BY_ALIGNMENT(.ARM.extab*) SORT_BY_ALIGNMENT(.gnu.linkonce.armextab.*))

.ARM.exidx      0x0000000000002394        0x0
                0x0000000000002394                __exidx_start = .
 *(SORT_BY_ALIGNMENT(.ARM.exidx*) SORT_BY_ALIGNMENT(.gnu.linkonce.armexidx.*))
                0x0000000000002394                __exidx_end = .
                0x0000000000002394                _etext = .

.mtb_buffer_RAM2
 *(SORT_BY_ALIGNMENT(.mtb.$RAM2*))
 *(SORT_BY_ALIGNMENT(.mtb.$IAP_SRAM*))

.data_RAM2      0x0000000010003fe0        0x0 load address 0x0000000000002394
 FILL mask 0xff
                [!provide]                        PROVIDE (__start_data_RAM2 = .)
                [!provide]                        PROVIDE (__start_data_IAP_SRAM = .)
 *(SORT_BY_ALIGNMENT(.ramfunc.$RAM2))
 *(SORT_BY_ALIGNMENT(.ramfunc.$IAP_SRAM))
 *(SORT_BY_ALIGNMENT(.data.$RAM2))
 *(SORT_BY_ALIGNMENT(.data.$IAP_SRAM))
 *(SORT_BY_ALIGNMENT(.data.$RAM2.*))
 *(SORT_BY_ALIGNMENT(.data.$IAP_SRAM.*))
                0x0000000010003fe0                . = ALIGN (0x4)
                [!provide]                        PROVIDE (__end_data_RAM2 = .)
                [!provide]                        PROVIDE (__end_data_IAP_SRAM = .)

.mtb_buffer_default
                0x0000000010000000       0x80
 *(SORT_BY_ALIGNMENT(.mtb*))
 .mtb.$RAM1     0x0000000010000000       0x80 ./source/mtb.o
                0x0000000010000000                __mtb_buffer__

.uninit_RESERVED
                0x0000000010000080        0x0
                0x0000000010000080                _start_uninit_RESERVED = .
 *(SORT_BY_ALIGNMENT(.bss.$RESERVED*))
                0x0000000010000080                . = ALIGN (0x4)
                0x0000000010000080                _end_uninit_RESERVED = .

.data           0x0000000010000080        0x4 load address 0x0000000000002394
 FILL mask 0xff
                0x0000000010000080                _data = .
                [!provide]                        PROVIDE (__start_data_RAM = .)
                [!provide]                        PROVIDE (__start_data_SRAM = .)
 *(SORT_BY_ALIGNMENT(vtable))
 *(SORT_BY_ALIGNMENT(.ramfunc*))
 *(SORT_BY_ALIGNMENT(CodeQuickAccess))
 *(SORT_BY_ALIGNMENT(DataQuickAccess))
 *(SORT_BY_ALIGNMENT(RamFunction))
 *(SORT_BY_ALIGNMENT(.data*))
 .data.SystemCoreClock
                0x0000000010000080        0x4 ./device/system_LPC845.o
                0x0000000010000080                SystemCoreClock
                0x0000000010000084                . = ALIGN (0x4)
                0x0000000010000084                _edata = .
                [!provide]                        PROVIDE (__end_data_RAM = .)
                [!provide]                        PROVIDE (__end_data_SRAM = .)

.igot.plt       0x0000000010000084        0x0 load address 0x0000000000002398
 .igot.plt      0x0000000010000084        0x0 ./startup/startup_lpc845.o

.bss_RAM2       0x0000000010003fe0        0x0
                [!provide]                        PROVIDE (__start_bss_RAM2 = .)
                [!provide]                        PROVIDE (__start_bss_IAP_SRAM = .)
 *(SORT_BY_ALIGNMENT(.bss.$RAM2))
 *(SORT_BY_ALIGNMENT(.bss.$IAP_SRAM))
 *(SORT_BY_ALIGNMENT(.bss.$RAM2.*))
 *(SORT_BY_ALIGNMENT(.bss.$IAP_SRAM.*))
                0x0000000010003fe0                . = ALIGN ((. != 0x0)?0x4:0x1)
                [!provide]                        PROVIDE (__end_bss_RAM2 = .)
                [!provide]                        PROVIDE (__end_bss_IAP_SRAM = .)

.bss            0x0000000010000084      0xdd8
                0x0000000010000084                _bss = .
                [!provide]                        PROVIDE (__start_bss_RAM = .)
                [!provide]                        PROVIDE (__start_bss_SRAM = .)
 *(SORT_BY_ALIGNMENT(.bss*))
 .bss.i.0       0x0000000010000084        0x4 ./source/LPC845_Project_Demo.o
 .bss.timers    0x0000000010000088      0xbf4 ./drivers/DR_Timer.o
                0x0000000010000088                timers
 .bss.UART0_bufferTx
                0x0000000010000c7c       0x64 ./drivers/DR_UART0.o
                0x0000000010000c7c                UART0_bufferTx
 .bss.UART0_txInput
                0x0000000010000ce0        0x4 ./drivers/DR_UART0.o
                0x0000000010000ce0                UART0_txInput
 .bss.UART0_txOutput
                0x0000000010000ce4        0x4 ./drivers/DR_UART0.o
                0x0000000010000ce4                UART0_txOutput
 .bss.UART0_bufferRx
                0x0000000010000ce8       0x64 ./drivers/DR_UART0.o
                0x0000000010000ce8                UART0_bufferRx
 .bss.UART0_rxInput
                0x0000000010000d4c        0x4 ./drivers/DR_UART0.o
                0x0000000010000d4c                UART0_rxInput
 .bss.UART0_rxOutput
                0x0000000010000d50        0x4 ./drivers/DR_UART0.o
                0x0000000010000d50                UART0_rxOutput
 .bss.i.3       0x0000000010000d54        0x4 ./drivers/PR_UART0.o
 .bss.comando.2
                0x0000000010000d58       0x20 ./drivers/PR_UART0.o
 .bss.g_Ext_Clk_Freq
                0x0000000010000d78        0x4 ./drivers/fsl_clock.o
                0x0000000010000d78                g_Ext_Clk_Freq
 .bss.g_Wdt_Osc_Freq
                0x0000000010000d7c        0x4 ./drivers/fsl_clock.o
                0x0000000010000d7c                g_Wdt_Osc_Freq
 .bss.s_usartHandle
                0x0000000010000d80       0x14 ./drivers/fsl_usart.o
 .bss.s_usartIsr
                0x0000000010000d94        0x4 ./drivers/fsl_usart.o
 .bss.__Ciob    0x0000000010000d98       0xb4 /usr/local/mcuxpressoide-11.4.1_6260/ide/plugins/com.nxp.mcuxpresso.tools.linux_11.4.0.202103011116/tools/bin/../lib/gcc/arm-none-eabi/10.2.1/../../../../arm-none-eabi/lib/thumb/v6-m/nofp/libcr_nohost_nf.a(__ciob.o)
                0x0000000010000d98                __Ciob
 .bss.__end_of_heap
                0x0000000010000e4c        0x4 /usr/local/mcuxpressoide-11.4.1_6260/ide/plugins/com.nxp.mcuxpresso.tools.linux_11.4.0.202103011116/tools/bin/../lib/gcc/arm-none-eabi/10.2.1/../../../../arm-none-eabi/lib/thumb/v6-m/nofp/libcr_c.a(__init_alloc.o)
                0x0000000010000e4c                __end_of_heap
 .bss.__heaps   0x0000000010000e50        0x4 /usr/local/mcuxpressoide-11.4.1_6260/ide/plugins/com.nxp.mcuxpresso.tools.linux_11.4.0.202103011116/tools/bin/../lib/gcc/arm-none-eabi/10.2.1/../../../../arm-none-eabi/lib/thumb/v6-m/nofp/libcr_c.a(__init_alloc.o)
                0x0000000010000e50                __heaps
 .bss.errno     0x0000000010000e54        0x4 /usr/local/mcuxpressoide-11.4.1_6260/ide/plugins/com.nxp.mcuxpresso.tools.linux_11.4.0.202103011116/tools/bin/../lib/gcc/arm-none-eabi/10.2.1/../../../../arm-none-eabi/lib/thumb/v6-m/nofp/libcr_c.a(errno.o)
                0x0000000010000e54                errno
 .bss.UART0_TX_flag
                0x0000000010000e58        0x1 ./drivers/DR_UART0.o
                0x0000000010000e58                UART0_TX_flag
 .bss.estado.4  0x0000000010000e59        0x1 ./drivers/PR_UART0.o
 *(SORT_BY_ALIGNMENT(COMMON))
                0x0000000010000e5c                . = ALIGN (0x4)
 *fill*         0x0000000010000e5a        0x2 
                0x0000000010000e5c                _ebss = .
                [!provide]                        PROVIDE (__end_bss_RAM = .)
                [!provide]                        PROVIDE (__end_bss_SRAM = .)
                [!provide]                        PROVIDE (end = .)

.noinit_RAM2    0x0000000010003fe0        0x0
                [!provide]                        PROVIDE (__start_noinit_RAM2 = .)
                [!provide]                        PROVIDE (__start_noinit_IAP_SRAM = .)
 *(SORT_BY_ALIGNMENT(.noinit.$RAM2))
 *(SORT_BY_ALIGNMENT(.noinit.$IAP_SRAM))
 *(SORT_BY_ALIGNMENT(.noinit.$RAM2.*))
 *(SORT_BY_ALIGNMENT(.noinit.$IAP_SRAM.*))
                0x0000000010003fe0                . = ALIGN (0x4)
                [!provide]                        PROVIDE (__end_noinit_RAM2 = .)
                [!provide]                        PROVIDE (__end_noinit_IAP_SRAM = .)

.noinit         0x0000000010000e5c        0x0
                0x0000000010000e5c                _noinit = .
                [!provide]                        PROVIDE (__start_noinit_RAM = .)
                [!provide]                        PROVIDE (__start_noinit_SRAM = .)
 *(SORT_BY_ALIGNMENT(.noinit*))
                0x0000000010000e5c                . = ALIGN (0x4)
                0x0000000010000e5c                _end_noinit = .
                [!provide]                        PROVIDE (__end_noinit_RAM = .)
                [!provide]                        PROVIDE (__end_noinit_SRAM = .)
                0x00000000000003f8                _HeapSize = 0x3f8

.heap           0x0000000010000e5c      0x3f8
                0x0000000010000e5c                _pvHeapStart = .
                0x0000000010001254                . = (. + _HeapSize)
 *fill*         0x0000000010000e5c      0x3f8 
                0x0000000010001254                . = ALIGN (0x4)
                0x0000000010001254                _pvHeapLimit = .
                0x00000000000003f8                _StackSize = 0x3f8

.heap2stackfill
                0x0000000010001254      0x3f8
                0x000000001000164c                . = (. + _StackSize)
 *fill*         0x0000000010001254      0x3f8 

.stack          0x0000000010003be8        0x0
                0x0000000010003be8                _vStackBase = .
                0x0000000010003be8                . = ALIGN (0x4)
                0x0000000010003fe0                _vStackTop = (. + _StackSize)
                0xffffffffefffbc77                PROVIDE (__valid_user_code_checksum = (0x0 - (((_vStackTop + (ResetISR + 0x1)) + (DEFINED (NMI_Handler)?NMI_Handler:M0_NMI_Handler + 0x1)) + (DEFINED (HardFault_Handler)?HardFault_Handler:M0_HardFault_Handler + 0x1))))
                0x0000000000000000                _image_start = LOADADDR (.text)
                0x0000000000002398                _image_end = (LOADADDR (.data) + SIZEOF (.data))
                0x0000000000002398                _image_size = (_image_end - _image_start)
OUTPUT(LPC845_Project_Demo.axf elf32-littlearm)
LOAD linker stubs

.debug_info     0x0000000000000000     0x8b6d
 .debug_info    0x0000000000000000      0x4a6 ./startup/startup_lpc845.o
 .debug_info    0x00000000000004a6      0xcaa ./source/LPC845_Project_Demo.o
 .debug_info    0x0000000000001150       0x53 ./source/mtb.o
 .debug_info    0x00000000000011a3      0x152 ./drivers/DR_Timer.o
 .debug_info    0x00000000000012f5      0xc8f ./drivers/DR_UART0.o
 .debug_info    0x0000000000001f84      0x2c3 ./drivers/PR_Timer.o
 .debug_info    0x0000000000002247      0x55c ./drivers/PR_UART0.o
 .debug_info    0x00000000000027a3     0x1194 ./drivers/fsl_clock.o
 .debug_info    0x0000000000003937      0xd76 ./drivers/fsl_gpio.o
 .debug_info    0x00000000000046ad      0x71c ./drivers/fsl_swm.o
 .debug_info    0x0000000000004dc9     0x1b64 ./drivers/fsl_usart.o
 .debug_info    0x000000000000692d      0x6b7 ./device/system_LPC845.o
 .debug_info    0x0000000000006fe4      0x3c8 ./board/board.o
 .debug_info    0x00000000000073ac      0x9f9 ./board/clock_config.o
 .debug_info    0x0000000000007da5      0xdc8 ./board/pin_mux.o

.debug_abbrev   0x0000000000000000     0x19af
 .debug_abbrev  0x0000000000000000      0x1ba ./startup/startup_lpc845.o
 .debug_abbrev  0x00000000000001ba      0x1f8 ./source/LPC845_Project_Demo.o
 .debug_abbrev  0x00000000000003b2       0x46 ./source/mtb.o
 .debug_abbrev  0x00000000000003f8       0xeb ./drivers/DR_Timer.o
 .debug_abbrev  0x00000000000004e3      0x1ee ./drivers/DR_UART0.o
 .debug_abbrev  0x00000000000006d1      0x19d ./drivers/PR_Timer.o
 .debug_abbrev  0x000000000000086e      0x1cc ./drivers/PR_UART0.o
 .debug_abbrev  0x0000000000000a3a      0x2cd ./drivers/fsl_clock.o
 .debug_abbrev  0x0000000000000d07      0x1c3 ./drivers/fsl_gpio.o
 .debug_abbrev  0x0000000000000eca      0x16e ./drivers/fsl_swm.o
 .debug_abbrev  0x0000000000001038      0x316 ./drivers/fsl_usart.o
 .debug_abbrev  0x000000000000134e      0x143 ./device/system_LPC845.o
 .debug_abbrev  0x0000000000001491      0x151 ./board/board.o
 .debug_abbrev  0x00000000000015e2      0x1fd ./board/clock_config.o
 .debug_abbrev  0x00000000000017df      0x1d0 ./board/pin_mux.o

.debug_aranges  0x0000000000000000      0x668
 .debug_aranges
                0x0000000000000000      0x160 ./startup/startup_lpc845.o
 .debug_aranges
                0x0000000000000160       0x40 ./source/LPC845_Project_Demo.o
 .debug_aranges
                0x00000000000001a0       0x18 ./source/mtb.o
 .debug_aranges
                0x00000000000001b8       0x20 ./drivers/DR_Timer.o
 .debug_aranges
                0x00000000000001d8       0x48 ./drivers/DR_UART0.o
 .debug_aranges
                0x0000000000000220       0x50 ./drivers/PR_Timer.o
 .debug_aranges
                0x0000000000000270       0x48 ./drivers/PR_UART0.o
 .debug_aranges
                0x00000000000002b8      0x100 ./drivers/fsl_clock.o
 .debug_aranges
                0x00000000000003b8       0x38 ./drivers/fsl_gpio.o
 .debug_aranges
                0x00000000000003f0       0x28 ./drivers/fsl_swm.o
 .debug_aranges
                0x0000000000000418      0x128 ./drivers/fsl_usart.o
 .debug_aranges
                0x0000000000000540       0x30 ./device/system_LPC845.o
 .debug_aranges
                0x0000000000000570       0x78 ./board/board.o
 .debug_aranges
                0x00000000000005e8       0x48 ./board/clock_config.o
 .debug_aranges
                0x0000000000000630       0x38 ./board/pin_mux.o

.debug_ranges   0x0000000000000000      0x570
 .debug_ranges  0x0000000000000000      0x150 ./startup/startup_lpc845.o
 .debug_ranges  0x0000000000000150       0x30 ./source/LPC845_Project_Demo.o
 .debug_ranges  0x0000000000000180       0x10 ./drivers/DR_Timer.o
 .debug_ranges  0x0000000000000190       0x38 ./drivers/DR_UART0.o
 .debug_ranges  0x00000000000001c8       0x40 ./drivers/PR_Timer.o
 .debug_ranges  0x0000000000000208       0x38 ./drivers/PR_UART0.o
 .debug_ranges  0x0000000000000240       0xf0 ./drivers/fsl_clock.o
 .debug_ranges  0x0000000000000330       0x28 ./drivers/fsl_gpio.o
 .debug_ranges  0x0000000000000358       0x18 ./drivers/fsl_swm.o
 .debug_ranges  0x0000000000000370      0x118 ./drivers/fsl_usart.o
 .debug_ranges  0x0000000000000488       0x20 ./device/system_LPC845.o
 .debug_ranges  0x00000000000004a8       0x68 ./board/board.o
 .debug_ranges  0x0000000000000510       0x38 ./board/clock_config.o
 .debug_ranges  0x0000000000000548       0x28 ./board/pin_mux.o

.debug_macro    0x0000000000000000     0x12db
 .debug_macro   0x0000000000000000       0x32 ./startup/startup_lpc845.o
 .debug_macro   0x0000000000000032       0x34 ./startup/startup_lpc845.o
 .debug_macro   0x0000000000000066      0x1d9 ./source/LPC845_Project_Demo.o
 .debug_macro   0x000000000000023f       0xd8 ./source/LPC845_Project_Demo.o
 .debug_macro   0x0000000000000317       0x22 ./source/LPC845_Project_Demo.o
 .debug_macro   0x0000000000000339       0x9a ./source/LPC845_Project_Demo.o
 .debug_macro   0x00000000000003d3       0x5e ./source/LPC845_Project_Demo.o
 .debug_macro   0x0000000000000431       0x22 ./source/LPC845_Project_Demo.o
 .debug_macro   0x0000000000000453       0x1c ./source/LPC845_Project_Demo.o
 .debug_macro   0x000000000000046f       0x1c ./source/LPC845_Project_Demo.o
 .debug_macro   0x000000000000048b       0x46 ./source/LPC845_Project_Demo.o
 .debug_macro   0x00000000000004d1       0x22 ./source/LPC845_Project_Demo.o
 .debug_macro   0x00000000000004f3       0x28 ./source/LPC845_Project_Demo.o
 .debug_macro   0x000000000000051b       0x16 ./source/LPC845_Project_Demo.o
 .debug_macro   0x0000000000000531       0x2e ./source/LPC845_Project_Demo.o
 .debug_macro   0x000000000000055f       0x2f ./source/mtb.o
 .debug_macro   0x000000000000058e       0x82 ./source/mtb.o
 .debug_macro   0x0000000000000610       0x10 ./source/mtb.o
 .debug_macro   0x0000000000000620       0x29 ./drivers/DR_Timer.o
 .debug_macro   0x0000000000000649       0x22 ./drivers/DR_Timer.o
 .debug_macro   0x000000000000066b       0x9d ./drivers/DR_UART0.o
 .debug_macro   0x0000000000000708       0x28 ./drivers/DR_UART0.o
 .debug_macro   0x0000000000000730       0x32 ./drivers/PR_Timer.o
 .debug_macro   0x0000000000000762      0x184 ./drivers/PR_UART0.o
 .debug_macro   0x00000000000008e6      0x14e ./drivers/fsl_clock.o
 .debug_macro   0x0000000000000a34       0x1c ./drivers/fsl_clock.o
 .debug_macro   0x0000000000000a50      0x13a ./drivers/fsl_gpio.o
 .debug_macro   0x0000000000000b8a      0x144 ./drivers/fsl_swm.o
 .debug_macro   0x0000000000000cce      0x139 ./drivers/fsl_usart.o
 .debug_macro   0x0000000000000e07       0x1c ./drivers/fsl_usart.o
 .debug_macro   0x0000000000000e23       0x97 ./device/system_LPC845.o
 .debug_macro   0x0000000000000eba      0x152 ./board/board.o
 .debug_macro   0x000000000000100c      0x14a ./board/clock_config.o
 .debug_macro   0x0000000000001156       0x16 ./board/clock_config.o
 .debug_macro   0x000000000000116c      0x14f ./board/pin_mux.o
 .debug_macro   0x00000000000012bb       0x10 ./board/pin_mux.o
 .debug_macro   0x00000000000012cb       0x10 ./board/pin_mux.o

.debug_line     0x0000000000000000     0x46cd
 .debug_line    0x0000000000000000      0x273 ./startup/startup_lpc845.o
 .debug_line    0x0000000000000273      0x61f ./source/LPC845_Project_Demo.o
 .debug_line    0x0000000000000892       0xd5 ./source/mtb.o
 .debug_line    0x0000000000000967       0xa3 ./drivers/DR_Timer.o
 .debug_line    0x0000000000000a0a      0x43f ./drivers/DR_UART0.o
 .debug_line    0x0000000000000e49      0x1fe ./drivers/PR_Timer.o
 .debug_line    0x0000000000001047      0x5af ./drivers/PR_UART0.o
 .debug_line    0x00000000000015f6      0xa3d ./drivers/fsl_clock.o
 .debug_line    0x0000000000002033      0x3e4 ./drivers/fsl_gpio.o
 .debug_line    0x0000000000002417      0x404 ./drivers/fsl_swm.o
 .debug_line    0x000000000000281b      0xce4 ./drivers/fsl_usart.o
 .debug_line    0x00000000000034ff      0x3f8 ./device/system_LPC845.o
 .debug_line    0x00000000000038f7      0x4d1 ./board/board.o
 .debug_line    0x0000000000003dc8      0x480 ./board/clock_config.o
 .debug_line    0x0000000000004248      0x485 ./board/pin_mux.o

.debug_str      0x0000000000000000    0x3c3a0
 .debug_str     0x0000000000000000     0x318e ./startup/startup_lpc845.o
                                       0x31bd (size before relaxing)
 .debug_str     0x000000000000318e    0x356c0 ./source/LPC845_Project_Demo.o
                                      0x3844e (size before relaxing)
 .debug_str     0x000000000003884e      0x532 ./source/mtb.o
                                       0x31ef (size before relaxing)
 .debug_str     0x0000000000038d80       0x60 ./drivers/DR_Timer.o
                                       0x2df2 (size before relaxing)
 .debug_str     0x0000000000038de0      0x2a4 ./drivers/DR_UART0.o
                                      0x34a90 (size before relaxing)
 .debug_str     0x0000000000039084       0x75 ./drivers/PR_Timer.o
                                       0x2eaa (size before relaxing)
 .debug_str     0x00000000000390f9      0x19f ./drivers/PR_UART0.o
                                      0x370d2 (size before relaxing)
 .debug_str     0x0000000000039298      0x83f ./drivers/fsl_clock.o
                                      0x3799a (size before relaxing)
 .debug_str     0x0000000000039ad7      0x5bc ./drivers/fsl_gpio.o
                                      0x37684 (size before relaxing)
 .debug_str     0x000000000003a093      0xb13 ./drivers/fsl_swm.o
                                      0x3711d (size before relaxing)
 .debug_str     0x000000000003aba6      0xcd2 ./drivers/fsl_usart.o
                                      0x385cf (size before relaxing)
 .debug_str     0x000000000003b878       0x6a ./device/system_LPC845.o
                                      0x34fe3 (size before relaxing)
 .debug_str     0x000000000003b8e2       0xb6 ./board/board.o
                                      0x36ee3 (size before relaxing)
 .debug_str     0x000000000003b998      0x9a2 ./board/clock_config.o
                                      0x37356 (size before relaxing)
 .debug_str     0x000000000003c33a       0x66 ./board/pin_mux.o
                                      0x37788 (size before relaxing)

.comment        0x0000000000000000       0x4d
 .comment       0x0000000000000000       0x4d ./startup/startup_lpc845.o
                                         0x4e (size before relaxing)
 .comment       0x000000000000004d       0x4e ./source/LPC845_Project_Demo.o
 .comment       0x000000000000004d       0x4e ./source/mtb.o
 .comment       0x000000000000004d       0x4e ./drivers/DR_Timer.o
 .comment       0x000000000000004d       0x4e ./drivers/DR_UART0.o
 .comment       0x000000000000004d       0x4e ./drivers/PR_Timer.o
 .comment       0x000000000000004d       0x4e ./drivers/PR_UART0.o
 .comment       0x000000000000004d       0x4e ./drivers/fsl_clock.o
 .comment       0x000000000000004d       0x4e ./drivers/fsl_gpio.o
 .comment       0x000000000000004d       0x4e ./drivers/fsl_swm.o
 .comment       0x000000000000004d       0x4e ./drivers/fsl_usart.o
 .comment       0x000000000000004d       0x4e ./device/system_LPC845.o
 .comment       0x000000000000004d       0x4e ./board/board.o
 .comment       0x000000000000004d       0x4e ./board/clock_config.o
 .comment       0x000000000000004d       0x4e ./board/pin_mux.o
 .comment       0x000000000000004d       0x4e /usr/local/mcuxpressoide-11.4.1_6260/ide/plugins/com.nxp.mcuxpresso.tools.linux_11.4.0.202103011116/tools/bin/../lib/gcc/arm-none-eabi/10.2.1/../../../../arm-none-eabi/lib/thumb/v6-m/nofp/libcr_nohost_nf.a(_cr__main.o)
 .comment       0x000000000000004d       0x4e /usr/local/mcuxpressoide-11.4.1_6260/ide/plugins/com.nxp.mcuxpresso.tools.linux_11.4.0.202103011116/tools/bin/../lib/gcc/arm-none-eabi/10.2.1/../../../../arm-none-eabi/lib/thumb/v6-m/nofp/libcr_nohost_nf.a(_cr_assert.o)
 .comment       0x000000000000004d       0x4e /usr/local/mcuxpressoide-11.4.1_6260/ide/plugins/com.nxp.mcuxpresso.tools.linux_11.4.0.202103011116/tools/bin/../lib/gcc/arm-none-eabi/10.2.1/../../../../arm-none-eabi/lib/thumb/v6-m/nofp/libcr_nohost_nf.a(__ciob.o)
 .comment       0x000000000000004d       0x4e /usr/local/mcuxpressoide-11.4.1_6260/ide/plugins/com.nxp.mcuxpresso.tools.linux_11.4.0.202103011116/tools/bin/../lib/gcc/arm-none-eabi/10.2.1/../../../../arm-none-eabi/lib/thumb/v6-m/nofp/libcr_nohost_nf.a(__sys_appexit.o)
 .comment       0x000000000000004d       0x4e /usr/local/mcuxpressoide-11.4.1_6260/ide/plugins/com.nxp.mcuxpresso.tools.linux_11.4.0.202103011116/tools/bin/../lib/gcc/arm-none-eabi/10.2.1/../../../../arm-none-eabi/lib/thumb/v6-m/nofp/libcr_c.a(memset.o)
 .comment       0x000000000000004d       0x4e /usr/local/mcuxpressoide-11.4.1_6260/ide/plugins/com.nxp.mcuxpresso.tools.linux_11.4.0.202103011116/tools/bin/../lib/gcc/arm-none-eabi/10.2.1/../../../../arm-none-eabi/lib/thumb/v6-m/nofp/libcr_c.a(_deferredlazyseek.o)
 .comment       0x000000000000004d       0x4e /usr/local/mcuxpressoide-11.4.1_6260/ide/plugins/com.nxp.mcuxpresso.tools.linux_11.4.0.202103011116/tools/bin/../lib/gcc/arm-none-eabi/10.2.1/../../../../arm-none-eabi/lib/thumb/v6-m/nofp/libcr_c.a(_fflush.o)
 .comment       0x000000000000004d       0x4e /usr/local/mcuxpressoide-11.4.1_6260/ide/plugins/com.nxp.mcuxpresso.tools.linux_11.4.0.202103011116/tools/bin/../lib/gcc/arm-none-eabi/10.2.1/../../../../arm-none-eabi/lib/thumb/v6-m/nofp/libcr_c.a(_writebuf.o)
 .comment       0x000000000000004d       0x4e /usr/local/mcuxpressoide-11.4.1_6260/ide/plugins/com.nxp.mcuxpresso.tools.linux_11.4.0.202103011116/tools/bin/../lib/gcc/arm-none-eabi/10.2.1/../../../../arm-none-eabi/lib/thumb/v6-m/nofp/libcr_c.a(alloc.o)
 .comment       0x000000000000004d       0x4e /usr/local/mcuxpressoide-11.4.1_6260/ide/plugins/com.nxp.mcuxpresso.tools.linux_11.4.0.202103011116/tools/bin/../lib/gcc/arm-none-eabi/10.2.1/../../../../arm-none-eabi/lib/thumb/v6-m/nofp/libcr_c.a(fputs.o)
 .comment       0x000000000000004d       0x4e /usr/local/mcuxpressoide-11.4.1_6260/ide/plugins/com.nxp.mcuxpresso.tools.linux_11.4.0.202103011116/tools/bin/../lib/gcc/arm-none-eabi/10.2.1/../../../../arm-none-eabi/lib/thumb/v6-m/nofp/libcr_c.a(fseek.o)
 .comment       0x000000000000004d       0x4e /usr/local/mcuxpressoide-11.4.1_6260/ide/plugins/com.nxp.mcuxpresso.tools.linux_11.4.0.202103011116/tools/bin/../lib/gcc/arm-none-eabi/10.2.1/../../../../arm-none-eabi/lib/thumb/v6-m/nofp/libcr_c.a(ftell.o)
 .comment       0x000000000000004d       0x4e /usr/local/mcuxpressoide-11.4.1_6260/ide/plugins/com.nxp.mcuxpresso.tools.linux_11.4.0.202103011116/tools/bin/../lib/gcc/arm-none-eabi/10.2.1/../../../../arm-none-eabi/lib/thumb/v6-m/nofp/libcr_c.a(initio.o)
 .comment       0x000000000000004d       0x4e /usr/local/mcuxpressoide-11.4.1_6260/ide/plugins/com.nxp.mcuxpresso.tools.linux_11.4.0.202103011116/tools/bin/../lib/gcc/arm-none-eabi/10.2.1/../../../../arm-none-eabi/lib/thumb/v6-m/nofp/libcr_c.a(setvbuf.o)
 .comment       0x000000000000004d       0x4e /usr/local/mcuxpressoide-11.4.1_6260/ide/plugins/com.nxp.mcuxpresso.tools.linux_11.4.0.202103011116/tools/bin/../lib/gcc/arm-none-eabi/10.2.1/../../../../arm-none-eabi/lib/thumb/v6-m/nofp/libcr_c.a(strcmp.o)
 .comment       0x000000000000004d       0x4e /usr/local/mcuxpressoide-11.4.1_6260/ide/plugins/com.nxp.mcuxpresso.tools.linux_11.4.0.202103011116/tools/bin/../lib/gcc/arm-none-eabi/10.2.1/../../../../arm-none-eabi/lib/thumb/v6-m/nofp/libcr_c.a(strlen.o)
 .comment       0x000000000000004d       0x4e /usr/local/mcuxpressoide-11.4.1_6260/ide/plugins/com.nxp.mcuxpresso.tools.linux_11.4.0.202103011116/tools/bin/../lib/gcc/arm-none-eabi/10.2.1/../../../../arm-none-eabi/lib/thumb/v6-m/nofp/libcr_c.a(__init_alloc.o)
 .comment       0x000000000000004d       0x4e /usr/local/mcuxpressoide-11.4.1_6260/ide/plugins/com.nxp.mcuxpresso.tools.linux_11.4.0.202103011116/tools/bin/../lib/gcc/arm-none-eabi/10.2.1/../../../../arm-none-eabi/lib/thumb/v6-m/nofp/libcr_c.a(_cr_sbrk.o)
 .comment       0x000000000000004d       0x4e /usr/local/mcuxpressoide-11.4.1_6260/ide/plugins/com.nxp.mcuxpresso.tools.linux_11.4.0.202103011116/tools/bin/../lib/gcc/arm-none-eabi/10.2.1/../../../../arm-none-eabi/lib/thumb/v6-m/nofp/libcr_c.a(_fdopen.o)
 .comment       0x000000000000004d       0x4e /usr/local/mcuxpressoide-11.4.1_6260/ide/plugins/com.nxp.mcuxpresso.tools.linux_11.4.0.202103011116/tools/bin/../lib/gcc/arm-none-eabi/10.2.1/../../../../arm-none-eabi/lib/thumb/v6-m/nofp/libcr_c.a(errno.o)
 .comment       0x000000000000004d       0x4e /usr/local/mcuxpressoide-11.4.1_6260/ide/plugins/com.nxp.mcuxpresso.tools.linux_11.4.0.202103011116/tools/bin/../lib/gcc/arm-none-eabi/10.2.1/../../../../arm-none-eabi/lib/thumb/v6-m/nofp/libcr_c.a(fclose.o)
 .comment       0x000000000000004d       0x4e /usr/local/mcuxpressoide-11.4.1_6260/ide/plugins/com.nxp.mcuxpresso.tools.linux_11.4.0.202103011116/tools/bin/../lib/gcc/arm-none-eabi/10.2.1/../../../../arm-none-eabi/lib/thumb/v6-m/nofp/libcr_c.a(fflush.o)
 .comment       0x000000000000004d       0x4e /usr/local/mcuxpressoide-11.4.1_6260/ide/plugins/com.nxp.mcuxpresso.tools.linux_11.4.0.202103011116/tools/bin/../lib/gcc/arm-none-eabi/10.2.1/../../../../arm-none-eabi/lib/thumb/v6-m/nofp/libcr_c.a(remove.o)
 .comment       0x000000000000004d       0x4e /usr/local/mcuxpressoide-11.4.1_6260/ide/plugins/com.nxp.mcuxpresso.tools.linux_11.4.0.202103011116/tools/bin/../lib/gcc/arm-none-eabi/10.2.1/../../../../arm-none-eabi/lib/thumb/v6-m/nofp/libcr_c.a(_cr_check_heap.o)
 .comment       0x000000000000004d       0x4e /usr/local/mcuxpressoide-11.4.1_6260/ide/plugins/com.nxp.mcuxpresso.tools.linux_11.4.0.202103011116/tools/bin/../lib/gcc/arm-none-eabi/10.2.1/../../../../arm-none-eabi/lib/thumb/v6-m/nofp/libcr_c.a(_do_fflush.o)
 .comment       0x000000000000004d       0x4e /usr/local/mcuxpressoide-11.4.1_6260/ide/plugins/com.nxp.mcuxpresso.tools.linux_11.4.0.202103011116/tools/bin/../lib/gcc/arm-none-eabi/10.2.1/../../../../arm-none-eabi/lib/thumb/v6-m/nofp/libcr_nohost_nf.a(__sys_close.o)
 .comment       0x000000000000004d       0x4e /usr/local/mcuxpressoide-11.4.1_6260/ide/plugins/com.nxp.mcuxpresso.tools.linux_11.4.0.202103011116/tools/bin/../lib/gcc/arm-none-eabi/10.2.1/../../../../arm-none-eabi/lib/thumb/v6-m/nofp/libcr_nohost_nf.a(__sys_flen.o)
 .comment       0x000000000000004d       0x4e /usr/local/mcuxpressoide-11.4.1_6260/ide/plugins/com.nxp.mcuxpresso.tools.linux_11.4.0.202103011116/tools/bin/../lib/gcc/arm-none-eabi/10.2.1/../../../../arm-none-eabi/lib/thumb/v6-m/nofp/libcr_nohost_nf.a(__sys_istty.o)
 .comment       0x000000000000004d       0x4e /usr/local/mcuxpressoide-11.4.1_6260/ide/plugins/com.nxp.mcuxpresso.tools.linux_11.4.0.202103011116/tools/bin/../lib/gcc/arm-none-eabi/10.2.1/../../../../arm-none-eabi/lib/thumb/v6-m/nofp/libcr_nohost_nf.a(__sys_remove.o)
 .comment       0x000000000000004d       0x4e /usr/local/mcuxpressoide-11.4.1_6260/ide/plugins/com.nxp.mcuxpresso.tools.linux_11.4.0.202103011116/tools/bin/../lib/gcc/arm-none-eabi/10.2.1/../../../../arm-none-eabi/lib/thumb/v6-m/nofp/libcr_nohost_nf.a(__sys_seek.o)
 .comment       0x000000000000004d       0x4e /usr/local/mcuxpressoide-11.4.1_6260/ide/plugins/com.nxp.mcuxpresso.tools.linux_11.4.0.202103011116/tools/bin/../lib/gcc/arm-none-eabi/10.2.1/../../../../arm-none-eabi/lib/thumb/v6-m/nofp/libcr_nohost_nf.a(__sys_tmpnam.o)
 .comment       0x000000000000004d       0x4e /usr/local/mcuxpressoide-11.4.1_6260/ide/plugins/com.nxp.mcuxpresso.tools.linux_11.4.0.202103011116/tools/bin/../lib/gcc/arm-none-eabi/10.2.1/../../../../arm-none-eabi/lib/thumb/v6-m/nofp/libcr_nohost_nf.a(__sys_write.o)

.ARM.attributes
                0x0000000000000000       0x2a
 .ARM.attributes
                0x0000000000000000       0x2c ./startup/startup_lpc845.o
 .ARM.attributes
                0x000000000000002c       0x2c ./source/LPC845_Project_Demo.o
 .ARM.attributes
                0x0000000000000058       0x32 ./source/mtb.o
 .ARM.attributes
                0x000000000000008a       0x2c ./drivers/DR_Timer.o
 .ARM.attributes
                0x00000000000000b6       0x2c ./drivers/DR_UART0.o
 .ARM.attributes
                0x00000000000000e2       0x2c ./drivers/PR_Timer.o
 .ARM.attributes
                0x000000000000010e       0x2c ./drivers/PR_UART0.o
 .ARM.attributes
                0x000000000000013a       0x2c ./drivers/fsl_clock.o
 .ARM.attributes
                0x0000000000000166       0x2c ./drivers/fsl_gpio.o
 .ARM.attributes
                0x0000000000000192       0x2c ./drivers/fsl_swm.o
 .ARM.attributes
                0x00000000000001be       0x2c ./drivers/fsl_usart.o
 .ARM.attributes
                0x00000000000001ea       0x2c ./device/system_LPC845.o
 .ARM.attributes
                0x0000000000000216       0x2c ./board/board.o
 .ARM.attributes
                0x0000000000000242       0x2c ./board/clock_config.o
 .ARM.attributes
                0x000000000000026e       0x2c ./board/pin_mux.o
 .ARM.attributes
                0x000000000000029a       0x2c /usr/local/mcuxpressoide-11.4.1_6260/ide/plugins/com.nxp.mcuxpresso.tools.linux_11.4.0.202103011116/tools/bin/../lib/gcc/arm-none-eabi/10.2.1/../../../../arm-none-eabi/lib/thumb/v6-m/nofp/libcr_nohost_nf.a(_cr__main.o)
 .ARM.attributes
                0x00000000000002c6       0x2c /usr/local/mcuxpressoide-11.4.1_6260/ide/plugins/com.nxp.mcuxpresso.tools.linux_11.4.0.202103011116/tools/bin/../lib/gcc/arm-none-eabi/10.2.1/../../../../arm-none-eabi/lib/thumb/v6-m/nofp/libcr_nohost_nf.a(_cr_assert.o)
 .ARM.attributes
                0x00000000000002f2       0x31 /usr/local/mcuxpressoide-11.4.1_6260/ide/plugins/com.nxp.mcuxpresso.tools.linux_11.4.0.202103011116/tools/bin/../lib/gcc/arm-none-eabi/10.2.1/../../../../arm-none-eabi/lib/thumb/v6-m/nofp/libcr_nohost_nf.a(__ciob.o)
 .ARM.attributes
                0x0000000000000323       0x2c /usr/local/mcuxpressoide-11.4.1_6260/ide/plugins/com.nxp.mcuxpresso.tools.linux_11.4.0.202103011116/tools/bin/../lib/gcc/arm-none-eabi/10.2.1/../../../../arm-none-eabi/lib/thumb/v6-m/nofp/libcr_nohost_nf.a(__sys_appexit.o)
 .ARM.attributes
                0x000000000000034f       0x2c /usr/local/mcuxpressoide-11.4.1_6260/ide/plugins/com.nxp.mcuxpresso.tools.linux_11.4.0.202103011116/tools/bin/../lib/gcc/arm-none-eabi/10.2.1/../../../../arm-none-eabi/lib/thumb/v6-m/nofp/libcr_c.a(memset.o)
 .ARM.attributes
                0x000000000000037b       0x2c /usr/local/mcuxpressoide-11.4.1_6260/ide/plugins/com.nxp.mcuxpresso.tools.linux_11.4.0.202103011116/tools/bin/../lib/gcc/arm-none-eabi/10.2.1/../../../../arm-none-eabi/lib/thumb/v6-m/nofp/libcr_c.a(_deferredlazyseek.o)
 .ARM.attributes
                0x00000000000003a7       0x2c /usr/local/mcuxpressoide-11.4.1_6260/ide/plugins/com.nxp.mcuxpresso.tools.linux_11.4.0.202103011116/tools/bin/../lib/gcc/arm-none-eabi/10.2.1/../../../../arm-none-eabi/lib/thumb/v6-m/nofp/libcr_c.a(_fflush.o)
 .ARM.attributes
                0x00000000000003d3       0x2c /usr/local/mcuxpressoide-11.4.1_6260/ide/plugins/com.nxp.mcuxpresso.tools.linux_11.4.0.202103011116/tools/bin/../lib/gcc/arm-none-eabi/10.2.1/../../../../arm-none-eabi/lib/thumb/v6-m/nofp/libcr_c.a(_writebuf.o)
 .ARM.attributes
                0x00000000000003ff       0x2c /usr/local/mcuxpressoide-11.4.1_6260/ide/plugins/com.nxp.mcuxpresso.tools.linux_11.4.0.202103011116/tools/bin/../lib/gcc/arm-none-eabi/10.2.1/../../../../arm-none-eabi/lib/thumb/v6-m/nofp/libcr_c.a(alloc.o)
 .ARM.attributes
                0x000000000000042b       0x2c /usr/local/mcuxpressoide-11.4.1_6260/ide/plugins/com.nxp.mcuxpresso.tools.linux_11.4.0.202103011116/tools/bin/../lib/gcc/arm-none-eabi/10.2.1/../../../../arm-none-eabi/lib/thumb/v6-m/nofp/libcr_c.a(fputs.o)
 .ARM.attributes
                0x0000000000000457       0x2c /usr/local/mcuxpressoide-11.4.1_6260/ide/plugins/com.nxp.mcuxpresso.tools.linux_11.4.0.202103011116/tools/bin/../lib/gcc/arm-none-eabi/10.2.1/../../../../arm-none-eabi/lib/thumb/v6-m/nofp/libcr_c.a(fseek.o)
 .ARM.attributes
                0x0000000000000483       0x2c /usr/local/mcuxpressoide-11.4.1_6260/ide/plugins/com.nxp.mcuxpresso.tools.linux_11.4.0.202103011116/tools/bin/../lib/gcc/arm-none-eabi/10.2.1/../../../../arm-none-eabi/lib/thumb/v6-m/nofp/libcr_c.a(ftell.o)
 .ARM.attributes
                0x00000000000004af       0x2c /usr/local/mcuxpressoide-11.4.1_6260/ide/plugins/com.nxp.mcuxpresso.tools.linux_11.4.0.202103011116/tools/bin/../lib/gcc/arm-none-eabi/10.2.1/../../../../arm-none-eabi/lib/thumb/v6-m/nofp/libcr_c.a(initio.o)
 .ARM.attributes
                0x00000000000004db       0x2c /usr/local/mcuxpressoide-11.4.1_6260/ide/plugins/com.nxp.mcuxpresso.tools.linux_11.4.0.202103011116/tools/bin/../lib/gcc/arm-none-eabi/10.2.1/../../../../arm-none-eabi/lib/thumb/v6-m/nofp/libcr_c.a(setvbuf.o)
 .ARM.attributes
                0x0000000000000507       0x2c /usr/local/mcuxpressoide-11.4.1_6260/ide/plugins/com.nxp.mcuxpresso.tools.linux_11.4.0.202103011116/tools/bin/../lib/gcc/arm-none-eabi/10.2.1/../../../../arm-none-eabi/lib/thumb/v6-m/nofp/libcr_c.a(strcmp.o)
 .ARM.attributes
                0x0000000000000533       0x2c /usr/local/mcuxpressoide-11.4.1_6260/ide/plugins/com.nxp.mcuxpresso.tools.linux_11.4.0.202103011116/tools/bin/../lib/gcc/arm-none-eabi/10.2.1/../../../../arm-none-eabi/lib/thumb/v6-m/nofp/libcr_c.a(strlen.o)
 .ARM.attributes
                0x000000000000055f       0x2c /usr/local/mcuxpressoide-11.4.1_6260/ide/plugins/com.nxp.mcuxpresso.tools.linux_11.4.0.202103011116/tools/bin/../lib/gcc/arm-none-eabi/10.2.1/../../../../arm-none-eabi/lib/thumb/v6-m/nofp/libcr_c.a(__init_alloc.o)
 .ARM.attributes
                0x000000000000058b       0x2c /usr/local/mcuxpressoide-11.4.1_6260/ide/plugins/com.nxp.mcuxpresso.tools.linux_11.4.0.202103011116/tools/bin/../lib/gcc/arm-none-eabi/10.2.1/../../../../arm-none-eabi/lib/thumb/v6-m/nofp/libcr_c.a(_cr_sbrk.o)
 .ARM.attributes
                0x00000000000005b7       0x2c /usr/local/mcuxpressoide-11.4.1_6260/ide/plugins/com.nxp.mcuxpresso.tools.linux_11.4.0.202103011116/tools/bin/../lib/gcc/arm-none-eabi/10.2.1/../../../../arm-none-eabi/lib/thumb/v6-m/nofp/libcr_c.a(_fdopen.o)
 .ARM.attributes
                0x00000000000005e3       0x31 /usr/local/mcuxpressoide-11.4.1_6260/ide/plugins/com.nxp.mcuxpresso.tools.linux_11.4.0.202103011116/tools/bin/../lib/gcc/arm-none-eabi/10.2.1/../../../../arm-none-eabi/lib/thumb/v6-m/nofp/libcr_c.a(errno.o)
 .ARM.attributes
                0x0000000000000614       0x2c /usr/local/mcuxpressoide-11.4.1_6260/ide/plugins/com.nxp.mcuxpresso.tools.linux_11.4.0.202103011116/tools/bin/../lib/gcc/arm-none-eabi/10.2.1/../../../../arm-none-eabi/lib/thumb/v6-m/nofp/libcr_c.a(fclose.o)
 .ARM.attributes
                0x0000000000000640       0x2c /usr/local/mcuxpressoide-11.4.1_6260/ide/plugins/com.nxp.mcuxpresso.tools.linux_11.4.0.202103011116/tools/bin/../lib/gcc/arm-none-eabi/10.2.1/../../../../arm-none-eabi/lib/thumb/v6-m/nofp/libcr_c.a(fflush.o)
 .ARM.attributes
                0x000000000000066c       0x2c /usr/local/mcuxpressoide-11.4.1_6260/ide/plugins/com.nxp.mcuxpresso.tools.linux_11.4.0.202103011116/tools/bin/../lib/gcc/arm-none-eabi/10.2.1/../../../../arm-none-eabi/lib/thumb/v6-m/nofp/libcr_c.a(remove.o)
 .ARM.attributes
                0x0000000000000698       0x2c /usr/local/mcuxpressoide-11.4.1_6260/ide/plugins/com.nxp.mcuxpresso.tools.linux_11.4.0.202103011116/tools/bin/../lib/gcc/arm-none-eabi/10.2.1/../../../../arm-none-eabi/lib/thumb/v6-m/nofp/libcr_c.a(_cr_check_heap.o)
 .ARM.attributes
                0x00000000000006c4       0x2c /usr/local/mcuxpressoide-11.4.1_6260/ide/plugins/com.nxp.mcuxpresso.tools.linux_11.4.0.202103011116/tools/bin/../lib/gcc/arm-none-eabi/10.2.1/../../../../arm-none-eabi/lib/thumb/v6-m/nofp/libcr_c.a(_do_fflush.o)
 .ARM.attributes
                0x00000000000006f0       0x1c /usr/local/mcuxpressoide-11.4.1_6260/ide/plugins/com.nxp.mcuxpresso.tools.linux_11.4.0.202103011116/tools/bin/../lib/gcc/arm-none-eabi/10.2.1/thumb/v6-m/nofp/libcr_eabihelpers.a(division_32.o)
 .ARM.attributes
                0x000000000000070c       0x1c /usr/local/mcuxpressoide-11.4.1_6260/ide/plugins/com.nxp.mcuxpresso.tools.linux_11.4.0.202103011116/tools/bin/../lib/gcc/arm-none-eabi/10.2.1/thumb/v6-m/nofp/libcr_eabihelpers.a(division_64.o)
 .ARM.attributes
                0x0000000000000728       0x1c /usr/local/mcuxpressoide-11.4.1_6260/ide/plugins/com.nxp.mcuxpresso.tools.linux_11.4.0.202103011116/tools/bin/../lib/gcc/arm-none-eabi/10.2.1/thumb/v6-m/nofp/libcr_eabihelpers.a(division_idiv0.o)
 .ARM.attributes
                0x0000000000000744       0x1c /usr/local/mcuxpressoide-11.4.1_6260/ide/plugins/com.nxp.mcuxpresso.tools.linux_11.4.0.202103011116/tools/bin/../lib/gcc/arm-none-eabi/10.2.1/thumb/v6-m/nofp/libcr_eabihelpers.a(memcpy.o)
 .ARM.attributes
                0x0000000000000760       0x2c /usr/local/mcuxpressoide-11.4.1_6260/ide/plugins/com.nxp.mcuxpresso.tools.linux_11.4.0.202103011116/tools/bin/../lib/gcc/arm-none-eabi/10.2.1/../../../../arm-none-eabi/lib/thumb/v6-m/nofp/libcr_nohost_nf.a(__sys_close.o)
 .ARM.attributes
                0x000000000000078c       0x2c /usr/local/mcuxpressoide-11.4.1_6260/ide/plugins/com.nxp.mcuxpresso.tools.linux_11.4.0.202103011116/tools/bin/../lib/gcc/arm-none-eabi/10.2.1/../../../../arm-none-eabi/lib/thumb/v6-m/nofp/libcr_nohost_nf.a(__sys_flen.o)
 .ARM.attributes
                0x00000000000007b8       0x2c /usr/local/mcuxpressoide-11.4.1_6260/ide/plugins/com.nxp.mcuxpresso.tools.linux_11.4.0.202103011116/tools/bin/../lib/gcc/arm-none-eabi/10.2.1/../../../../arm-none-eabi/lib/thumb/v6-m/nofp/libcr_nohost_nf.a(__sys_istty.o)
 .ARM.attributes
                0x00000000000007e4       0x2c /usr/local/mcuxpressoide-11.4.1_6260/ide/plugins/com.nxp.mcuxpresso.tools.linux_11.4.0.202103011116/tools/bin/../lib/gcc/arm-none-eabi/10.2.1/../../../../arm-none-eabi/lib/thumb/v6-m/nofp/libcr_nohost_nf.a(__sys_remove.o)
 .ARM.attributes
                0x0000000000000810       0x2c /usr/local/mcuxpressoide-11.4.1_6260/ide/plugins/com.nxp.mcuxpresso.tools.linux_11.4.0.202103011116/tools/bin/../lib/gcc/arm-none-eabi/10.2.1/../../../../arm-none-eabi/lib/thumb/v6-m/nofp/libcr_nohost_nf.a(__sys_seek.o)
 .ARM.attributes
                0x000000000000083c       0x2c /usr/local/mcuxpressoide-11.4.1_6260/ide/plugins/com.nxp.mcuxpresso.tools.linux_11.4.0.202103011116/tools/bin/../lib/gcc/arm-none-eabi/10.2.1/../../../../arm-none-eabi/lib/thumb/v6-m/nofp/libcr_nohost_nf.a(__sys_tmpnam.o)
 .ARM.attributes
                0x0000000000000868       0x2c /usr/local/mcuxpressoide-11.4.1_6260/ide/plugins/com.nxp.mcuxpresso.tools.linux_11.4.0.202103011116/tools/bin/../lib/gcc/arm-none-eabi/10.2.1/../../../../arm-none-eabi/lib/thumb/v6-m/nofp/libcr_nohost_nf.a(__sys_write.o)

.debug_frame    0x0000000000000000     0x1304
 .debug_frame   0x0000000000000000      0x3a8 ./startup/startup_lpc845.o
 .debug_frame   0x00000000000003a8       0xac ./source/LPC845_Project_Demo.o
 .debug_frame   0x0000000000000454       0x30 ./drivers/DR_Timer.o
 .debug_frame   0x0000000000000484       0xd0 ./drivers/DR_UART0.o
 .debug_frame   0x0000000000000554       0xf0 ./drivers/PR_Timer.o
 .debug_frame   0x0000000000000644       0xd0 ./drivers/PR_UART0.o
 .debug_frame   0x0000000000000714      0x3ac ./drivers/fsl_clock.o
 .debug_frame   0x0000000000000ac0       0x90 ./drivers/fsl_gpio.o
 .debug_frame   0x0000000000000b50       0x50 ./drivers/fsl_swm.o
 .debug_frame   0x0000000000000ba0      0x43c ./drivers/fsl_usart.o
 .debug_frame   0x0000000000000fdc       0x68 ./device/system_LPC845.o
 .debug_frame   0x0000000000001044      0x168 ./board/board.o
 .debug_frame   0x00000000000011ac       0xcc ./board/clock_config.o
 .debug_frame   0x0000000000001278       0x8c ./board/pin_mux.o

Cross Reference Table

Symbol                                            File
ADC0_OVR_DriverIRQHandler                         ./startup/startup_lpc845.o
ADC0_OVR_IRQHandler                               ./startup/startup_lpc845.o
ADC0_SEQA_DriverIRQHandler                        ./startup/startup_lpc845.o
ADC0_SEQA_IRQHandler                              ./startup/startup_lpc845.o
ADC0_SEQB_DriverIRQHandler                        ./startup/startup_lpc845.o
ADC0_SEQB_IRQHandler                              ./startup/startup_lpc845.o
ADC0_THCMP_DriverIRQHandler                       ./startup/startup_lpc845.o
ADC0_THCMP_IRQHandler                             ./startup/startup_lpc845.o
BOARD_BootClockRUN                                ./board/clock_config.o
BOARD_InitBootClocks                              ./board/clock_config.o
                                                  ./source/LPC845_Project_Demo.o
BOARD_InitBootPeripherals                         ./board/peripherals.o
BOARD_InitBootPins                                ./board/pin_mux.o
                                                  ./source/LPC845_Project_Demo.o
BOARD_InitDebugConsole                            ./board/board.o
                                                  ./source/LPC845_Project_Demo.o
BOARD_InitPeripherals                             ./board/peripherals.o
BOARD_InitPins                                    ./board/pin_mux.o
BOD_DriverIRQHandler                              ./startup/startup_lpc845.o
BOD_IRQHandler                                    ./startup/startup_lpc845.o
CLOCK_GetClockOutClkFreq                          ./drivers/fsl_clock.o
CLOCK_GetFRG0ClkFreq                              ./drivers/fsl_clock.o
CLOCK_GetFRG1ClkFreq                              ./drivers/fsl_clock.o
CLOCK_GetFreq                                     ./drivers/fsl_clock.o
CLOCK_GetFroFreq                                  ./drivers/fsl_clock.o
CLOCK_GetMainClkFreq                              ./drivers/fsl_clock.o
CLOCK_GetSystemPLLInClockRate                     ./drivers/fsl_clock.o
CLOCK_GetUart0ClkFreq                             ./drivers/fsl_clock.o
CLOCK_GetUart1ClkFreq                             ./drivers/fsl_clock.o
CLOCK_GetUart2ClkFreq                             ./drivers/fsl_clock.o
CLOCK_GetUart3ClkFreq                             ./drivers/fsl_clock.o
CLOCK_GetUart4ClkFreq                             ./drivers/fsl_clock.o
CLOCK_InitExtClkin                                ./drivers/fsl_clock.o
CLOCK_InitSysOsc                                  ./drivers/fsl_clock.o
CLOCK_InitSystemPll                               ./drivers/fsl_clock.o
                                                  ./board/clock_config.o
CLOCK_InitWdtOsc                                  ./drivers/fsl_clock.o
CLOCK_InitXtalin                                  ./drivers/fsl_clock.o
CLOCK_SetFRG0ClkFreq                              ./drivers/fsl_clock.o
                                                  ./board/clock_config.o
CLOCK_SetFRG1ClkFreq                              ./drivers/fsl_clock.o
                                                  ./board/clock_config.o
CLOCK_SetFroOutClkSrc                             ./drivers/fsl_clock.o
                                                  ./board/clock_config.o
CLOCK_SetMainClkSrc                               ./drivers/fsl_clock.o
                                                  ./board/clock_config.o
CMP_CAPT_DriverIRQHandler                         ./startup/startup_lpc845.o
CMP_CAPT_IRQHandler                               ./startup/startup_lpc845.o
CRP_WORD                                          ./startup/startup_lpc845.o
CTIMER0_DriverIRQHandler                          ./startup/startup_lpc845.o
CTIMER0_IRQHandler                                ./startup/startup_lpc845.o
DAC0_DriverIRQHandler                             ./startup/startup_lpc845.o
DAC0_IRQHandler                                   ./startup/startup_lpc845.o
DMA0_DriverIRQHandler                             ./startup/startup_lpc845.o
DMA0_IRQHandler                                   ./startup/startup_lpc845.o
DbgConsole_Deinit                                 ./utilities/fsl_debug_console.o
DbgConsole_Getchar                                ./utilities/fsl_debug_console.o
DbgConsole_Init                                   ./utilities/fsl_debug_console.o
DbgConsole_Printf                                 ./utilities/fsl_debug_console.o
DbgConsole_Putchar                                ./utilities/fsl_debug_console.o
DbgConsole_Scanf                                  ./utilities/fsl_debug_console.o
DisableDeepSleepIRQ                               ./drivers/fsl_power.o
EnableDeepSleepIRQ                                ./drivers/fsl_power.o
FLASH_DriverIRQHandler                            ./startup/startup_lpc845.o
FLASH_IRQHandler                                  ./startup/startup_lpc845.o
GPIO_PinInit                                      ./drivers/fsl_gpio.o
                                                  ./board/pin_mux.o
GPIO_PortInit                                     ./drivers/fsl_gpio.o
HAL_UartDeinit                                    ./component/uart/fsl_adapter_miniusart.o
                                                  ./utilities/fsl_debug_console.o
HAL_UartEnterLowpower                             ./component/uart/fsl_adapter_miniusart.o
HAL_UartExitLowpower                              ./component/uart/fsl_adapter_miniusart.o
HAL_UartInit                                      ./component/uart/fsl_adapter_miniusart.o
                                                  ./utilities/fsl_debug_console.o
HAL_UartReceiveBlocking                           ./component/uart/fsl_adapter_miniusart.o
                                                  ./utilities/fsl_debug_console.o
HAL_UartSendBlocking                              ./component/uart/fsl_adapter_miniusart.o
                                                  ./utilities/fsl_debug_console.o
HardFault_Handler                                 ./startup/startup_lpc845.o
I2C0_DriverIRQHandler                             ./startup/startup_lpc845.o
I2C0_IRQHandler                                   ./startup/startup_lpc845.o
I2C1_DriverIRQHandler                             ./startup/startup_lpc845.o
I2C1_IRQHandler                                   ./startup/startup_lpc845.o
I2C2_DriverIRQHandler                             ./startup/startup_lpc845.o
I2C2_IRQHandler                                   ./startup/startup_lpc845.o
I2C3_DriverIRQHandler                             ./startup/startup_lpc845.o
I2C3_IRQHandler                                   ./startup/startup_lpc845.o
IntDefaultHandler                                 ./startup/startup_lpc845.o
LED_Azul_OFF                                      ./board/board.o
LED_Azul_ON                                       ./board/board.o
LED_Azul_Toggle                                   ./board/board.o
LED_Rojo_OFF                                      ./board/board.o
LED_Rojo_ON                                       ./board/board.o
LED_Rojo_Toggle                                   ./board/board.o
LED_Verde_OFF                                     ./board/board.o
LED_Verde_ON                                      ./board/board.o
LED_Verde_Toggle                                  ./board/board.o
MRT0_DriverIRQHandler                             ./startup/startup_lpc845.o
MRT0_IRQHandler                                   ./startup/startup_lpc845.o
NMI_Handler                                       ./startup/startup_lpc845.o
PIN_INT0_DriverIRQHandler                         ./startup/startup_lpc845.o
PIN_INT0_IRQHandler                               ./startup/startup_lpc845.o
PIN_INT1_DriverIRQHandler                         ./startup/startup_lpc845.o
PIN_INT1_IRQHandler                               ./startup/startup_lpc845.o
PIN_INT2_DriverIRQHandler                         ./startup/startup_lpc845.o
PIN_INT2_IRQHandler                               ./startup/startup_lpc845.o
PIN_INT3_DriverIRQHandler                         ./startup/startup_lpc845.o
PIN_INT3_IRQHandler                               ./startup/startup_lpc845.o
PIN_INT4_DriverIRQHandler                         ./startup/startup_lpc845.o
PIN_INT4_IRQHandler                               ./startup/startup_lpc845.o
PIN_INT5_DAC1_DriverIRQHandler                    ./startup/startup_lpc845.o
PIN_INT5_DAC1_IRQHandler                          ./startup/startup_lpc845.o
PIN_INT6_USART3_DriverIRQHandler                  ./drivers/fsl_usart.o
                                                  ./startup/startup_lpc845.o
PIN_INT6_USART3_IRQHandler                        ./startup/startup_lpc845.o
PIN_INT7_USART4_DriverIRQHandler                  ./drivers/fsl_usart.o
                                                  ./startup/startup_lpc845.o
PIN_INT7_USART4_IRQHandler                        ./startup/startup_lpc845.o
POWER_EnterDeepPowerDownMode                      ./drivers/fsl_power.o
POWER_EnterDeepSleep                              ./drivers/fsl_power.o
POWER_EnterPowerDown                              ./drivers/fsl_power.o
POWER_EnterSleep                                  ./drivers/fsl_power.o
PendSV_Handler                                    ./startup/startup_lpc845.o
RESET_PeripheralReset                             ./drivers/fsl_reset.o
                                                  ./drivers/fsl_usart.o
                                                  ./drivers/fsl_gpio.o
Reserved22_DriverIRQHandler                       ./startup/startup_lpc845.o
Reserved22_IRQHandler                             ./startup/startup_lpc845.o
ResetISR                                          ./startup/startup_lpc845.o
SCT0_DriverIRQHandler                             ./startup/startup_lpc845.o
SCT0_IRQHandler                                   ./startup/startup_lpc845.o
SDK_DelayAtLeastUs                                ./drivers/fsl_common_arm.o
                                                  ./drivers/fsl_clock.o
SDK_Free                                          ./drivers/fsl_common.o
SDK_Malloc                                        ./drivers/fsl_common.o
SPI0_DriverIRQHandler                             ./startup/startup_lpc845.o
SPI0_IRQHandler                                   ./startup/startup_lpc845.o
SPI1_DriverIRQHandler                             ./startup/startup_lpc845.o
SPI1_IRQHandler                                   ./startup/startup_lpc845.o
SVC_Handler                                       ./startup/startup_lpc845.o
SWM_SetFixedPinSelect                             ./drivers/fsl_swm.o
SWM_SetMovablePinSelect                           ./drivers/fsl_swm.o
                                                  ./board/pin_mux.o
SetBaudRate                                       ./drivers/DR_UART0.o
SysTick_Handler                                   ./source/LPC845_Project_Demo.o
                                                  ./startup/startup_lpc845.o
SystemCoreClock                                   ./device/system_LPC845.o
                                                  ./board/clock_config.o
SystemCoreClockUpdate                             ./device/system_LPC845.o
SystemInit                                        ./device/system_LPC845.o
                                                  ./startup/startup_lpc845.o
SystemInitHook                                    ./device/system_LPC845.o
Timer_Close                                       ./drivers/PR_Timer.o
Timer_Discount                                    ./drivers/DR_Timer.o
                                                  ./source/LPC845_Project_Demo.o
Timer_Event                                       ./drivers/PR_Timer.o
                                                  ./source/LPC845_Project_Demo.o
Timer_Get                                         ./drivers/PR_Timer.o
Timer_Set                                         ./drivers/PR_Timer.o
Timer_Standby                                     ./drivers/PR_Timer.o
Timer_Start                                       ./drivers/PR_Timer.o
                                                  ./source/LPC845_Project_Demo.o
Timer_Stop                                        ./drivers/PR_Timer.o
UART0_Analizar_Comando                            ./drivers/PR_UART0.o
UART0_Analizar_Trama                              ./drivers/PR_UART0.o
                                                  ./source/LPC845_Project_Demo.o
UART0_Init                                        ./drivers/DR_UART0.o
                                                  ./source/LPC845_Project_Demo.o
UART0_Pop_RX                                      ./drivers/PR_UART0.o
UART0_Pop_TX                                      ./drivers/DR_UART0.o
UART0_Push_RX                                     ./drivers/DR_UART0.o
UART0_Push_TX                                     ./drivers/PR_UART0.o
UART0_Send_Data                                   ./drivers/PR_UART0.o
                                                  ./source/LPC845_Project_Demo.o
UART0_TX_flag                                     ./drivers/DR_UART0.o
                                                  ./drivers/PR_UART0.o
UART0_bufferRx                                    ./drivers/DR_UART0.o
                                                  ./drivers/PR_UART0.o
UART0_bufferTx                                    ./drivers/DR_UART0.o
                                                  ./drivers/PR_UART0.o
UART0_rxInput                                     ./drivers/DR_UART0.o
                                                  ./drivers/PR_UART0.o
UART0_rxOutput                                    ./drivers/DR_UART0.o
                                                  ./drivers/PR_UART0.o
UART0_txInput                                     ./drivers/DR_UART0.o
                                                  ./drivers/PR_UART0.o
UART0_txOutput                                    ./drivers/DR_UART0.o
UART0_write_TX_reg                                ./drivers/DR_UART0.o
                                                  ./drivers/PR_UART0.o
USART0_DriverIRQHandler                           ./drivers/fsl_usart.o
                                                  ./startup/startup_lpc845.o
USART0_IRQHandler                                 ./drivers/DR_UART0.o
                                                  ./startup/startup_lpc845.o
USART0_config                                     ./board/peripherals.o
USART1_DriverIRQHandler                           ./drivers/fsl_usart.o
                                                  ./startup/startup_lpc845.o
USART1_IRQHandler                                 ./startup/startup_lpc845.o
USART2_DriverIRQHandler                           ./drivers/fsl_usart.o
                                                  ./startup/startup_lpc845.o
USART2_IRQHandler                                 ./startup/startup_lpc845.o
USART_Deinit                                      ./drivers/fsl_usart.o
                                                  ./component/uart/fsl_adapter_miniusart.o
USART_GetDefaultConfig                            ./drivers/fsl_usart.o
                                                  ./component/uart/fsl_adapter_miniusart.o
USART_GetInstance                                 ./drivers/fsl_usart.o
USART_Init                                        ./drivers/fsl_usart.o
                                                  ./board/peripherals.o
                                                  ./component/uart/fsl_adapter_miniusart.o
USART_ReadBlocking                                ./drivers/fsl_usart.o
                                                  ./component/uart/fsl_adapter_miniusart.o
USART_SetBaudRate                                 ./drivers/fsl_usart.o
USART_TransferAbortReceive                        ./drivers/fsl_usart.o
USART_TransferAbortSend                           ./drivers/fsl_usart.o
USART_TransferCreateHandle                        ./drivers/fsl_usart.o
USART_TransferGetReceiveCount                     ./drivers/fsl_usart.o
USART_TransferGetRxRingBufferLength               ./drivers/fsl_usart.o
USART_TransferGetSendCount                        ./drivers/fsl_usart.o
USART_TransferHandleIRQ                           ./drivers/fsl_usart.o
USART_TransferReceiveNonBlocking                  ./drivers/fsl_usart.o
USART_TransferSendNonBlocking                     ./drivers/fsl_usart.o
USART_TransferStartRingBuffer                     ./drivers/fsl_usart.o
USART_TransferStopRingBuffer                      ./drivers/fsl_usart.o
USART_WriteBlocking                               ./drivers/fsl_usart.o
                                                  ./component/uart/fsl_adapter_miniusart.o
WDT_DriverIRQHandler                              ./startup/startup_lpc845.o
WDT_IRQHandler                                    ./startup/startup_lpc845.o
WKT_DriverIRQHandler                              ./startup/startup_lpc845.o
WKT_IRQHandler                                    ./startup/startup_lpc845.o
_Csys_alloc                                       /usr/local/mcuxpressoide-11.4.1_6260/ide/plugins/com.nxp.mcuxpresso.tools.linux_11.4.0.202103011116/tools/bin/../lib/gcc/arm-none-eabi/10.2.1/../../../../arm-none-eabi/lib/thumb/v6-m/nofp/libcr_c.a(alloc.o)
                                                  /usr/local/mcuxpressoide-11.4.1_6260/ide/plugins/com.nxp.mcuxpresso.tools.linux_11.4.0.202103011116/tools/bin/../lib/gcc/arm-none-eabi/10.2.1/../../../../arm-none-eabi/lib/thumb/v6-m/nofp/libcr_c.a(_deferredlazyseek.o)
_Cwritebuf                                        /usr/local/mcuxpressoide-11.4.1_6260/ide/plugins/com.nxp.mcuxpresso.tools.linux_11.4.0.202103011116/tools/bin/../lib/gcc/arm-none-eabi/10.2.1/../../../../arm-none-eabi/lib/thumb/v6-m/nofp/libcr_c.a(_writebuf.o)
                                                  /usr/local/mcuxpressoide-11.4.1_6260/ide/plugins/com.nxp.mcuxpresso.tools.linux_11.4.0.202103011116/tools/bin/../lib/gcc/arm-none-eabi/10.2.1/../../../../arm-none-eabi/lib/thumb/v6-m/nofp/libcr_c.a(_fflush.o)
                                                  /usr/local/mcuxpressoide-11.4.1_6260/ide/plugins/com.nxp.mcuxpresso.tools.linux_11.4.0.202103011116/tools/bin/../lib/gcc/arm-none-eabi/10.2.1/../../../../arm-none-eabi/lib/thumb/v6-m/nofp/libcr_c.a(_deferredlazyseek.o)
__Ciob                                            /usr/local/mcuxpressoide-11.4.1_6260/ide/plugins/com.nxp.mcuxpresso.tools.linux_11.4.0.202103011116/tools/bin/../lib/gcc/arm-none-eabi/10.2.1/../../../../arm-none-eabi/lib/thumb/v6-m/nofp/libcr_nohost_nf.a(__ciob.o)
                                                  /usr/local/mcuxpressoide-11.4.1_6260/ide/plugins/com.nxp.mcuxpresso.tools.linux_11.4.0.202103011116/tools/bin/../lib/gcc/arm-none-eabi/10.2.1/../../../../arm-none-eabi/lib/thumb/v6-m/nofp/libcr_c.a(fflush.o)