/home/federico/Documents/MCUXpresso_11.4.1_6260/workspace/LPC845_Project_Demo/drivers/fsl_gpio.h:151:20:GPIO_PinWrite	24	static
/home/federico/Documents/MCUXpresso_11.4.1_6260/workspace/LPC845_Project_Demo/drivers/fsl_gpio.h:209:20:GPIO_PortToggle	24	static
../board/board.c:51:6:BOARD_InitDebugConsole	8	static
../board/board.c:55:6:LED_Verde_ON	8	static
../board/board.c:60:6:LED_Verde_OFF	8	static
../board/board.c:65:6:LED_Verde_Toggle	8	static
../board/board.c:70:6:LED_Azul_ON	8	static
../board/board.c:75:6:LED_Azul_OFF	8	static
../board/board.c:80:6:LED_Azul_Toggle	8	static
../board/board.c:85:6:LED_Rojo_ON	8	static
../board/board.c:90:6:LED_Rojo_OFF	8	static
../board/board.c:95:6:LED_Rojo_Toggle	8	static
