../src/DR_IOCON.c:106:6:IOCON_init	8	static
../src/DR_IOCON.c:116:6:IOCON_deinit	8	static
../src/DR_IOCON.c:127:6:IOCON_config_pull_mode	24	static
../src/DR_IOCON.c:137:6:IOCON_enable_hysteresis	16	static
../src/DR_IOCON.c:147:6:IOCON_disable_hysteresis	16	static
../src/DR_IOCON.c:157:6:IOCON_enable_invert	16	static
../src/DR_IOCON.c:167:6:IOCON_disable_invert	16	static
../src/DR_IOCON.c:177:6:IOCON_enable_open_drain	16	static
../src/DR_IOCON.c:187:6:IOCON_disable_open_drain	16	static
../src/DR_IOCON.c:198:6:IOCON_config_sample_mode	24	static
../src/DR_IOCON.c:209:6:IOCON_config_clock_source	24	static
../src/DR_IOCON.c:218:6:IOCON_disable_pullup_adc	16	static
../src/DR_IOCON.c:241:6:IOCON_disable_pullup_acmp_input	16	static
../src/DR_IOCON.c:257:6:IOCON_disable_pullup_acmp_ladder_external_ref_VDDCMP	8	static
../src/DR_IOCON.c:265:6:IOCON_enable_dac0	8	static
../src/DR_IOCON.c:274:6:IOCON_enable_dac1	8	static
../src/DR_IOCON.c:283:6:IOCON_disable_dac0	8	static
../src/DR_IOCON.c:291:6:IOCON_disable_dac1	8	static
../src/DR_IOCON.c:300:6:IOCON_select_i2c0_scl	16	static
../src/DR_IOCON.c:309:6:IOCON_select_i2c0_sda	16	static
