../src/DR_SPI.c:68:6:SPI_enable	16	static
../src/DR_SPI.c:77:6:SPI_disable	16	static
../src/DR_SPI.c:86:6:SPI_set_master_mode	16	static
../src/DR_SPI.c:95:6:SPI_set_slave_mode	16	static
../src/DR_SPI.c:104:6:SPI_set_data_order_msb_first	16	static
../src/DR_SPI.c:113:6:SPI_set_data_order_lsb_first	16	static
../src/DR_SPI.c:122:6:SPI_set_cpha_change	16	static
../src/DR_SPI.c:131:6:SPI_set_cpha_capture	16	static
../src/DR_SPI.c:140:6:SPI_set_cpol_low	16	static
../src/DR_SPI.c:149:6:SPI_set_cpol_high	16	static
../src/DR_SPI.c:154:6:SPI_set_opMode_0	16	static
../src/DR_SPI.c:160:6:SPI_set_opMode_1	16	static
../src/DR_SPI.c:166:6:SPI_set_opMode_2	16	static
../src/DR_SPI.c:172:6:SPI_set_opMode_3	16	static
../src/DR_SPI.c:182:6:SPI_enable_loopback_mode	16	static
../src/DR_SPI.c:191:6:SPI_disable_loopback_mode	16	static
../src/DR_SPI.c:201:6:SPI_set_ssel_active_low	16	static
../src/DR_SPI.c:217:6:SPI_set_ssel_active_high	16	static
../src/DR_SPI.c:233:6:SPI_set_pre_delay	16	static
../src/DR_SPI.c:243:6:SPI_set_post_delay	16	static
../src/DR_SPI.c:253:6:SPI_set_frame_delay	16	static
../src/DR_SPI.c:263:6:SPI_set_transfer_delay	16	static
../src/DR_SPI.c:274:9:SPI_get_status_flag	16	static
../src/DR_SPI.c:297:9:SPI_clear_status_flag	16	static
../src/DR_SPI.c:320:6:SPI_enable_irq_RXRDY	16	static
../src/DR_SPI.c:325:6:SPI_enable_irq_TXRDY	16	static
../src/DR_SPI.c:330:6:SPI_enable_irq_RXOV	16	static
../src/DR_SPI.c:335:6:SPI_enable_irq_TXUR	16	static
../src/DR_SPI.c:340:6:SPI_enable_irq_SSA	16	static
../src/DR_SPI.c:345:6:SPI_enable_irq_SSD	16	static
../src/DR_SPI.c:355:6:SPI_disable_irq_RXRDY	16	static
../src/DR_SPI.c:360:6:SPI_disable_irq_TXRDY	16	static
../src/DR_SPI.c:365:6:SPI_disable_irq_RXOV	16	static
../src/DR_SPI.c:370:6:SPI_disable_irq_TXUR	16	static
../src/DR_SPI.c:375:6:SPI_disable_irq_SSA	16	static
../src/DR_SPI.c:380:6:SPI_disable_irq_SSD	16	static
../src/DR_SPI.c:389:10:SPI_read_rx_data	16	static
../src/DR_SPI.c:398:9:SPI_get_active_ssl	24	static
../src/DR_SPI.c:421:9:SPI_get_sot_flag	16	static
../src/DR_SPI.c:431:6:SPI_write_txdata	16	static
../src/DR_SPI.c:441:6:SPI_select_slave	16	static
../src/DR_SPI.c:458:6:SPI_deselect_slave	16	static
../src/DR_SPI.c:474:6:SPI_set_end_of_transmission	16	static
../src/DR_SPI.c:483:6:SPI_clear_end_of_transmission	16	static
../src/DR_SPI.c:492:6:SPI_set_end_of_frame	16	static
../src/DR_SPI.c:501:6:SPI_clear_end_of_frame	16	static
../src/DR_SPI.c:510:6:SPI_set_rx_ignore	16	static
../src/DR_SPI.c:519:6:SPI_clear_rx_ignore	16	static
../src/DR_SPI.c:529:6:SPI_set_data_length	16	static
../src/DR_SPI.c:539:6:SPI_set_data_and_control	16	static
../src/DR_SPI.c:549:6:SPI_set_clock_div	16	static
../src/DR_SPI.c:559:9:SPI_get_irq_flag_status	16	static
