../src/DR_SWM.c:64:6:SWM_init	8	static
../src/DR_SWM.c:72:6:SWM_deinit	8	static
../src/DR_SWM.c:83:6:SWM_assign_uart_TXD	24	static
../src/DR_SWM.c:101:6:SWM_assign_uart_RXD	24	static
../src/DR_SWM.c:119:6:SWM_assign_uart_RTS	24	static
../src/DR_SWM.c:135:6:SWM_assign_uart_CTS	24	static
../src/DR_SWM.c:151:6:SWM_assign_uart_SCLK	24	static
../src/DR_SWM.c:169:6:SWM_assign_spi_SCK	24	static
../src/DR_SWM.c:184:6:SWM_assign_spi_MOSI	24	static
../src/DR_SWM.c:199:6:SWM_assign_spi_MISO	24	static
../src/DR_SWM.c:214:6:SWM_assign_spi_SSEL0	24	static
../src/DR_SWM.c:229:6:SWM_assign_spi_SSEL1	24	static
../src/DR_SWM.c:244:6:SWM_assign_spi_SSEL2	24	static
../src/DR_SWM.c:258:6:SWM_assign_spi_SSEL3	24	static
../src/DR_SWM.c:271:6:SWM_assign_sct_IN_A	16	static
../src/DR_SWM.c:281:6:SWM_assign_sct_IN_B	16	static
../src/DR_SWM.c:291:6:SWM_assign_sct_IN_C	16	static
../src/DR_SWM.c:301:6:SWM_assign_sct_IN_D	16	static
../src/DR_SWM.c:311:6:SWM_assign_sct_OUT0	16	static
../src/DR_SWM.c:321:6:SWM_assign_sct_OUT1	16	static
../src/DR_SWM.c:331:6:SWM_assign_sct_OUT2	16	static
../src/DR_SWM.c:341:6:SWM_assign_sct_OUT3	16	static
../src/DR_SWM.c:351:6:SWM_assign_sct_OUT4	16	static
../src/DR_SWM.c:361:6:SWM_assign_sct_OUT5	16	static
../src/DR_SWM.c:371:6:SWM_assign_sct_OUT6	16	static
../src/DR_SWM.c:385:6:SWM_assign_i2c_SDA	24	static
../src/DR_SWM.c:405:6:SWM_assign_i2c_SCL	24	static
../src/DR_SWM.c:421:6:SWM_assign_COMP0_OUT	16	static
../src/DR_SWM.c:430:6:SWM_assign_CLKOUT	16	static
../src/DR_SWM.c:440:6:SWM_assign_INT_BMAT	16	static
../src/DR_SWM.c:451:6:SWM_assign_T0_MAT	24	static
../src/DR_SWM.c:468:6:SWM_assign_T0_CAP	24	static
../src/DR_SWM.c:483:6:SWM_enable_ACMP	24	static
../src/DR_SWM.c:499:6:SWM_enable_SWCLK	24	static
../src/DR_SWM.c:508:6:SWM_enable_SWDIO	24	static
../src/DR_SWM.c:517:6:SWM_enable_XTALIN	24	static
../src/DR_SWM.c:526:6:SWM_enable_XTALOUT	24	static
../src/DR_SWM.c:535:6:SWM_enable_RESETN	24	static
../src/DR_SWM.c:544:6:SWM_enable_CLKIN	24	static
../src/DR_SWM.c:553:6:SWM_enable_VDDCMP	24	static
../src/DR_SWM.c:563:6:SWM_enable_ADC	24	static
../src/DR_SWM.c:587:6:SWM_enable_DAC	24	static
../src/DR_SWM.c:601:6:SWM_enable_CAPTX	24	static
../src/DR_SWM.c:621:6:SWM_enable_CAPYL	24	static
../src/DR_SWM.c:630:6:SWM_enable_CAPYH	24	static
