../src/DR_SYSCON.c:54:13:SYSCON_update_clk_src	16	static
../src/DR_SYSCON.c:83:6:SYSCON_set_pll_control	16	static
../src/DR_SYSCON.c:93:9:SYSCON_get_pll_lock_status	8	static
../src/DR_SYSCON.c:103:6:SYSCON_set_oscillator_control	16	static
../src/DR_SYSCON.c:114:6:SYSCON_set_watchdog_oscillator_control	16	static
../src/DR_SYSCON.c:123:6:SYSCON_set_fro_direct	8	static
../src/DR_SYSCON.c:133:6:SYSCON_clear_fro_direct	8	static
../src/DR_SYSCON.c:144:6:SYSCON_set_pll_clk_source	16	static
../src/DR_SYSCON.c:156:6:SYSCON_set_system_clock_source	16	static
../src/DR_SYSCON.c:180:6:SYSCON_set_system_clock_divider	16	static
../src/DR_SYSCON.c:189:6:SYSCON_set_capacitive_clock_source	16	static
../src/DR_SYSCON.c:199:6:SYSCON_set_adc_clock	16	static
../src/DR_SYSCON.c:210:6:SYSCON_set_sct_clock	16	static
../src/DR_SYSCON.c:220:6:SYSCON_ext_clock_source_set	16	static
../src/DR_SYSCON.c:229:32:SYSCON_ext_clock_source_get	8	static
../src/DR_SYSCON.c:238:6:SYSCON_enable_clock	16	static
../src/DR_SYSCON.c:255:6:SYSCON_disable_clock	16	static
../src/DR_SYSCON.c:272:6:SYSCON_assert_reset	16	static
../src/DR_SYSCON.c:289:6:SYSCON_clear_reset	16	static
../src/DR_SYSCON.c:307:6:SYSCON_set_peripheral_clock_source	24	static
../src/DR_SYSCON.c:319:6:SYSCON_set_frg_config	24	static
../src/DR_SYSCON.c:340:6:SYSCON_set_clkout_config	24	static
../src/DR_SYSCON.c:351:10:SYSCON_get_por_pio_status_register	16	static
../src/DR_SYSCON.c:361:6:SYSCON_set_iocon_glitch_divider	24	static
../src/DR_SYSCON.c:381:6:SYSCON_set_bod_control	24	static
../src/DR_SYSCON.c:392:10:SYSCON_get_systick_calib	8	static
../src/DR_SYSCON.c:401:9:SYSCON_get_irq_latency	8	static
../src/DR_SYSCON.c:411:6:SYSCON_set_nmi_source	24	static
../src/DR_SYSCON.c:422:6:SYSCON_set_pinint_pin	24	static
../src/DR_SYSCON.c:431:6:SYSCON_enable_wakeup_source	16	static
../src/DR_SYSCON.c:448:6:SYSCON_disable_wakeup_source	16	static
../src/DR_SYSCON.c:465:6:SYSCON_deep_sleep_power_bod	24	static
../src/DR_SYSCON.c:474:6:SYSCON_deep_sleep_power_wdtosc	24	static
../src/DR_SYSCON.c:483:6:SYSCON_set_powered_on_wakeup	16	static
../src/DR_SYSCON.c:492:6:SYSCON_clear_powered_on_wakeup	16	static
../src/DR_SYSCON.c:501:6:SYSCON_power_up_peripheral	16	static
../src/DR_SYSCON.c:510:6:SYSCON_power_down_peripheral	16	static
../src/DR_SYSCON.c:519:10:SYSCON_get_device_id	8	static
../src/DR_SYSCON.c:529:6:SYSCON_set_fro_osc_freq	16	static
../src/DR_SYSCON.c:539:6:SYSCON_set_fro_out_clk_src	16	static
../src/DR_SYSCON.c:555:6:SYSCON_set_main_clk_src	24	static
../src/DR_SYSCON.c:580:6:SYSCON_set_core_sys_clk_div	16	static
