../src/DR_USART.c:75:6:USART_enable	16	static
../src/DR_USART.c:84:6:USART_disable	16	static
../src/DR_USART.c:94:6:USART_config_data_length	16	static
../src/DR_USART.c:104:6:USART_config_parity	16	static
../src/DR_USART.c:114:6:USART_config_stop_bits	16	static
../src/DR_USART.c:123:6:USART_enable_CTS	16	static
../src/DR_USART.c:132:6:USART_disable_CTS	16	static
../src/DR_USART.c:142:6:USART_config_sync_mode	16	static
../src/DR_USART.c:152:6:USART_config_clock_polarity	16	static
../src/DR_USART.c:162:6:USART_config_master_mode	16	static
../src/DR_USART.c:171:6:USART_enable_loopback	16	static
../src/DR_USART.c:180:6:USART_disable_loopback	16	static
../src/DR_USART.c:189:6:USART_enable_OETA	16	static
../src/DR_USART.c:198:6:USART_disable_OETA	16	static
../src/DR_USART.c:207:6:USART_enable_auto_address	16	static
../src/DR_USART.c:216:6:USART_disable_auto_address	16	static
../src/DR_USART.c:225:6:USART_enable_OESEL	16	static
../src/DR_USART.c:234:6:USART_disable_OESEL	16	static
../src/DR_USART.c:243:6:USART_config_OEPOL	16	static
../src/DR_USART.c:252:6:USART_enable_rx_invert	16	static
../src/DR_USART.c:261:6:USART_disable_rx_invert	16	static
../src/DR_USART.c:270:6:USART_enable_tx_invert	16	static
../src/DR_USART.c:279:6:USART_disable_tx_invert	16	static
../src/DR_USART.c:288:6:USART_assert_break	16	static
../src/DR_USART.c:297:6:USART_clear_break	16	static
../src/DR_USART.c:306:6:USART_enable_address_detect	16	static
../src/DR_USART.c:315:6:USART_disable_address_detect	16	static
../src/DR_USART.c:324:6:USART_enable_tx	16	static
../src/DR_USART.c:333:6:USART_disable_tx	16	static
../src/DR_USART.c:342:6:USART_enable_continuous_clock	16	static
../src/DR_USART.c:351:6:USART_disable_continuous_clock	16	static
../src/DR_USART.c:360:6:USART_enable_autoclear_continuous_clock	16	static
../src/DR_USART.c:369:6:USART_disable_autoclear_continuous_clock	16	static
../src/DR_USART.c:378:6:USART_enable_autobaud	16	static
../src/DR_USART.c:387:6:USART_disable_autobaud	16	static
../src/DR_USART.c:397:9:USART_get_flag_RXRDY	16	static
../src/DR_USART.c:407:9:USART_get_flag_RXIDLE	16	static
../src/DR_USART.c:417:9:USART_get_flag_TXRDY	16	static
../src/DR_USART.c:427:9:USART_get_flag_TXIDLE	16	static
../src/DR_USART.c:437:9:USART_get_flag_CTS	16	static
../src/DR_USART.c:447:9:USART_get_flag_DELTACTS	16	static
../src/DR_USART.c:457:9:USART_get_flag_TXDISSTAT	16	static
../src/DR_USART.c:467:9:USART_get_flag_OVERRUNINT	16	static
../src/DR_USART.c:477:9:USART_get_flag_RXBRK	16	static
../src/DR_USART.c:487:9:USART_get_flag_DELTARXBRK	16	static
../src/DR_USART.c:497:9:USART_get_flag_START	16	static
../src/DR_USART.c:507:9:USART_get_flag_FRAMERRINT	16	static
../src/DR_USART.c:517:9:USART_get_flag_PARITYERRINT	16	static
../src/DR_USART.c:527:9:USART_get_flag_RXNOISEINT	16	static
../src/DR_USART.c:537:9:USART_get_flag_ABERR	16	static
../src/DR_USART.c:546:6:USART_enable_irq_RXRDY	16	static
../src/DR_USART.c:555:6:USART_enable_irq_TXRDY	16	static
../src/DR_USART.c:564:6:USART_enable_irq_TXIDLE	16	static
../src/DR_USART.c:573:6:USART_enable_irq_DELTACTS	16	static
../src/DR_USART.c:582:6:USART_enable_irq_TXDISEN	16	static
../src/DR_USART.c:591:6:USART_enable_irq_OVERRUN	16	static
../src/DR_USART.c:600:6:USART_enable_irq_DELTARXBRK	16	static
../src/DR_USART.c:609:6:USART_enable_irq_START	16	static
../src/DR_USART.c:618:6:USART_enable_irq_FRAMERR	16	static
../src/DR_USART.c:627:6:USART_enable_irq_PARITYERR	16	static
../src/DR_USART.c:636:6:USART_enable_irq_RXNOISE	16	static
../src/DR_USART.c:645:6:USART_enable_irq_ABERR	16	static
../src/DR_USART.c:654:6:USART_disable_irq_RXRDY	16	static
../src/DR_USART.c:663:6:USART_disable_irq_TXRDY	16	static
../src/DR_USART.c:672:6:USART_disable_irq_TXIDLE	16	static
../src/DR_USART.c:681:6:USART_disable_irq_DELTACTS	16	static
../src/DR_USART.c:690:6:USART_disable_irq_TXDISEN	16	static
../src/DR_USART.c:699:6:USART_disable_irq_OVERRUN	16	static
../src/DR_USART.c:708:6:USART_disable_irq_DELTARXBRK	16	static
../src/DR_USART.c:717:6:USART_disable_irq_START	16	static
../src/DR_USART.c:726:6:USART_disable_irq_FRAMERR	16	static
../src/DR_USART.c:735:6:USART_disable_irq_PARITYERR	16	static
../src/DR_USART.c:744:6:USART_disable_irq_RXNOISE	16	static
../src/DR_USART.c:753:6:USART_disable_irq_ABERR	16	static
../src/DR_USART.c:763:10:USART_get_data	16	static
../src/DR_USART.c:776:10:USART_get_data_and_status	32	static
../src/DR_USART.c:792:6:USART_write_data	16	static
../src/DR_USART.c:802:6:USART_set_BRGVAL	16	static
../src/DR_USART.c:811:9:USART_get_irq_status_RXRDY	16	static
../src/DR_USART.c:820:9:USART_get_irq_status_TXRDY	16	static
../src/DR_USART.c:829:9:USART_get_irq_status_TXIDLE	16	static
../src/DR_USART.c:838:9:USART_get_irq_status_DELTACTS	16	static
../src/DR_USART.c:847:9:USART_get_irq_status_TXDIS	16	static
../src/DR_USART.c:856:9:USART_get_irq_status_OVERRUN	16	static
../src/DR_USART.c:865:9:USART_get_irq_status_DELTARXBRK	16	static
../src/DR_USART.c:874:9:USART_get_irq_status_START	16	static
../src/DR_USART.c:883:9:USART_get_irq_status_FRAMERR	16	static
../src/DR_USART.c:892:9:USART_get_irq_status_PARITYERR	16	static
../src/DR_USART.c:901:9:USART_get_irq_status_RXNOISE	16	static
../src/DR_USART.c:910:9:USART_get_irq_status_ABERR	16	static
../src/DR_USART.c:920:6:USART_set_OSRVAL	16	static
../src/DR_USART.c:930:6:USART_set_address	16	static
../src/DR_USART.c:938:6:USART_write_TX_reg	16	static
