../src/LPC845_Reproductor_WAV.c:188:5:detect_endianness	64	static
../src/LPC845_Reproductor_WAV.c:207:5:generate_test_data	32	static
../src/LPC845_Reproductor_WAV.c:226:5:generate_test_data_v2	40	static
../src/LPC845_Reproductor_WAV.c:245:5:main	8	static
../src/LPC845_Reproductor_WAV.c:322:13:tick_callback	8	static
../src/LPC845_Reproductor_WAV.c:341:13:usart0_rx_callback	16	static
../src/LPC845_Reproductor_WAV.c:353:13:usart0_tx_callback	16	static
../src/LPC845_Reproductor_WAV.c:371:13:usart1_rx_callback	16	static
../src/LPC845_Reproductor_WAV.c:383:13:usart1_tx_callback	16	static
../src/LPC845_Reproductor_WAV.c:397:13:spi_tx_callback	16	static
../src/LPC845_Reproductor_WAV.c:411:13:spi_rx_callback	24	static
../src/LPC845_Reproductor_WAV.c:420:6:timer_led_handler	16	static
