../src/PR_MMC_SD.c:474:6:sd_write_tx_buffer	24	static
../src/PR_MMC_SD.c:499:6:sd_write_dummy_bytes	48	static
../src/PR_MMC_SD.c:505:6:sd_send_dummy_bytes	96	dynamic
../src/PR_MMC_SD.c:520:6:sd_send_dummy_bytes_v2	96	dynamic
../src/PR_MMC_SD.c:535:6:sd_send_command	88	static
../src/PR_MMC_SD.c:568:6:sd_send_command_v2	112	dynamic
../src/PR_MMC_SD.c:614:9:sd_receive_r1	32	static
../src/PR_MMC_SD.c:630:9:sd_receive_r2	24	static
../src/PR_MMC_SD.c:653:9:sd_receive_r3	32	static
../src/PR_MMC_SD.c:677:9:sd_receive_r7	32	static
../src/PR_MMC_SD.c:701:9:sd_receive_data_resp_token	32	static
../src/PR_MMC_SD.c:717:9:sd_check_busy_state	16	static
../src/PR_MMC_SD.c:727:6:sd_power_cycle	16	static
../src/PR_MMC_SD.c:742:9:sd_go_idle_state	24	static
../src/PR_MMC_SD.c:771:9:sd_send_interface_condition	24	static
../src/PR_MMC_SD.c:799:9:sd_read_ocr	16	static
../src/PR_MMC_SD.c:821:9:sd_send_app_cmd	24	static
../src/PR_MMC_SD.c:846:9:sd_send_op_cond	24	static
../src/PR_MMC_SD.c:884:9:sd_set_blocklen	24	static
../src/PR_MMC_SD.c:908:9:sd_send_status	16	static
../src/PR_MMC_SD.c:930:9:sd_send_op_cond_mmc	24	static
../src/PR_MMC_SD.c:956:9:sd_read_block	32	static
../src/PR_MMC_SD.c:982:9:sd_read_multi_block	32	static
../src/PR_MMC_SD.c:1009:9:sd_write_block	32	static
../src/PR_MMC_SD.c:1035:9:sd_write_multi_block	32	static
../src/PR_MMC_SD.c:1076:14:sd_init_v2	16	static
../src/PR_MMC_SD.c:1289:14:sd_init	24	static
../src/PR_MMC_SD.c:1643:6:sd_send_data_packet	112	dynamic
../src/PR_MMC_SD.c:1678:10:sd_write_single_block	32	static
../src/PR_MMC_SD.c:1728:10:sd_read_single_block	32	static
../src/PR_MMC_SD.c:1752:10:sd_read_multiple_block	32	static
../src/PR_MMC_SD.c:1790:10:sd_swap_uint16	16	static
../src/PR_MMC_SD.c:1796:10:sd_swap_uint32	16	static
../src/PR_MMC_SD.c:1807:9:sd_crc7	32	static
../src/PR_MMC_SD.c:1832:6:timer_sd_init_handler	16	static
../src/PR_MMC_SD.c:1840:6:timer_sd_cmd41_handler	16	static
../src/PR_MMC_SD.c:1861:9:mmc_load_dummy_OLD	40	static
../src/PR_MMC_SD.c:1879:6:mmc_load_command_OLD	64	static
../src/PR_MMC_SD.c:1916:6:mmc_send_dummy_bytes_OLD	48	static
../src/PR_MMC_SD.c:1937:6:mmc_send_command_OLD	64	static
