../src/PR_MMC_SD.c:501:6:sd_write_tx_buffer	24	static
../src/PR_MMC_SD.c:526:6:sd_write_dummy_bytes	48	static
../src/PR_MMC_SD.c:532:6:sd_send_dummy_bytes	96	dynamic
../src/PR_MMC_SD.c:547:6:sd_send_dummy_bytes_v2	96	dynamic
../src/PR_MMC_SD.c:562:6:sd_send_command	88	static
../src/PR_MMC_SD.c:595:6:sd_send_command_v2	112	dynamic
../src/PR_MMC_SD.c:641:9:sd_receive_r1	32	static
../src/PR_MMC_SD.c:657:9:sd_receive_r2	24	static
../src/PR_MMC_SD.c:680:9:sd_receive_r3	32	static
../src/PR_MMC_SD.c:704:9:sd_receive_r7	32	static
../src/PR_MMC_SD.c:728:9:sd_receive_data_resp_token	32	static
../src/PR_MMC_SD.c:744:9:sd_check_busy_state	16	static
../src/PR_MMC_SD.c:754:6:sd_power_cycle	16	static
../src/PR_MMC_SD.c:769:9:sd_go_idle_state	24	static
../src/PR_MMC_SD.c:798:9:sd_send_interface_condition	24	static
../src/PR_MMC_SD.c:826:9:sd_read_ocr	16	static
../src/PR_MMC_SD.c:848:9:sd_send_app_cmd	24	static
../src/PR_MMC_SD.c:873:9:sd_send_op_cond	24	static
../src/PR_MMC_SD.c:911:9:sd_set_blocklen	24	static
../src/PR_MMC_SD.c:935:9:sd_send_status	16	static
../src/PR_MMC_SD.c:957:9:sd_send_op_cond_mmc	24	static
../src/PR_MMC_SD.c:983:9:sd_read_block	32	static
../src/PR_MMC_SD.c:1009:9:sd_read_multi_block	32	static
../src/PR_MMC_SD.c:1036:9:sd_write_block	32	static
../src/PR_MMC_SD.c:1062:9:sd_write_multi_block	32	static
../src/PR_MMC_SD.c:1103:14:sd_init_v2	16	static
../src/PR_MMC_SD.c:1321:14:sd_init	24	static
../src/PR_MMC_SD.c:1675:6:sd_send_data_packet	112	dynamic
../src/PR_MMC_SD.c:1710:20:sd_write_single_block	40	static
../src/PR_MMC_SD.c:1752:6:sd_write_flag_set	8	static
../src/PR_MMC_SD.c:1757:6:sd_write_flag_clear	8	static
../src/PR_MMC_SD.c:1762:9:sd_write_get_flag	8	static
../src/PR_MMC_SD.c:1776:9:sd_read_single_block	40	static
../src/PR_MMC_SD.c:1802:10:sd_read_multiple_block	32	static
../src/PR_MMC_SD.c:1840:10:sd_swap_uint16	16	static
../src/PR_MMC_SD.c:1846:10:sd_swap_uint32	16	static
../src/PR_MMC_SD.c:1857:9:sd_crc7	32	static
../src/PR_MMC_SD.c:1882:6:timer_sd_init_handler	16	static
../src/PR_MMC_SD.c:1890:6:timer_sd_cmd41_handler	16	static
../src/PR_MMC_SD.c:1911:9:mmc_load_dummy_OLD	40	static
../src/PR_MMC_SD.c:1929:6:mmc_load_command_OLD	64	static
../src/PR_MMC_SD.c:1966:6:mmc_send_dummy_bytes_OLD	48	static
../src/PR_MMC_SD.c:1987:6:mmc_send_command_OLD	64	static
