../src/PR_SYSCON.c:97:6:syscon_boot_clock_run	8	static
../src/PR_SYSCON.c:118:10:syscon_system_clock_get	8	static
../src/PR_SYSCON.c:127:6:syscon_system_clock_set_source	16	static
../src/PR_SYSCON.c:154:6:syscon_system_clock_set_divider	16	static
../src/PR_SYSCON.c:164:10:syscon_fro_clock_get	8	static
../src/PR_SYSCON.c:173:6:syscon_external_crystal_config	24	static
../src/PR_SYSCON.c:210:6:syscon_external_clock_config	16	static
../src/PR_SYSCON.c:223:6:syscon_fro_clock_config_v1	16	static
../src/PR_SYSCON.c:250:6:syscon_fro_clock_config	16	static
../src/PR_SYSCON.c:275:6:syscon_fro_clock_disable	8	static
../src/PR_SYSCON.c:287:6:syscon_clkout_config	24	static
../src/PR_SYSCON.c:305:6:syscon_frg_config	32	static
../src/PR_SYSCON.c:329:6:syscon_watchdog_oscillator_config	16	static
../src/PR_SYSCON.c:341:10:syscon_peripheral_clock_get	24	static
../src/PR_SYSCON.c:363:6:syscon_iocon_glitch_divider_set	16	static
../src/PR_SYSCON.c:373:6:syscon_pll_clock_config	16	static
../src/PR_SYSCON.c:383:10:syscon_pll_clock_get	8	static
../src/PR_SYSCON.c:393:10:syscon_get_usart_clk_freq	24	static
../src/PR_SYSCON.c:427:10:syscon_get_fro_freq	16	static
../src/PR_SYSCON.c:456:10:syscon_get_main_clk_freq	16	static
../src/PR_SYSCON.c:493:10:syscon_get_system_PLL_freq	8	static
../src/PR_SYSCON.c:501:10:syscon_get_system_PLL_input_clock_rate	16	static
../src/PR_SYSCON.c:535:10:syscon_get_FRG0_clk_freq	24	static
../src/PR_SYSCON.c:543:10:syscon_get_FRG1_clk_freq	24	static
../src/PR_SYSCON.c:549:10:syscon_get_FRG_input_clk_freq	24	static
../src/PR_SYSCON.c:576:10:syscon_get_wdt_osc_freq	8	static
../src/PR_SYSCON.c:584:10:syscon_get_ext_clk_rreq	8	static
