../src/PR_SPI.c:97:13:spi_set_configured_instance	16	static
../src/PR_SPI.c:105:13:dummy_irq	8	static
../src/PR_SPI.c:114:13:spi_irq_handler	16	static
../src/PR_SPI.c:152:6:spi_init_ctx	16	static
../src/PR_SPI.c:173:6:spi_master_mode_init	56	static
../src/PR_SPI.c:303:9:spi_get_configured_instance	8	static
../src/PR_SPI.c:314:10:spi_set_baud_rate	32	static
../src/PR_SPI.c:334:10:spi_master_mode_rx_data	16	static
../src/PR_SPI.c:344:6:spi_master_mode_tx_config	24	static
../src/PR_SPI.c:362:17:spi_master_mode_tx_data	16	static
../src/PR_SPI.c:375:9:spi_pop_RX	24	static
../src/PR_SPI.c:390:6:spi_push_TX	16	static
../src/PR_SPI.c:404:27:SPI_pop_TX	24	static
../src/PR_SPI.c:420:6:SPI_push_RX	16	static
../src/PR_SPI.c:438:6:spi_master_mode_send_data	32	static
../src/PR_SPI.c:451:6:spi_master_mode_tx_register_callback	16	static
../src/PR_SPI.c:464:6:spi_master_mode_rx_register_callback	16	static
../src/PR_SPI.c:481:6:SPI0_IRQHandler	8	static
../src/PR_SPI.c:489:6:SPI1_IRQHandler	8	static
../src/PR_SPI.c:499:9:spi_enable_irq	16	static
../src/PR_SPI.c:519:9:spi_disable_irq	16	static
../src/PR_SPI.c:535:6:spi_select_slave	16	static
../src/PR_SPI.c:540:6:spi_deselect_slave	16	static
