../src/PR_USART.c:84:17:usart_calculate_brgval	24	static
../src/PR_USART.c:89:13:usart_handle_irq	24	static
../src/PR_USART.c:116:13:usart_set_baudRate	64	static
../src/PR_USART.c:167:6:usart_init_ctx	16	static
../src/PR_USART.c:189:6:usart_init	32	static
../src/PR_USART.c:301:19:usart_tx_data	16	static
../src/PR_USART.c:327:19:usart_rx_data	16	static
../src/PR_USART.c:347:9:usart_pop_RX	24	static
../src/PR_USART.c:374:6:usart_push_TX	16	static
../src/PR_USART.c:390:9:USART_pop_TX	24	static
../src/PR_USART.c:407:6:USART_push_RX	16	static
../src/PR_USART.c:426:6:usart_send_data	32	static
../src/PR_USART.c:441:6:usart_rx_register_callback	16	static
../src/PR_USART.c:462:6:usart_tx_register_callback	16	static
../src/PR_USART.c:478:13:dummy_callback	16	static
../src/PR_USART.c:486:6:UART0_IRQHandler	8	static
../src/PR_USART.c:494:6:UART1_IRQHandler	8	static
../src/PR_USART.c:502:6:UART2_IRQHandler	8	static
../src/PR_USART.c:522:6:UART3_irq	8	static
../src/PR_USART.c:530:6:UART4_irq	8	static
../src/PR_USART.c:535:6:usart_enable_irq	16	static
../src/PR_USART.c:555:6:usart_disable_irq	16	static
