../src/PR_USART.c:84:17:usart_calculate_brgval	24	static
../src/PR_USART.c:89:13:usart_handle_irq	24	static
../src/PR_USART.c:110:13:usart_set_baudRate	64	static
../src/PR_USART.c:162:6:usart_init_ctx	16	static
../src/PR_USART.c:184:6:usart_init	24	static
../src/PR_USART.c:294:19:usart_tx_data	16	static
../src/PR_USART.c:320:19:usart_rx_data	16	static
../src/PR_USART.c:340:9:usart_pop_RX	24	static
../src/PR_USART.c:367:6:usart_push_TX	16	static
../src/PR_USART.c:383:9:USART_pop_TX	24	static
../src/PR_USART.c:400:6:USART_push_RX	16	static
../src/PR_USART.c:419:6:usart_send_data	32	static
../src/PR_USART.c:434:6:usart_rx_register_callback	16	static
../src/PR_USART.c:455:6:usart_tx_register_callback	16	static
../src/PR_USART.c:471:13:dummy_callback	16	static
../src/PR_USART.c:479:6:UART0_IRQHandler	8	static
../src/PR_USART.c:487:6:UART1_IRQHandler	8	static
../src/PR_USART.c:495:6:UART2_IRQHandler	8	static
../src/PR_USART.c:515:6:UART3_irq	8	static
../src/PR_USART.c:523:6:UART4_irq	8	static
../src/PR_USART.c:528:6:usart_enable_irq	16	static
../src/PR_USART.c:548:6:usart_disable_irq	16	static
